16:35:26.912064 | PID  92253 | PPID  92249 | TID  92253 | centro_despacho | MainThread       | INICIO centro de despacho | método=fork | trabajadores=2 x 3 hilos | generadores=4 | solicitudes=24 | cola=semaforos(10) | vehículos=3 | modo=inseguro | espera=activa | sección=fina | ventana=0.0100 s | semilla=42 | log=logs/fase4/e1_antes_1.log
16:35:26.929209 | PID  92253 | PPID  92249 | TID  92253 | centro_despacho | MainThread       | CREADO trabajador-1 -> PID 92266
16:35:26.930498 | PID  92253 | PPID  92249 | TID  92253 | centro_despacho | MainThread       | CREADO trabajador-2 -> PID 92268
16:35:26.930653 | PID  92266 | PPID  92253 | TID  92266 | trabajador-1    | MainThread       | INICIO trabajador 1 con 3 hilos despachadores
16:35:26.932078 | PID  92268 | PPID  92253 | TID  92268 | trabajador-2    | MainThread       | INICIO trabajador 2 con 3 hilos despachadores
16:35:26.932291 | PID  92253 | PPID  92249 | TID  92253 | centro_despacho | MainThread       | SINCRONIZADO: 2 trabajadores listos
16:35:26.933598 | PID  92253 | PPID  92249 | TID  92277 | centro_despacho | generador-4      | RECIBIDA solicitud 19 (ráfaga 1) Ara: Tunja -> Garagoa | en cola ~0
16:35:26.933750 | PID  92253 | PPID  92249 | TID  92253 | centro_despacho | MainThread       | JERARQUÍA de procesos e hilos (leída de /proc):
16:35:26.935081 | PID  92253 | PPID  92249 | TID  92276 | centro_despacho | generador-3      | RECIBIDA solicitud 13 (ráfaga 1) Jumbo: Tunja -> Duitama | en cola ~1
16:35:26.935220 | PID  92253 | PPID  92249 | TID  92275 | centro_despacho | generador-2      | RECIBIDA solicitud 7 (ráfaga 1) Jumbo: Paipa -> Duitama | en cola ~1
16:35:26.935848 | PID  92253 | PPID  92249 | TID  92275 | centro_despacho | generador-2      | RECIBIDA solicitud 8 (ráfaga 1) Olímpica: Garagoa -> Villa de Leyva | en cola ~1
16:35:26.936035 | PID  92253 | PPID  92249 | TID  92275 | centro_despacho | generador-2      | RECIBIDA solicitud 9 (ráfaga 1) D1: Duitama -> Villa de Leyva | en cola ~1
16:35:26.935610 | PID  92253 | PPID  92249 | TID  92253 | centro_despacho | MainThread       |   PID     PPID    NOMBRE           ESTADO HILOS  RSS(kB)  
16:35:26.935735 | PID  92253 | PPID  92249 | TID  92276 | centro_despacho | generador-3      | RECIBIDA solicitud 14 (ráfaga 1) Alkosto: Garagoa -> Paipa | en cola ~1
16:35:26.936640 | PID  92253 | PPID  92249 | TID  92276 | centro_despacho | generador-3      | RECIBIDA solicitud 15 (ráfaga 1) D1: Garagoa -> Tunja | en cola ~3
16:35:26.935312 | PID  92253 | PPID  92249 | TID  92274 | centro_despacho | generador-1      | RÁFAGA 1: 4 generadores liberados simultáneamente
16:35:26.935428 | PID  92253 | PPID  92249 | TID  92277 | centro_despacho | generador-4      | RECIBIDA solicitud 20 (ráfaga 1) D1: Villa de Leyva -> Duitama | en cola ~1
16:35:26.937131 | PID  92253 | PPID  92249 | TID  92277 | centro_despacho | generador-4      | RECIBIDA solicitud 21 (ráfaga 1) Olímpica: Paipa -> Sogamoso | en cola ~6
16:35:26.936814 | PID  92253 | PPID  92249 | TID  92276 | centro_despacho | generador-3      | RECIBIDA solicitud 16 (ráfaga 1) Alkosto: Paipa -> Duitama | en cola ~4
16:35:26.937338 | PID  92253 | PPID  92249 | TID  92277 | centro_despacho | generador-4      | RECIBIDA solicitud 22 (ráfaga 1) Ara: Sogamoso -> Tunja | en cola ~7
16:35:26.937441 | PID  92253 | PPID  92249 | TID  92277 | centro_despacho | generador-4      | RECIBIDA solicitud 23 (ráfaga 1) Homecenter: Paipa -> Chiquinquirá | en cola ~8
16:35:26.937538 | PID  92253 | PPID  92249 | TID  92277 | centro_despacho | generador-4      | RECIBIDA solicitud 24 (ráfaga 1) Homecenter: Garagoa -> Sogamoso | en cola ~9
16:35:26.937710 | PID  92253 | PPID  92249 | TID  92277 | centro_despacho | generador-4      | FIN generador 4: generadas=6, bloqueos por cola llena=0 (0.000 s)
16:35:26.936519 | PID  92253 | PPID  92249 | TID  92253 | centro_despacho | MainThread       |   92253   92249   centro_despacho  R      5      23152    
16:35:26.936186 | PID  92253 | PPID  92249 | TID  92275 | centro_despacho | generador-2      | RECIBIDA solicitud 10 (ráfaga 1) Falabella: Villa de Leyva -> Moniquirá | en cola ~2
16:35:26.937970 | PID  92253 | PPID  92249 | TID  92275 | centro_despacho | generador-2      | PRODUCTOR BLOQUEADO: cola llena (10/10), solicitud 11 espera
16:35:26.936977 | PID  92253 | PPID  92249 | TID  92274 | centro_despacho | generador-1      | RECIBIDA solicitud 1 (ráfaga 1) Homecenter: Sogamoso -> Tunja | en cola ~5
16:35:26.938205 | PID  92253 | PPID  92249 | TID  92274 | centro_despacho | generador-1      | PRODUCTOR BLOQUEADO: cola llena (10/10), solicitud 2 espera
16:35:26.937626 | PID  92253 | PPID  92249 | TID  92276 | centro_despacho | generador-3      | RECIBIDA solicitud 17 (ráfaga 1) Homecenter: Duitama -> Garagoa | en cola ~10
16:35:26.938463 | PID  92253 | PPID  92249 | TID  92276 | centro_despacho | generador-3      | PRODUCTOR BLOQUEADO: cola llena (10/10), solicitud 18 espera
16:35:26.938652 | PID  92253 | PPID  92249 | TID  92253 | centro_despacho | MainThread       |       └ TID 92253   centro_despacho  R
16:35:26.938726 | PID  92253 | PPID  92249 | TID  92253 | centro_despacho | MainThread       |       └ TID 92274   generador-1      S
16:35:26.938785 | PID  92253 | PPID  92249 | TID  92253 | centro_despacho | MainThread       |       └ TID 92275   generador-2      S
16:35:26.938838 | PID  92253 | PPID  92249 | TID  92253 | centro_despacho | MainThread       |       └ TID 92276   generador-3      S
16:35:26.939005 | PID  92253 | PPID  92249 | TID  92253 | centro_despacho | MainThread       |   92266   92253   trabajador-1     S      4      19116    
16:35:26.939271 | PID  92253 | PPID  92249 | TID  92253 | centro_despacho | MainThread       |       └ TID 92266   trabajador-1     S
16:35:26.939358 | PID  92253 | PPID  92249 | TID  92253 | centro_despacho | MainThread       |       └ TID 92267   despachador-1-1  S
16:35:26.939431 | PID  92253 | PPID  92249 | TID  92253 | centro_despacho | MainThread       |       └ TID 92269   despachador-1-2  S
16:35:26.939501 | PID  92253 | PPID  92249 | TID  92253 | centro_despacho | MainThread       |       └ TID 92270   despachador-1-3  S
16:35:26.939714 | PID  92253 | PPID  92249 | TID  92253 | centro_despacho | MainThread       |   92268   92253   trabajador-2     S      4      19180    
16:35:26.940047 | PID  92253 | PPID  92249 | TID  92253 | centro_despacho | MainThread       |       └ TID 92268   trabajador-2     S
16:35:26.940132 | PID  92253 | PPID  92249 | TID  92253 | centro_despacho | MainThread       |       └ TID 92271   despachador-2-1  S
16:35:26.940204 | PID  92253 | PPID  92249 | TID  92253 | centro_despacho | MainThread       |       └ TID 92272   despachador-2-2  S
16:35:26.940272 | PID  92253 | PPID  92249 | TID  92253 | centro_despacho | MainThread       |       └ TID 92273   despachador-2-3  S
16:35:26.943902 | PID  92266 | PPID  92253 | TID  92267 | trabajador-1    | despachador-1-1  | ASIGNADO vehículo V1 a la solicitud 19 | libres ~2/3
16:35:26.944052 | PID  92266 | PPID  92253 | TID  92267 | trabajador-1    | despachador-1-1  | DESPACHO solicitud 19 en V1 (Ara: Tunja -> Garagoa) | esperó en cola 0 ms, por vehículo 10 ms
16:35:26.945243 | PID  92266 | PPID  92253 | TID  92269 | trabajador-1    | despachador-1-2  | ASIGNADO vehículo V3 a la solicitud 13 | libres ~1/3
16:35:26.945329 | PID  92266 | PPID  92253 | TID  92269 | trabajador-1    | despachador-1-2  | DESPACHO solicitud 13 en V3 (Jumbo: Tunja -> Duitama) | esperó en cola 0 ms, por vehículo 10 ms
16:35:26.945447 | PID  92266 | PPID  92253 | TID  92270 | trabajador-1    | despachador-1-3  | DOBLE ASIGNACIÓN: vehículo V1 asignado a la solicitud 7 mientras lo usa la solicitud 19 (PID 92266, TID 92267) [mismo proceso]
16:35:26.945563 | PID  92266 | PPID  92253 | TID  92270 | trabajador-1    | despachador-1-3  | DESPACHO solicitud 7 en V1 (Jumbo: Paipa -> Duitama) | esperó en cola 0 ms, por vehículo 10 ms
16:35:26.945704 | PID  92268 | PPID  92253 | TID  92271 | trabajador-2    | despachador-2-1  | DOBLE ASIGNACIÓN: vehículo V1 asignado a la solicitud 20 mientras lo usa la solicitud 7 (PID 92266, TID 92270) [entre procesos]
16:35:26.945807 | PID  92268 | PPID  92253 | TID  92271 | trabajador-2    | despachador-2-1  | DESPACHO solicitud 20 en V1 (D1: Villa de Leyva -> Duitama) | esperó en cola 0 ms, por vehículo 10 ms
16:35:26.945928 | PID  92268 | PPID  92253 | TID  92272 | trabajador-2    | despachador-2-2  | DOBLE ASIGNACIÓN: vehículo V1 asignado a la solicitud 14 mientras lo usa la solicitud 20 (PID 92268, TID 92271) [mismo proceso]
16:35:26.946025 | PID  92268 | PPID  92253 | TID  92272 | trabajador-2    | despachador-2-2  | DESPACHO solicitud 14 en V1 (Alkosto: Garagoa -> Paipa) | esperó en cola 0 ms, por vehículo 10 ms
16:35:26.946115 | PID  92268 | PPID  92253 | TID  92273 | trabajador-2    | despachador-2-3  | DOBLE ASIGNACIÓN: vehículo V3 asignado a la solicitud 8 mientras lo usa la solicitud 13 (PID 92266, TID 92269) [entre procesos]
16:35:26.946244 | PID  92268 | PPID  92253 | TID  92273 | trabajador-2    | despachador-2-3  | DESPACHO solicitud 8 en V3 (Olímpica: Garagoa -> Villa de Leyva) | esperó en cola 0 ms, por vehículo 10 ms
16:35:27.105728 | PID  92266 | PPID  92253 | TID  92269 | trabajador-1    | despachador-1-2  | EN RUTA solicitud 13 en V3
16:35:27.157408 | PID  92268 | PPID  92253 | TID  92272 | trabajador-2    | despachador-2-2  | EN RUTA solicitud 14 en V1
16:35:27.170325 | PID  92266 | PPID  92253 | TID  92267 | trabajador-1    | despachador-1-1  | EN RUTA solicitud 19 en V1
16:35:27.172097 | PID  92268 | PPID  92253 | TID  92271 | trabajador-2    | despachador-2-1  | EN RUTA solicitud 20 en V1
16:35:27.172794 | PID  92266 | PPID  92253 | TID  92270 | trabajador-1    | despachador-1-3  | EN RUTA solicitud 7 en V1
16:35:27.233583 | PID  92268 | PPID  92253 | TID  92273 | trabajador-2    | despachador-2-3  | EN RUTA solicitud 8 en V3
16:35:27.390432 | PID  92266 | PPID  92253 | TID  92269 | trabajador-1    | despachador-1-2  | REGISTRO INCONSISTENTE: al liberar V3 el registro indicaba la solicitud 8, no la solicitud 13
16:35:27.390884 | PID  92266 | PPID  92253 | TID  92269 | trabajador-1    | despachador-1-2  | ENTREGADA solicitud 13 | V3 liberado | servicio 456 ms
16:35:27.394070 | PID  92253 | PPID  92249 | TID  92275 | centro_despacho | generador-2      | PRODUCTOR DESBLOQUEADO tras 456 ms
16:35:27.394697 | PID  92253 | PPID  92249 | TID  92275 | centro_despacho | generador-2      | RECIBIDA solicitud 11 (ráfaga 1) D1: Paipa -> Moniquirá | en cola ~10
16:35:27.395098 | PID  92253 | PPID  92249 | TID  92275 | centro_despacho | generador-2      | PRODUCTOR BLOQUEADO: cola llena (10/10), solicitud 12 espera
16:35:27.403732 | PID  92266 | PPID  92253 | TID  92269 | trabajador-1    | despachador-1-2  | ASIGNADO vehículo V2 a la solicitud 9 | libres ~1/3
16:35:27.404277 | PID  92266 | PPID  92253 | TID  92269 | trabajador-1    | despachador-1-2  | DESPACHO solicitud 9 en V2 (D1: Duitama -> Villa de Leyva) | esperó en cola 457 ms, por vehículo 11 ms
16:35:27.433168 | PID  92266 | PPID  92253 | TID  92267 | trabajador-1    | despachador-1-1  | REGISTRO INCONSISTENTE: al liberar V1 el registro indicaba la solicitud 14, no la solicitud 19
16:35:27.433786 | PID  92266 | PPID  92253 | TID  92267 | trabajador-1    | despachador-1-1  | ENTREGADA solicitud 19 | V1 liberado | servicio 500 ms
16:35:27.434721 | PID  92253 | PPID  92249 | TID  92274 | centro_despacho | generador-1      | PRODUCTOR DESBLOQUEADO tras 496 ms
16:35:27.435834 | PID  92253 | PPID  92249 | TID  92274 | centro_despacho | generador-1      | RECIBIDA solicitud 2 (ráfaga 1) Jumbo: Chiquinquirá -> Paipa | en cola ~10
16:35:27.436371 | PID  92253 | PPID  92249 | TID  92274 | centro_despacho | generador-1      | PRODUCTOR BLOQUEADO: cola llena (10/10), solicitud 3 espera
16:35:27.436288 | PID  92268 | PPID  92253 | TID  92273 | trabajador-2    | despachador-2-3  | REGISTRO INCONSISTENTE: al liberar V3 el registro indicaba 'libre', no la solicitud 8
16:35:27.436893 | PID  92268 | PPID  92253 | TID  92273 | trabajador-2    | despachador-2-3  | ENTREGADA solicitud 8 | V3 liberado | servicio 501 ms
16:35:27.438767 | PID  92253 | PPID  92249 | TID  92276 | centro_despacho | generador-3      | PRODUCTOR DESBLOQUEADO tras 500 ms
16:35:27.439359 | PID  92253 | PPID  92249 | TID  92276 | centro_despacho | generador-3      | RECIBIDA solicitud 18 (ráfaga 1) Olímpica: Tunja -> Moniquirá | en cola ~10
16:35:27.440061 | PID  92253 | PPID  92249 | TID  92276 | centro_despacho | generador-3      | FIN generador 3: generadas=6, bloqueos por cola llena=1 (0.500 s)
16:35:27.444847 | PID  92266 | PPID  92253 | TID  92267 | trabajador-1    | despachador-1-1  | ASIGNADO vehículo V3 a la solicitud 10 | libres ~1/3
16:35:27.445434 | PID  92266 | PPID  92253 | TID  92267 | trabajador-1    | despachador-1-1  | DESPACHO solicitud 10 en V3 (Falabella: Villa de Leyva -> Moniquirá) | esperó en cola 498 ms, por vehículo 11 ms
16:35:27.448893 | PID  92268 | PPID  92253 | TID  92273 | trabajador-2    | despachador-2-3  | DOBLE ASIGNACIÓN: vehículo V3 asignado a la solicitud 15 mientras lo usa la solicitud 10 (PID 92266, TID 92267) [entre procesos]
16:35:27.449648 | PID  92268 | PPID  92253 | TID  92273 | trabajador-2    | despachador-2-3  | DESPACHO solicitud 15 en V3 (D1: Garagoa -> Tunja) | esperó en cola 502 ms, por vehículo 11 ms
16:35:27.518147 | PID  92266 | PPID  92253 | TID  92269 | trabajador-1    | despachador-1-2  | EN RUTA solicitud 9 en V2
16:35:27.549820 | PID  92268 | PPID  92253 | TID  92271 | trabajador-2    | despachador-2-1  | REGISTRO INCONSISTENTE: al liberar V1 el registro indicaba 'libre', no la solicitud 20
16:35:27.550433 | PID  92268 | PPID  92253 | TID  92271 | trabajador-2    | despachador-2-1  | ENTREGADA solicitud 20 | V1 liberado | servicio 615 ms
16:35:27.552385 | PID  92253 | PPID  92249 | TID  92275 | centro_despacho | generador-2      | PRODUCTOR DESBLOQUEADO tras 157 ms
16:35:27.553056 | PID  92253 | PPID  92249 | TID  92275 | centro_despacho | generador-2      | RECIBIDA solicitud 12 (ráfaga 1) Éxito: Tunja -> Paipa | en cola ~10
16:35:27.553635 | PID  92253 | PPID  92249 | TID  92275 | centro_despacho | generador-2      | FIN generador 2: generadas=6, bloqueos por cola llena=2 (0.613 s)
16:35:27.562140 | PID  92268 | PPID  92253 | TID  92271 | trabajador-2    | despachador-2-1  | DOBLE ASIGNACIÓN: vehículo V1 asignado a la solicitud 16 mientras lo usa la solicitud 14 (PID 92268, TID 92272) [mismo proceso]
16:35:27.562923 | PID  92268 | PPID  92253 | TID  92271 | trabajador-2    | despachador-2-1  | DESPACHO solicitud 16 en V1 (Alkosto: Paipa -> Duitama) | esperó en cola 615 ms, por vehículo 11 ms
16:35:27.563327 | PID  92266 | PPID  92253 | TID  92267 | trabajador-1    | despachador-1-1  | EN RUTA solicitud 10 en V3
16:35:27.569319 | PID  92268 | PPID  92253 | TID  92272 | trabajador-2    | despachador-2-2  | REGISTRO INCONSISTENTE: al liberar V1 el registro indicaba la solicitud 16, no la solicitud 14
16:35:27.570024 | PID  92268 | PPID  92253 | TID  92272 | trabajador-2    | despachador-2-2  | ENTREGADA solicitud 14 | V1 liberado | servicio 634 ms
16:35:27.572097 | PID  92253 | PPID  92249 | TID  92274 | centro_despacho | generador-1      | PRODUCTOR DESBLOQUEADO tras 135 ms
16:35:27.572711 | PID  92253 | PPID  92249 | TID  92274 | centro_despacho | generador-1      | RECIBIDA solicitud 3 (ráfaga 1) Homecenter: Tunja -> Moniquirá | en cola ~10
16:35:27.573212 | PID  92253 | PPID  92249 | TID  92274 | centro_despacho | generador-1      | PRODUCTOR BLOQUEADO: cola llena (10/10), solicitud 4 espera
16:35:27.582032 | PID  92268 | PPID  92253 | TID  92272 | trabajador-2    | despachador-2-2  | DOBLE ASIGNACIÓN: vehículo V1 asignado a la solicitud 1 mientras lo usa la solicitud 16 (PID 92268, TID 92271) [mismo proceso]
16:35:27.582761 | PID  92268 | PPID  92253 | TID  92272 | trabajador-2    | despachador-2-2  | DESPACHO solicitud 1 en V1 (Homecenter: Sogamoso -> Tunja) | esperó en cola 635 ms, por vehículo 11 ms
16:35:27.600513 | PID  92266 | PPID  92253 | TID  92270 | trabajador-1    | despachador-1-3  | REGISTRO INCONSISTENTE: al liberar V1 el registro indicaba la solicitud 1, no la solicitud 7
16:35:27.601111 | PID  92266 | PPID  92253 | TID  92270 | trabajador-1    | despachador-1-3  | ENTREGADA solicitud 7 | V1 liberado | servicio 666 ms
16:35:27.602690 | PID  92253 | PPID  92249 | TID  92274 | centro_despacho | generador-1      | PRODUCTOR DESBLOQUEADO tras 29 ms
16:35:27.603114 | PID  92253 | PPID  92249 | TID  92274 | centro_despacho | generador-1      | RECIBIDA solicitud 4 (ráfaga 1) D1: Moniquirá -> Sogamoso | en cola ~10
16:35:27.603484 | PID  92253 | PPID  92249 | TID  92274 | centro_despacho | generador-1      | PRODUCTOR BLOQUEADO: cola llena (10/10), solicitud 5 espera
16:35:27.612563 | PID  92266 | PPID  92253 | TID  92270 | trabajador-1    | despachador-1-3  | DOBLE ASIGNACIÓN: vehículo V1 asignado a la solicitud 21 mientras lo usa la solicitud 1 (PID 92268, TID 92272) [entre procesos]
16:35:27.613104 | PID  92266 | PPID  92253 | TID  92270 | trabajador-1    | despachador-1-3  | DESPACHO solicitud 21 en V1 (Olímpica: Paipa -> Sogamoso) | esperó en cola 665 ms, por vehículo 11 ms
16:35:27.725472 | PID  92268 | PPID  92253 | TID  92273 | trabajador-2    | despachador-2-3  | EN RUTA solicitud 15 en V3
16:35:27.746688 | PID  92268 | PPID  92253 | TID  92271 | trabajador-2    | despachador-2-1  | EN RUTA solicitud 16 en V1
16:35:27.747014 | PID  92266 | PPID  92253 | TID  92269 | trabajador-1    | despachador-1-2  | ENTREGADA solicitud 9 | V2 liberado | servicio 354 ms
16:35:27.748700 | PID  92253 | PPID  92249 | TID  92274 | centro_despacho | generador-1      | PRODUCTOR DESBLOQUEADO tras 145 ms
16:35:27.749905 | PID  92253 | PPID  92249 | TID  92274 | centro_despacho | generador-1      | RECIBIDA solicitud 5 (ráfaga 1) Éxito: Tunja -> Sogamoso | en cola ~10
16:35:27.750325 | PID  92253 | PPID  92249 | TID  92274 | centro_despacho | generador-1      | PRODUCTOR BLOQUEADO: cola llena (10/10), solicitud 6 espera
16:35:27.758413 | PID  92266 | PPID  92253 | TID  92269 | trabajador-1    | despachador-1-2  | ASIGNADO vehículo V2 a la solicitud 22 | libres ~0/3
16:35:27.758872 | PID  92266 | PPID  92253 | TID  92269 | trabajador-1    | despachador-1-2  | DESPACHO solicitud 22 en V2 (Ara: Sogamoso -> Tunja) | esperó en cola 811 ms, por vehículo 11 ms
16:35:27.805374 | PID  92268 | PPID  92253 | TID  92272 | trabajador-2    | despachador-2-2  | EN RUTA solicitud 1 en V1
16:35:27.902738 | PID  92266 | PPID  92253 | TID  92270 | trabajador-1    | despachador-1-3  | EN RUTA solicitud 21 en V1
16:35:27.966242 | PID  92266 | PPID  92253 | TID  92267 | trabajador-1    | despachador-1-1  | REGISTRO INCONSISTENTE: al liberar V3 el registro indicaba la solicitud 15, no la solicitud 10
16:35:27.966828 | PID  92266 | PPID  92253 | TID  92267 | trabajador-1    | despachador-1-1  | ENTREGADA solicitud 10 | V3 liberado | servicio 532 ms
16:35:27.967945 | PID  92253 | PPID  92249 | TID  92274 | centro_despacho | generador-1      | PRODUCTOR DESBLOQUEADO tras 217 ms
16:35:27.968422 | PID  92253 | PPID  92249 | TID  92274 | centro_despacho | generador-1      | RECIBIDA solicitud 6 (ráfaga 1) Homecenter: Duitama -> Villa de Leyva | en cola ~10
16:35:27.968950 | PID  92253 | PPID  92249 | TID  92274 | centro_despacho | generador-1      | FIN generador 1: generadas=6, bloqueos por cola llena=5 (1.023 s)
16:35:27.977928 | PID  92266 | PPID  92253 | TID  92267 | trabajador-1    | despachador-1-1  | DOBLE ASIGNACIÓN: vehículo V3 asignado a la solicitud 23 mientras lo usa la solicitud 15 (PID 92268, TID 92273) [entre procesos]
16:35:27.978343 | PID  92266 | PPID  92253 | TID  92267 | trabajador-1    | despachador-1-1  | DESPACHO solicitud 23 en V3 (Homecenter: Paipa -> Chiquinquirá) | esperó en cola 1030 ms, por vehículo 11 ms
16:35:27.997367 | PID  92266 | PPID  92253 | TID  92269 | trabajador-1    | despachador-1-2  | EN RUTA solicitud 22 en V2
16:35:28.027450 | PID  92268 | PPID  92253 | TID  92273 | trabajador-2    | despachador-2-3  | REGISTRO INCONSISTENTE: al liberar V3 el registro indicaba la solicitud 23, no la solicitud 15
16:35:28.028007 | PID  92268 | PPID  92253 | TID  92273 | trabajador-2    | despachador-2-3  | ENTREGADA solicitud 15 | V3 liberado | servicio 589 ms
16:35:28.029316 | PID  92253 | PPID  92249 | TID  92253 | centro_despacho | MainThread       | GENERACIÓN terminada: se envían 6 centinelas (uno por hilo despachador)
16:35:28.039299 | PID  92268 | PPID  92253 | TID  92273 | trabajador-2    | despachador-2-3  | DOBLE ASIGNACIÓN: vehículo V3 asignado a la solicitud 24 mientras lo usa la solicitud 23 (PID 92266, TID 92267) [entre procesos]
16:35:28.039967 | PID  92268 | PPID  92253 | TID  92273 | trabajador-2    | despachador-2-3  | DESPACHO solicitud 24 en V3 (Homecenter: Garagoa -> Sogamoso) | esperó en cola 1092 ms, por vehículo 11 ms
16:35:28.129208 | PID  92268 | PPID  92253 | TID  92271 | trabajador-2    | despachador-2-1  | REGISTRO INCONSISTENTE: al liberar V1 el registro indicaba la solicitud 21, no la solicitud 16
16:35:28.129984 | PID  92268 | PPID  92253 | TID  92271 | trabajador-2    | despachador-2-1  | ENTREGADA solicitud 16 | V1 liberado | servicio 578 ms
16:35:28.141419 | PID  92268 | PPID  92253 | TID  92271 | trabajador-2    | despachador-2-1  | DOBLE ASIGNACIÓN: vehículo V1 asignado a la solicitud 17 mientras lo usa la solicitud 21 (PID 92266, TID 92270) [entre procesos]
16:35:28.142068 | PID  92268 | PPID  92253 | TID  92271 | trabajador-2    | despachador-2-1  | DESPACHO solicitud 17 en V1 (Homecenter: Duitama -> Garagoa) | esperó en cola 1194 ms, por vehículo 11 ms
16:35:28.250466 | PID  92266 | PPID  92253 | TID  92270 | trabajador-1    | despachador-1-3  | REGISTRO INCONSISTENTE: al liberar V1 el registro indicaba la solicitud 17, no la solicitud 21
16:35:28.251056 | PID  92266 | PPID  92253 | TID  92270 | trabajador-1    | despachador-1-3  | ENTREGADA solicitud 21 | V1 liberado | servicio 649 ms
16:35:28.252008 | PID  92266 | PPID  92253 | TID  92269 | trabajador-1    | despachador-1-2  | ENTREGADA solicitud 22 | V2 liberado | servicio 504 ms
16:35:28.262891 | PID  92266 | PPID  92253 | TID  92270 | trabajador-1    | despachador-1-3  | ASIGNADO vehículo V2 a la solicitud 11 | libres ~1/3
16:35:28.263463 | PID  92266 | PPID  92253 | TID  92270 | trabajador-1    | despachador-1-3  | DESPACHO solicitud 11 en V2 (D1: Paipa -> Moniquirá) | esperó en cola 1315 ms, por vehículo 11 ms
16:35:28.264229 | PID  92266 | PPID  92253 | TID  92269 | trabajador-1    | despachador-1-2  | DOBLE ASIGNACIÓN: vehículo V1 asignado a la solicitud 2 mientras lo usa la solicitud 17 (PID 92268, TID 92271) [entre procesos]
16:35:28.264677 | PID  92266 | PPID  92253 | TID  92269 | trabajador-1    | despachador-1-2  | DESPACHO solicitud 2 en V1 (Jumbo: Chiquinquirá -> Paipa) | esperó en cola 1315 ms, por vehículo 12 ms
16:35:28.271086 | PID  92268 | PPID  92253 | TID  92272 | trabajador-2    | despachador-2-2  | REGISTRO INCONSISTENTE: al liberar V1 el registro indicaba la solicitud 2, no la solicitud 1
16:35:28.271602 | PID  92268 | PPID  92253 | TID  92272 | trabajador-2    | despachador-2-2  | ENTREGADA solicitud 1 | V1 liberado | servicio 700 ms
16:35:28.271891 | PID  92266 | PPID  92253 | TID  92267 | trabajador-1    | despachador-1-1  | EN RUTA solicitud 23 en V3
16:35:28.282572 | PID  92268 | PPID  92253 | TID  92272 | trabajador-2    | despachador-2-2  | DOBLE ASIGNACIÓN: vehículo V1 asignado a la solicitud 18 mientras lo usa la solicitud 2 (PID 92266, TID 92269) [entre procesos]
16:35:28.283086 | PID  92268 | PPID  92253 | TID  92272 | trabajador-2    | despachador-2-2  | DESPACHO solicitud 18 en V1 (Olímpica: Tunja -> Moniquirá) | esperó en cola 1334 ms, por vehículo 11 ms
16:35:28.330524 | PID  92268 | PPID  92253 | TID  92273 | trabajador-2    | despachador-2-3  | EN RUTA solicitud 24 en V3
16:35:28.409653 | PID  92268 | PPID  92253 | TID  92272 | trabajador-2    | despachador-2-2  | EN RUTA solicitud 18 en V1
16:35:28.427798 | PID  92268 | PPID  92253 | TID  92271 | trabajador-2    | despachador-2-1  | EN RUTA solicitud 17 en V1
16:35:28.447142 | PID  92266 | PPID  92253 | TID  92269 | trabajador-1    | despachador-1-2  | EN RUTA solicitud 2 en V1
16:35:28.532307 | PID  92266 | PPID  92253 | TID  92270 | trabajador-1    | despachador-1-3  | EN RUTA solicitud 11 en V2
16:35:28.532532 | PID  92268 | PPID  92253 | TID  92273 | trabajador-2    | despachador-2-3  | ENTREGADA solicitud 24 | V3 liberado | servicio 503 ms
16:35:28.544163 | PID  92268 | PPID  92253 | TID  92273 | trabajador-2    | despachador-2-3  | DOBLE ASIGNACIÓN: vehículo V3 asignado a la solicitud 12 mientras lo usa la solicitud 24 (PID 92268, TID 92273) [mismo proceso]
16:35:28.544694 | PID  92268 | PPID  92253 | TID  92273 | trabajador-2    | despachador-2-3  | DESPACHO solicitud 12 en V3 (Éxito: Tunja -> Paipa) | esperó en cola 1139 ms, por vehículo 11 ms
16:35:28.655585 | PID  92266 | PPID  92253 | TID  92269 | trabajador-1    | despachador-1-2  | REGISTRO INCONSISTENTE: al liberar V1 el registro indicaba la solicitud 18, no la solicitud 2
16:35:28.656068 | PID  92266 | PPID  92253 | TID  92269 | trabajador-1    | despachador-1-2  | ENTREGADA solicitud 2 | V1 liberado | servicio 403 ms
16:35:28.667273 | PID  92266 | PPID  92253 | TID  92269 | trabajador-1    | despachador-1-2  | DOBLE ASIGNACIÓN: vehículo V1 asignado a la solicitud 3 mientras lo usa la solicitud 18 (PID 92268, TID 92272) [entre procesos]
16:35:28.667910 | PID  92266 | PPID  92253 | TID  92269 | trabajador-1    | despachador-1-2  | DESPACHO solicitud 3 en V1 (Homecenter: Tunja -> Moniquirá) | esperó en cola 1221 ms, por vehículo 11 ms
16:35:28.780035 | PID  92268 | PPID  92253 | TID  92272 | trabajador-2    | despachador-2-2  | REGISTRO INCONSISTENTE: al liberar V1 el registro indicaba la solicitud 3, no la solicitud 18
16:35:28.780298 | PID  92268 | PPID  92253 | TID  92272 | trabajador-2    | despachador-2-2  | ENTREGADA solicitud 18 | V1 liberado | servicio 508 ms
16:35:28.790928 | PID  92268 | PPID  92253 | TID  92272 | trabajador-2    | despachador-2-2  | DOBLE ASIGNACIÓN: vehículo V1 asignado a la solicitud 4 mientras lo usa la solicitud 3 (PID 92266, TID 92269) [entre procesos]
16:35:28.791256 | PID  92268 | PPID  92253 | TID  92272 | trabajador-2    | despachador-2-2  | DESPACHO solicitud 4 en V1 (D1: Moniquirá -> Sogamoso) | esperó en cola 1208 ms, por vehículo 10 ms
16:35:28.793679 | PID  92266 | PPID  92253 | TID  92267 | trabajador-1    | despachador-1-1  | REGISTRO INCONSISTENTE: al liberar V3 el registro indicaba la solicitud 12, no la solicitud 23
16:35:28.793916 | PID  92266 | PPID  92253 | TID  92267 | trabajador-1    | despachador-1-1  | ENTREGADA solicitud 23 | V3 liberado | servicio 826 ms
16:35:28.800257 | PID  92268 | PPID  92253 | TID  92273 | trabajador-2    | despachador-2-3  | EN RUTA solicitud 12 en V3
16:35:28.804605 | PID  92266 | PPID  92253 | TID  92267 | trabajador-1    | despachador-1-1  | DOBLE ASIGNACIÓN: vehículo V3 asignado a la solicitud 5 mientras lo usa la solicitud 12 (PID 92268, TID 92273) [entre procesos]
16:35:28.804914 | PID  92266 | PPID  92253 | TID  92267 | trabajador-1    | despachador-1-1  | DESPACHO solicitud 5 en V3 (Éxito: Tunja -> Sogamoso) | esperó en cola 1191 ms, por vehículo 11 ms
16:35:28.890801 | PID  92266 | PPID  92253 | TID  92269 | trabajador-1    | despachador-1-2  | EN RUTA solicitud 3 en V1
16:35:28.931288 | PID  92266 | PPID  92253 | TID  92270 | trabajador-1    | despachador-1-3  | ENTREGADA solicitud 11 | V2 liberado | servicio 679 ms
16:35:28.942715 | PID  92266 | PPID  92253 | TID  92270 | trabajador-1    | despachador-1-3  | ASIGNADO vehículo V2 a la solicitud 6 | libres ~0/3
16:35:28.943212 | PID  92266 | PPID  92253 | TID  92270 | trabajador-1    | despachador-1-3  | DESPACHO solicitud 6 en V2 (Homecenter: Duitama -> Villa de Leyva) | esperó en cola 1182 ms, por vehículo 11 ms
16:35:28.946718 | PID  92268 | PPID  92253 | TID  92272 | trabajador-2    | despachador-2-2  | EN RUTA solicitud 4 en V1
16:35:28.958210 | PID  92268 | PPID  92253 | TID  92271 | trabajador-2    | despachador-2-1  | REGISTRO INCONSISTENTE: al liberar V1 el registro indicaba la solicitud 4, no la solicitud 17
16:35:28.958678 | PID  92268 | PPID  92253 | TID  92271 | trabajador-2    | despachador-2-1  | ENTREGADA solicitud 17 | V1 liberado | servicio 828 ms
16:35:28.959426 | PID  92268 | PPID  92253 | TID  92271 | trabajador-2    | despachador-2-1  | CENTINELA recibido: el hilo termina
16:35:29.017392 | PID  92266 | PPID  92253 | TID  92267 | trabajador-1    | despachador-1-1  | EN RUTA solicitud 5 en V3
16:35:29.166856 | PID  92266 | PPID  92253 | TID  92270 | trabajador-1    | despachador-1-3  | EN RUTA solicitud 6 en V2
16:35:29.246322 | PID  92268 | PPID  92253 | TID  92272 | trabajador-2    | despachador-2-2  | REGISTRO INCONSISTENTE: al liberar V1 el registro indicaba 'libre', no la solicitud 4
16:35:29.246675 | PID  92268 | PPID  92253 | TID  92272 | trabajador-2    | despachador-2-2  | ENTREGADA solicitud 4 | V1 liberado | servicio 466 ms
16:35:29.247037 | PID  92268 | PPID  92253 | TID  92272 | trabajador-2    | despachador-2-2  | CENTINELA recibido: el hilo termina
16:35:29.277640 | PID  92268 | PPID  92253 | TID  92273 | trabajador-2    | despachador-2-3  | REGISTRO INCONSISTENTE: al liberar V3 el registro indicaba la solicitud 5, no la solicitud 12
16:35:29.277900 | PID  92268 | PPID  92253 | TID  92273 | trabajador-2    | despachador-2-3  | ENTREGADA solicitud 12 | V3 liberado | servicio 744 ms
16:35:29.278108 | PID  92268 | PPID  92253 | TID  92273 | trabajador-2    | despachador-2-3  | CENTINELA recibido: el hilo termina
16:35:29.336669 | PID  92268 | PPID  92253 | TID  92268 | trabajador-2    | MainThread       | FIN trabajador 2 | atendidas por hilo: despachador-2-1=3, despachador-2-2=4, despachador-2-3=4
16:35:29.349281 | PID  92266 | PPID  92253 | TID  92267 | trabajador-1    | despachador-1-1  | REGISTRO INCONSISTENTE: al liberar V3 el registro indicaba 'libre', no la solicitud 5
16:35:29.350396 | PID  92266 | PPID  92253 | TID  92267 | trabajador-1    | despachador-1-1  | ENTREGADA solicitud 5 | V3 liberado | servicio 556 ms
16:35:29.350795 | PID  92266 | PPID  92253 | TID  92267 | trabajador-1    | despachador-1-1  | CENTINELA recibido: el hilo termina
16:35:29.351738 | PID  92253 | PPID  92249 | TID  92253 | centro_despacho | MainThread       | TERMINÓ trabajador-2 (PID 92268): exit(0)
16:35:29.425420 | PID  92266 | PPID  92253 | TID  92270 | trabajador-1    | despachador-1-3  | ENTREGADA solicitud 6 | V2 liberado | servicio 493 ms
16:35:29.425785 | PID  92266 | PPID  92253 | TID  92270 | trabajador-1    | despachador-1-3  | CENTINELA recibido: el hilo termina
16:35:29.458978 | PID  92266 | PPID  92253 | TID  92269 | trabajador-1    | despachador-1-2  | REGISTRO INCONSISTENTE: al liberar V1 el registro indicaba 'libre', no la solicitud 3
16:35:29.459182 | PID  92266 | PPID  92253 | TID  92269 | trabajador-1    | despachador-1-2  | ENTREGADA solicitud 3 | V1 liberado | servicio 802 ms
16:35:29.459314 | PID  92266 | PPID  92253 | TID  92269 | trabajador-1    | despachador-1-2  | CENTINELA recibido: el hilo termina
16:35:29.535863 | PID  92266 | PPID  92253 | TID  92266 | trabajador-1    | MainThread       | FIN trabajador 1 | atendidas por hilo: despachador-1-1=4, despachador-1-2=5, despachador-1-3=4
16:35:29.660357 | PID  92253 | PPID  92249 | TID  92253 | centro_despacho | MainThread       | TERMINÓ trabajador-1 (PID 92266): exit(0)
16:35:29.711520 | PID  92253 | PPID  92249 | TID  92253 | centro_despacho | MainThread       | RESUMEN de terminación:
16:35:29.712372 | PID  92253 | PPID  92249 | TID  92253 | centro_despacho | MainThread       |   trabajador-1   PID 92266   exit(0)
16:35:29.712964 | PID  92253 | PPID  92249 | TID  92253 | centro_despacho | MainThread       |   trabajador-2   PID 92268   exit(0)
16:35:29.713405 | PID  92253 | PPID  92249 | TID  92253 | centro_despacho | MainThread       | VERIFICACIÓN: procesos hijos que siguen en /proc: ninguno (sin zombis ni huérfanos)
16:35:29.713935 | PID  92253 | PPID  92249 | TID  92253 | centro_despacho | MainThread       | ESTADÍSTICAS:
16:35:29.714160 | PID  92253 | PPID  92249 | TID  92253 | centro_despacho | MainThread       |   solicitudes: generadas=24 entregadas=24 canceladas=0 no atendidas=0
16:35:29.714494 | PID  92253 | PPID  92249 | TID  92253 | centro_despacho | MainThread       |   productores: bloqueos por cola llena=8, tiempo bloqueados=2.136 s
16:35:29.714907 | PID  92253 | PPID  92249 | TID  92253 | centro_despacho | MainThread       |   espera en cola (ms): mín=0 prom=725 máx=1334
16:35:29.715191 | PID  92253 | PPID  92249 | TID  92253 | centro_despacho | MainThread       |   servicio con vehículo (s): prom=0.576 | trabajo total (suma)=13.83 s
16:35:29.715417 | PID  92253 | PPID  92249 | TID  92253 | centro_despacho | MainThread       |   tiempo total=2.53 s | rendimiento=9.50 solicitudes/s | concurrencia efectiva (trabajo/tiempo)=5.47
16:35:29.715795 | PID  92253 | PPID  92249 | TID  92253 | centro_despacho | MainThread       |   hilos ocupados a la vez: máx=6 (capacidad = 2 trabajadores x 3 hilos = 6)
16:35:29.716330 | PID  92253 | PPID  92249 | TID  92253 | centro_despacho | MainThread       |   reparto por trabajador: trabajador-1=13, trabajador-2=11
16:35:29.716662 | PID  92253 | PPID  92249 | TID  92253 | centro_despacho | MainThread       |   reparto por hilo: despachador-1-1=4, despachador-1-2=5, despachador-1-3=4, despachador-2-1=3, despachador-2-2=4, despachador-2-3=4
16:35:29.716949 | PID  92253 | PPID  92249 | TID  92253 | centro_despacho | MainThread       |   CPU: principal=0.17 s, trabajadores=0.09 s | tiempo real=2.78 s | uso medio de CPU de los trabajadores=3.2 %
16:35:29.717183 | PID  92253 | PPID  92249 | TID  92253 | centro_despacho | MainThread       |   cambios de contexto trabajadores: voluntarios=232, involuntarios=25
16:35:29.717469 | PID  92253 | PPID  92249 | TID  92253 | centro_despacho | MainThread       |   FLOTA: 3 vehículos | modo=inseguro | espera=activa | sección=fina | asignaciones=24 | reparto: V1=12, V2=4, V3=8
16:35:29.717955 | PID  92253 | PPID  92249 | TID  92253 | centro_despacho | MainThread       |   entregas con vehículo a la vez: máx=6 con 3 vehículos (¡más entregas que vehículos!)
16:35:29.718356 | PID  92253 | PPID  92249 | TID  92253 | centro_despacho | MainThread       |   espera por vehículo (ms): prom=11 máx=12 | reintentos de búsqueda (espera activa)=0
16:35:29.719136 | PID  92253 | PPID  92249 | TID  92253 | centro_despacho | MainThread       |   DOBLES ASIGNACIONES: sonda en vivo=17 | auditoría: asignaciones sobre un vehículo ocupado=17, pares solapados=28 (entre procesos=21, entre hilos del mismo proceso=7)
16:35:29.719491 | PID  92253 | PPID  92249 | TID  92253 | centro_despacho | MainThread       |     V1: solicitud 19 [despachador-1-1] y solicitud 7 [despachador-1-3] lo usaron a la vez durante 487 ms
16:35:29.719889 | PID  92253 | PPID  92249 | TID  92253 | centro_despacho | MainThread       |     V1: solicitud 19 [despachador-1-1] y solicitud 20 [despachador-2-1] lo usaron a la vez durante 487 ms
16:35:29.720294 | PID  92253 | PPID  92249 | TID  92253 | centro_despacho | MainThread       |     V1: solicitud 7 [despachador-1-3] y solicitud 20 [despachador-2-1] lo usaron a la vez durante 604 ms
16:35:29.720680 | PID  92253 | PPID  92249 | TID  92253 | centro_despacho | MainThread       |     V1: solicitud 19 [despachador-1-1] y solicitud 14 [despachador-2-2] lo usaron a la vez durante 487 ms
16:35:29.721005 | PID  92253 | PPID  92249 | TID  92253 | centro_despacho | MainThread       |     V1: solicitud 7 [despachador-1-3] y solicitud 14 [despachador-2-2] lo usaron a la vez durante 623 ms
16:35:29.721302 | PID  92253 | PPID  92249 | TID  92253 | centro_despacho | MainThread       |   REGISTROS INCONSISTENTES al liberar (actualizaciones perdidas)=19
16:35:29.721645 | PID  92253 | PPID  92249 | TID  92253 | centro_despacho | MainThread       |   estado final de la flota: libres=3/3
16:35:29.721976 | PID  92253 | PPID  92249 | TID  92253 | centro_despacho | MainThread       | FIN centro de despacho (con fallos)
