15:48:36.499182 | PID  63763 | PPID  63617 | TID  63763 | centro_despacho | MainThread       | INICIO centro de despacho | método=fork | trabajadores=3 x 2 hilos | generadores=2 | solicitudes=continuo | cola=mp(10) | semilla=42 | log=evidencias/fase2/h3/mp_2.log
15:48:36.510562 | PID  63763 | PPID  63617 | TID  63763 | centro_despacho | MainThread       | CREADO trabajador-1 -> PID 63765
15:48:36.511751 | PID  63763 | PPID  63617 | TID  63763 | centro_despacho | MainThread       | CREADO trabajador-2 -> PID 63766
15:48:36.511976 | PID  63765 | PPID  63763 | TID  63765 | trabajador-1    | MainThread       | INICIO trabajador 1 con 2 hilos despachadores
15:48:36.513251 | PID  63766 | PPID  63763 | TID  63766 | trabajador-2    | MainThread       | INICIO trabajador 2 con 2 hilos despachadores
15:48:36.513171 | PID  63763 | PPID  63617 | TID  63763 | centro_despacho | MainThread       | CREADO trabajador-3 -> PID 63769
15:48:36.514422 | PID  63769 | PPID  63763 | TID  63769 | trabajador-3    | MainThread       | INICIO trabajador 3 con 2 hilos despachadores
15:48:36.514639 | PID  63763 | PPID  63617 | TID  63763 | centro_despacho | MainThread       | SINCRONIZADO: 3 trabajadores listos
15:48:36.516034 | PID  63763 | PPID  63617 | TID  63774 | centro_despacho | generador-1      | RÁFAGA 1: 2 generadores liberados simultáneamente
15:48:36.516166 | PID  63763 | PPID  63617 | TID  63763 | centro_despacho | MainThread       | JERARQUÍA de procesos e hilos (leída de /proc):
15:48:36.516248 | PID  63763 | PPID  63617 | TID  63763 | centro_despacho | MainThread       |   PID     PPID    NOMBRE           ESTADO HILOS  RSS(kB)  
15:48:36.516349 | PID  63763 | PPID  63617 | TID  63775 | centro_despacho | generador-2      | RECIBIDA solicitud 2000000 (ráfaga 1) Jumbo: Paipa -> Duitama | en cola ~2
15:48:36.516808 | PID  63765 | PPID  63763 | TID  63767 | trabajador-1    | despachador-1-1  | DESPACHO solicitud 2000000 (Jumbo: Paipa -> Duitama) | esperó en cola 1 ms
15:48:36.516685 | PID  63763 | PPID  63617 | TID  63774 | centro_despacho | generador-1      | RECIBIDA solicitud 1000000 (ráfaga 1) Homecenter: Sogamoso -> Tunja | en cola ~2
15:48:36.517021 | PID  63765 | PPID  63763 | TID  63768 | trabajador-1    | despachador-1-2  | DESPACHO solicitud 1000000 (Homecenter: Sogamoso -> Tunja) | esperó en cola 1 ms
15:48:36.517169 | PID  63763 | PPID  63617 | TID  63763 | centro_despacho | MainThread       |   63763   63617   centro_despacho  R      4      23024    
15:48:36.517442 | PID  63763 | PPID  63617 | TID  63763 | centro_despacho | MainThread       |       └ TID 63763   centro_despacho  R
15:48:36.517512 | PID  63763 | PPID  63617 | TID  63763 | centro_despacho | MainThread       |       └ TID 63774   generador-1      S
15:48:36.517586 | PID  63763 | PPID  63617 | TID  63763 | centro_despacho | MainThread       |       └ TID 63775   generador-2      S
15:48:36.517640 | PID  63763 | PPID  63617 | TID  63763 | centro_despacho | MainThread       |       └ TID 63776   QueueFeederThre  S
15:48:36.517796 | PID  63763 | PPID  63617 | TID  63763 | centro_despacho | MainThread       |   63765   63763   trabajador-1     S      3      19116    
15:48:36.518008 | PID  63763 | PPID  63617 | TID  63763 | centro_despacho | MainThread       |       └ TID 63765   trabajador-1     S
15:48:36.518068 | PID  63763 | PPID  63617 | TID  63763 | centro_despacho | MainThread       |       └ TID 63767   despachador-1-1  S
15:48:36.518131 | PID  63763 | PPID  63617 | TID  63763 | centro_despacho | MainThread       |       └ TID 63768   despachador-1-2  S
15:48:36.518282 | PID  63763 | PPID  63617 | TID  63763 | centro_despacho | MainThread       |   63766   63763   trabajador-2     S      3      18828    
15:48:36.518470 | PID  63763 | PPID  63617 | TID  63763 | centro_despacho | MainThread       |       └ TID 63766   trabajador-2     S
15:48:36.518526 | PID  63763 | PPID  63617 | TID  63763 | centro_despacho | MainThread       |       └ TID 63770   despachador-2-1  S
15:48:36.518594 | PID  63763 | PPID  63617 | TID  63763 | centro_despacho | MainThread       |       └ TID 63771   despachador-2-2  S
15:48:36.518746 | PID  63763 | PPID  63617 | TID  63763 | centro_despacho | MainThread       |   63769   63763   trabajador-3     S      3      18772    
15:48:36.518947 | PID  63763 | PPID  63617 | TID  63763 | centro_despacho | MainThread       |       └ TID 63769   trabajador-3     S
15:48:36.519006 | PID  63763 | PPID  63617 | TID  63763 | centro_despacho | MainThread       |       └ TID 63772   despachador-3-1  S
15:48:36.519060 | PID  63763 | PPID  63617 | TID  63763 | centro_despacho | MainThread       |       └ TID 63773   despachador-3-2  S
15:48:36.555314 | PID  63765 | PPID  63763 | TID  63768 | trabajador-1    | despachador-1-2  | EN RUTA solicitud 1000000
15:48:36.556618 | PID  63765 | PPID  63763 | TID  63767 | trabajador-1    | despachador-1-1  | EN RUTA solicitud 2000000
15:48:36.634963 | PID  63765 | PPID  63763 | TID  63767 | trabajador-1    | despachador-1-1  | ENTREGADA solicitud 2000000 | servicio 118 ms
15:48:36.639924 | PID  63765 | PPID  63763 | TID  63768 | trabajador-1    | despachador-1-2  | ENTREGADA solicitud 1000000 | servicio 123 ms
15:48:37.013664 | PID  63766 | PPID  63763 | TID  63771 | trabajador-2    | despachador-2-2  | CONSUMIDOR ESPERANDO: cola vacía
15:48:37.014630 | PID  63769 | PPID  63763 | TID  63772 | trabajador-3    | despachador-3-1  | CONSUMIDOR ESPERANDO: cola vacía
15:48:37.014792 | PID  63766 | PPID  63763 | TID  63770 | trabajador-2    | despachador-2-1  | CONSUMIDOR ESPERANDO: cola vacía
15:48:37.017477 | PID  63769 | PPID  63763 | TID  63773 | trabajador-3    | despachador-3-2  | CONSUMIDOR ESPERANDO: cola vacía
15:48:37.137310 | PID  63765 | PPID  63763 | TID  63767 | trabajador-1    | despachador-1-1  | CONSUMIDOR ESPERANDO: cola vacía
15:48:37.141331 | PID  63765 | PPID  63763 | TID  63768 | trabajador-1    | despachador-1-2  | CONSUMIDOR ESPERANDO: cola vacía
15:48:38.017320 | PID  63763 | PPID  63617 | TID  63774 | centro_despacho | generador-1      | RECIBIDA solicitud 1000001 (ráfaga 2) Jumbo: Chiquinquirá -> Paipa | en cola ~1
15:48:38.018778 | PID  63763 | PPID  63617 | TID  63775 | centro_despacho | generador-2      | RÁFAGA 2: 2 generadores liberados simultáneamente
15:48:38.018948 | PID  63766 | PPID  63763 | TID  63771 | trabajador-2    | despachador-2-2  | DESPACHO solicitud 1000001 (Jumbo: Chiquinquirá -> Paipa) | esperó en cola 2 ms
15:48:38.019240 | PID  63763 | PPID  63617 | TID  63775 | centro_despacho | generador-2      | RECIBIDA solicitud 2000001 (ráfaga 2) Olímpica: Garagoa -> Villa de Leyva | en cola ~1
15:48:38.020146 | PID  63765 | PPID  63763 | TID  63767 | trabajador-1    | despachador-1-1  | DESPACHO solicitud 2000001 (Olímpica: Garagoa -> Villa de Leyva) | esperó en cola 1 ms
15:48:38.051776 | PID  63766 | PPID  63763 | TID  63771 | trabajador-2    | despachador-2-2  | EN RUTA solicitud 1000001
15:48:38.069047 | PID  63765 | PPID  63763 | TID  63767 | trabajador-1    | despachador-1-1  | EN RUTA solicitud 2000001
15:48:38.105863 | PID  63766 | PPID  63763 | TID  63771 | trabajador-2    | despachador-2-2  | ENTREGADA solicitud 1000001 | servicio 87 ms
15:48:38.119980 | PID  63765 | PPID  63763 | TID  63767 | trabajador-1    | despachador-1-1  | ENTREGADA solicitud 2000001 | servicio 100 ms
15:48:38.607666 | PID  63766 | PPID  63763 | TID  63771 | trabajador-2    | despachador-2-2  | CONSUMIDOR ESPERANDO: cola vacía
15:48:38.620739 | PID  63765 | PPID  63763 | TID  63767 | trabajador-1    | despachador-1-1  | CONSUMIDOR ESPERANDO: cola vacía
15:48:38.722956 | PID  63763 | PPID  63617 | TID  63763 | centro_despacho | MainThread       | CAÍDO trabajador-2 (PID 63766): terminado por señal SIGKILL
15:48:39.520245 | PID  63763 | PPID  63617 | TID  63775 | centro_despacho | generador-2      | RECIBIDA solicitud 2000002 (ráfaga 3) D1: Duitama -> Villa de Leyva | en cola ~1
15:48:39.521368 | PID  63763 | PPID  63617 | TID  63774 | centro_despacho | generador-1      | RÁFAGA 3: 2 generadores liberados simultáneamente
15:48:39.521612 | PID  63769 | PPID  63763 | TID  63772 | trabajador-3    | despachador-3-1  | DESPACHO solicitud 2000002 (D1: Duitama -> Villa de Leyva) | esperó en cola 1 ms
15:48:39.521905 | PID  63763 | PPID  63617 | TID  63774 | centro_despacho | generador-1      | RECIBIDA solicitud 1000002 (ráfaga 3) Homecenter: Tunja -> Moniquirá | en cola ~1
15:48:39.522749 | PID  63765 | PPID  63763 | TID  63768 | trabajador-1    | despachador-1-2  | DESPACHO solicitud 1000002 (Homecenter: Tunja -> Moniquirá) | esperó en cola 1 ms
15:48:39.544284 | PID  63769 | PPID  63763 | TID  63772 | trabajador-3    | despachador-3-1  | EN RUTA solicitud 2000002
15:48:39.561345 | PID  63765 | PPID  63763 | TID  63768 | trabajador-1    | despachador-1-2  | EN RUTA solicitud 1000002
15:48:39.598364 | PID  63769 | PPID  63763 | TID  63772 | trabajador-3    | despachador-3-1  | ENTREGADA solicitud 2000002 | servicio 77 ms
15:48:39.658131 | PID  63765 | PPID  63763 | TID  63768 | trabajador-1    | despachador-1-2  | ENTREGADA solicitud 1000002 | servicio 135 ms
15:48:40.099881 | PID  63769 | PPID  63763 | TID  63772 | trabajador-3    | despachador-3-1  | CONSUMIDOR ESPERANDO: cola vacía
15:48:40.158936 | PID  63765 | PPID  63763 | TID  63768 | trabajador-1    | despachador-1-2  | CONSUMIDOR ESPERANDO: cola vacía
15:48:41.022875 | PID  63763 | PPID  63617 | TID  63774 | centro_despacho | generador-1      | RECIBIDA solicitud 1000003 (ráfaga 4) D1: Moniquirá -> Sogamoso | en cola ~1
15:48:41.024124 | PID  63769 | PPID  63763 | TID  63773 | trabajador-3    | despachador-3-2  | DESPACHO solicitud 1000003 (D1: Moniquirá -> Sogamoso) | esperó en cola 1 ms
15:48:41.024227 | PID  63763 | PPID  63617 | TID  63775 | centro_despacho | generador-2      | RÁFAGA 4: 2 generadores liberados simultáneamente
15:48:41.024793 | PID  63763 | PPID  63617 | TID  63775 | centro_despacho | generador-2      | RECIBIDA solicitud 2000003 (ráfaga 4) Falabella: Villa de Leyva -> Moniquirá | en cola ~1
15:48:41.025769 | PID  63765 | PPID  63763 | TID  63767 | trabajador-1    | despachador-1-1  | DESPACHO solicitud 2000003 (Falabella: Villa de Leyva -> Moniquirá) | esperó en cola 1 ms
15:48:41.048560 | PID  63765 | PPID  63763 | TID  63767 | trabajador-1    | despachador-1-1  | EN RUTA solicitud 2000003
15:48:41.052864 | PID  63769 | PPID  63763 | TID  63773 | trabajador-3    | despachador-3-2  | EN RUTA solicitud 1000003
15:48:41.115726 | PID  63769 | PPID  63763 | TID  63773 | trabajador-3    | despachador-3-2  | ENTREGADA solicitud 1000003 | servicio 92 ms
15:48:41.124234 | PID  63765 | PPID  63763 | TID  63767 | trabajador-1    | despachador-1-1  | ENTREGADA solicitud 2000003 | servicio 98 ms
15:48:41.616601 | PID  63769 | PPID  63763 | TID  63773 | trabajador-3    | despachador-3-2  | CONSUMIDOR ESPERANDO: cola vacía
15:48:41.625190 | PID  63765 | PPID  63763 | TID  63767 | trabajador-1    | despachador-1-1  | CONSUMIDOR ESPERANDO: cola vacía
15:48:42.525917 | PID  63763 | PPID  63617 | TID  63775 | centro_despacho | generador-2      | RECIBIDA solicitud 2000004 (ráfaga 5) D1: Paipa -> Moniquirá | en cola ~1
15:48:42.526908 | PID  63765 | PPID  63763 | TID  63768 | trabajador-1    | despachador-1-2  | DESPACHO solicitud 2000004 (D1: Paipa -> Moniquirá) | esperó en cola 1 ms
15:48:42.526692 | PID  63763 | PPID  63617 | TID  63774 | centro_despacho | generador-1      | RÁFAGA 5: 2 generadores liberados simultáneamente
15:48:42.527457 | PID  63763 | PPID  63617 | TID  63774 | centro_despacho | generador-1      | RECIBIDA solicitud 1000004 (ráfaga 5) Éxito: Tunja -> Sogamoso | en cola ~1
15:48:42.528315 | PID  63769 | PPID  63763 | TID  63773 | trabajador-3    | despachador-3-2  | DESPACHO solicitud 1000004 (Éxito: Tunja -> Sogamoso) | esperó en cola 1 ms
15:48:42.565989 | PID  63769 | PPID  63763 | TID  63773 | trabajador-3    | despachador-3-2  | EN RUTA solicitud 1000004
15:48:42.572599 | PID  63765 | PPID  63763 | TID  63768 | trabajador-1    | despachador-1-2  | EN RUTA solicitud 2000004
15:48:42.632733 | PID  63769 | PPID  63763 | TID  63773 | trabajador-3    | despachador-3-2  | ENTREGADA solicitud 1000004 | servicio 104 ms
15:48:42.648624 | PID  63765 | PPID  63763 | TID  63768 | trabajador-1    | despachador-1-2  | ENTREGADA solicitud 2000004 | servicio 122 ms
15:48:42.851126 | PID  63763 | PPID  63617 | TID  63763 | centro_despacho | MainThread       | SEÑAL SIGINT recibida: se detiene la generación y se cancelan las solicitudes en cola
15:48:42.927570 | PID  63763 | PPID  63617 | TID  63775 | centro_despacho | generador-2      | FIN generador 2: generadas=5, bloqueos por cola llena=0 (0.000 s)
15:48:42.928447 | PID  63763 | PPID  63617 | TID  63774 | centro_despacho | generador-1      | FIN generador 1: generadas=5, bloqueos por cola llena=0 (0.000 s)
15:48:43.225246 | PID  63765 | PPID  63763 | TID  63765 | trabajador-1    | MainThread       | FIN trabajador 1 | atendidas por hilo: despachador-1-1=3, despachador-1-2=3
15:48:43.228893 | PID  63769 | PPID  63763 | TID  63769 | trabajador-3    | MainThread       | FIN trabajador 3 | atendidas por hilo: despachador-3-1=1, despachador-3-2=2
15:48:43.253278 | PID  63763 | PPID  63617 | TID  63763 | centro_despacho | MainThread       | TERMINÓ trabajador-1 (PID 63765): exit(0)
15:48:43.254018 | PID  63763 | PPID  63617 | TID  63763 | centro_despacho | MainThread       | TERMINÓ trabajador-3 (PID 63769): exit(0)
15:48:43.304932 | PID  63763 | PPID  63617 | TID  63763 | centro_despacho | MainThread       | RESUMEN de terminación:
15:48:43.305451 | PID  63763 | PPID  63617 | TID  63763 | centro_despacho | MainThread       |   trabajador-1   PID 63765   exit(0)
15:48:43.305912 | PID  63763 | PPID  63617 | TID  63763 | centro_despacho | MainThread       |   trabajador-2   PID 63766   terminado por señal SIGKILL
15:48:43.306327 | PID  63763 | PPID  63617 | TID  63763 | centro_despacho | MainThread       |   trabajador-3   PID 63769   exit(0)
15:48:43.307002 | PID  63763 | PPID  63617 | TID  63763 | centro_despacho | MainThread       | VERIFICACIÓN: procesos hijos que siguen en /proc: ninguno (sin zombis ni huérfanos)
15:48:43.307530 | PID  63763 | PPID  63617 | TID  63763 | centro_despacho | MainThread       | ESTADÍSTICAS:
15:48:43.308052 | PID  63763 | PPID  63617 | TID  63763 | centro_despacho | MainThread       |   solicitudes: generadas=10 entregadas=10 canceladas=0 no atendidas=0
15:48:43.308611 | PID  63763 | PPID  63617 | TID  63763 | centro_despacho | MainThread       |   productores: bloqueos por cola llena=0, tiempo bloqueados=0.000 s
15:48:43.309158 | PID  63763 | PPID  63617 | TID  63763 | centro_despacho | MainThread       |   espera en cola (ms): mín=1 prom=1 máx=2
15:48:43.309531 | PID  63763 | PPID  63617 | TID  63763 | centro_despacho | MainThread       |   servicio (s): prom=0.106 | trabajo total (suma)=1.06 s
15:48:43.310046 | PID  63763 | PPID  63617 | TID  63763 | centro_despacho | MainThread       |   tiempo total=6.13 s | rendimiento=1.63 solicitudes/s | concurrencia efectiva (trabajo/tiempo)=0.17
15:48:43.310588 | PID  63763 | PPID  63617 | TID  63763 | centro_despacho | MainThread       |   concurrencia máxima observada=2 (capacidad = 3 trabajadores x 2 hilos = 6)
15:48:43.311412 | PID  63763 | PPID  63617 | TID  63763 | centro_despacho | MainThread       |   reparto por trabajador: trabajador-1=6, trabajador-2=1, trabajador-3=3
15:48:43.311923 | PID  63763 | PPID  63617 | TID  63763 | centro_despacho | MainThread       |   reparto por hilo: despachador-1-1=3, despachador-1-2=3, despachador-2-2=1, despachador-3-1=1, despachador-3-2=2
15:48:43.312373 | PID  63763 | PPID  63617 | TID  63763 | centro_despacho | MainThread       |   CPU: principal=0.13 s, trabajadores=0.08 s | tiempo real=6.80 s | uso medio de CPU de los trabajadores=1.1 %
15:48:43.312785 | PID  63763 | PPID  63617 | TID  63763 | centro_despacho | MainThread       |   cambios de contexto trabajadores: voluntarios=324, involuntarios=8
15:48:43.313052 | PID  63763 | PPID  63617 | TID  63763 | centro_despacho | MainThread       | FIN centro de despacho (con fallos)
