15:48:57.482757 | PID  63975 | PPID  63617 | TID  63975 | centro_despacho | MainThread       | INICIO centro de despacho | método=fork | trabajadores=3 x 2 hilos | generadores=2 | solicitudes=continuo | cola=mp(10) | semilla=42 | log=evidencias/fase2/h3/mp_5.log
15:48:57.494057 | PID  63975 | PPID  63617 | TID  63975 | centro_despacho | MainThread       | CREADO trabajador-1 -> PID 63977
15:48:57.495246 | PID  63975 | PPID  63617 | TID  63975 | centro_despacho | MainThread       | CREADO trabajador-2 -> PID 63978
15:48:57.495480 | PID  63977 | PPID  63975 | TID  63977 | trabajador-1    | MainThread       | INICIO trabajador 1 con 2 hilos despachadores
15:48:57.496765 | PID  63978 | PPID  63975 | TID  63978 | trabajador-2    | MainThread       | INICIO trabajador 2 con 2 hilos despachadores
15:48:57.496668 | PID  63975 | PPID  63617 | TID  63975 | centro_despacho | MainThread       | CREADO trabajador-3 -> PID 63981
15:48:57.497962 | PID  63981 | PPID  63975 | TID  63981 | trabajador-3    | MainThread       | INICIO trabajador 3 con 2 hilos despachadores
15:48:57.498165 | PID  63975 | PPID  63617 | TID  63975 | centro_despacho | MainThread       | SINCRONIZADO: 3 trabajadores listos
15:48:57.499531 | PID  63975 | PPID  63617 | TID  63986 | centro_despacho | generador-1      | RÁFAGA 1: 2 generadores liberados simultáneamente
15:48:57.499762 | PID  63975 | PPID  63617 | TID  63987 | centro_despacho | generador-2      | RECIBIDA solicitud 2000000 (ráfaga 1) Jumbo: Paipa -> Duitama | en cola ~2
15:48:57.499653 | PID  63975 | PPID  63617 | TID  63975 | centro_despacho | MainThread       | JERARQUÍA de procesos e hilos (leída de /proc):
15:48:57.500226 | PID  63975 | PPID  63617 | TID  63975 | centro_despacho | MainThread       |   PID     PPID    NOMBRE           ESTADO HILOS  RSS(kB)  
15:48:57.500198 | PID  63977 | PPID  63975 | TID  63979 | trabajador-1    | despachador-1-1  | DESPACHO solicitud 2000000 (Jumbo: Paipa -> Duitama) | esperó en cola 1 ms
15:48:57.500038 | PID  63975 | PPID  63617 | TID  63986 | centro_despacho | generador-1      | RECIBIDA solicitud 1000000 (ráfaga 1) Homecenter: Sogamoso -> Tunja | en cola ~2
15:48:57.500422 | PID  63977 | PPID  63975 | TID  63980 | trabajador-1    | despachador-1-2  | DESPACHO solicitud 1000000 (Homecenter: Sogamoso -> Tunja) | esperó en cola 1 ms
15:48:57.500615 | PID  63975 | PPID  63617 | TID  63975 | centro_despacho | MainThread       |   63975   63617   centro_despacho  R      4      23076    
15:48:57.500890 | PID  63975 | PPID  63617 | TID  63975 | centro_despacho | MainThread       |       └ TID 63975   centro_despacho  R
15:48:57.500960 | PID  63975 | PPID  63617 | TID  63975 | centro_despacho | MainThread       |       └ TID 63986   generador-1      S
15:48:57.501014 | PID  63975 | PPID  63617 | TID  63975 | centro_despacho | MainThread       |       └ TID 63987   generador-2      S
15:48:57.501065 | PID  63975 | PPID  63617 | TID  63975 | centro_despacho | MainThread       |       └ TID 63988   QueueFeederThre  S
15:48:57.501211 | PID  63975 | PPID  63617 | TID  63975 | centro_despacho | MainThread       |   63977   63975   trabajador-1     S      3      19132    
15:48:57.501419 | PID  63975 | PPID  63617 | TID  63975 | centro_despacho | MainThread       |       └ TID 63977   trabajador-1     S
15:48:57.501475 | PID  63975 | PPID  63617 | TID  63975 | centro_despacho | MainThread       |       └ TID 63979   despachador-1-1  S
15:48:57.501525 | PID  63975 | PPID  63617 | TID  63975 | centro_despacho | MainThread       |       └ TID 63980   despachador-1-2  S
15:48:57.501674 | PID  63975 | PPID  63617 | TID  63975 | centro_despacho | MainThread       |   63978   63975   trabajador-2     S      3      18832    
15:48:57.501864 | PID  63975 | PPID  63617 | TID  63975 | centro_despacho | MainThread       |       └ TID 63978   trabajador-2     S
15:48:57.501921 | PID  63975 | PPID  63617 | TID  63975 | centro_despacho | MainThread       |       └ TID 63982   despachador-2-1  S
15:48:57.501973 | PID  63975 | PPID  63617 | TID  63975 | centro_despacho | MainThread       |       └ TID 63983   despachador-2-2  S
15:48:57.502140 | PID  63975 | PPID  63617 | TID  63975 | centro_despacho | MainThread       |   63981   63975   trabajador-3     S      3      18776    
15:48:57.502336 | PID  63975 | PPID  63617 | TID  63975 | centro_despacho | MainThread       |       └ TID 63981   trabajador-3     S
15:48:57.502393 | PID  63975 | PPID  63617 | TID  63975 | centro_despacho | MainThread       |       └ TID 63984   despachador-3-1  S
15:48:57.502443 | PID  63975 | PPID  63617 | TID  63975 | centro_despacho | MainThread       |       └ TID 63985   despachador-3-2  S
15:48:57.538712 | PID  63977 | PPID  63975 | TID  63980 | trabajador-1    | despachador-1-2  | EN RUTA solicitud 1000000
15:48:57.539945 | PID  63977 | PPID  63975 | TID  63979 | trabajador-1    | despachador-1-1  | EN RUTA solicitud 2000000
15:48:57.618287 | PID  63977 | PPID  63975 | TID  63979 | trabajador-1    | despachador-1-1  | ENTREGADA solicitud 2000000 | servicio 118 ms
15:48:57.623296 | PID  63977 | PPID  63975 | TID  63980 | trabajador-1    | despachador-1-2  | ENTREGADA solicitud 1000000 | servicio 123 ms
15:48:57.997068 | PID  63978 | PPID  63975 | TID  63983 | trabajador-2    | despachador-2-2  | CONSUMIDOR ESPERANDO: cola vacía
15:48:57.997864 | PID  63978 | PPID  63975 | TID  63982 | trabajador-2    | despachador-2-1  | CONSUMIDOR ESPERANDO: cola vacía
15:48:57.998353 | PID  63981 | PPID  63975 | TID  63984 | trabajador-3    | despachador-3-1  | CONSUMIDOR ESPERANDO: cola vacía
15:48:58.000954 | PID  63981 | PPID  63975 | TID  63985 | trabajador-3    | despachador-3-2  | CONSUMIDOR ESPERANDO: cola vacía
15:48:58.120775 | PID  63977 | PPID  63975 | TID  63979 | trabajador-1    | despachador-1-1  | CONSUMIDOR ESPERANDO: cola vacía
15:48:58.124841 | PID  63977 | PPID  63975 | TID  63980 | trabajador-1    | despachador-1-2  | CONSUMIDOR ESPERANDO: cola vacía
15:48:59.000791 | PID  63975 | PPID  63617 | TID  63986 | centro_despacho | generador-1      | RECIBIDA solicitud 1000001 (ráfaga 2) Jumbo: Chiquinquirá -> Paipa | en cola ~1
15:48:59.001412 | PID  63975 | PPID  63617 | TID  63987 | centro_despacho | generador-2      | RÁFAGA 2: 2 generadores liberados simultáneamente
15:48:59.002144 | PID  63975 | PPID  63617 | TID  63987 | centro_despacho | generador-2      | RECIBIDA solicitud 2000001 (ráfaga 2) Olímpica: Garagoa -> Villa de Leyva | en cola ~2
15:48:59.002775 | PID  63981 | PPID  63975 | TID  63984 | trabajador-3    | despachador-3-1  | DESPACHO solicitud 1000001 (Jumbo: Chiquinquirá -> Paipa) | esperó en cola 2 ms
15:48:59.003074 | PID  63977 | PPID  63975 | TID  63979 | trabajador-1    | despachador-1-1  | DESPACHO solicitud 2000001 (Olímpica: Garagoa -> Villa de Leyva) | esperó en cola 1 ms
15:48:59.035505 | PID  63981 | PPID  63975 | TID  63984 | trabajador-3    | despachador-3-1  | EN RUTA solicitud 1000001
15:48:59.051887 | PID  63977 | PPID  63975 | TID  63979 | trabajador-1    | despachador-1-1  | EN RUTA solicitud 2000001
15:48:59.087874 | PID  63981 | PPID  63975 | TID  63984 | trabajador-3    | despachador-3-1  | ENTREGADA solicitud 1000001 | servicio 85 ms
15:48:59.102683 | PID  63977 | PPID  63975 | TID  63979 | trabajador-1    | despachador-1-1  | ENTREGADA solicitud 2000001 | servicio 100 ms
15:48:59.589698 | PID  63981 | PPID  63975 | TID  63984 | trabajador-3    | despachador-3-1  | CONSUMIDOR ESPERANDO: cola vacía
15:48:59.603415 | PID  63977 | PPID  63975 | TID  63979 | trabajador-1    | despachador-1-1  | CONSUMIDOR ESPERANDO: cola vacía
15:48:59.705566 | PID  63975 | PPID  63617 | TID  63975 | centro_despacho | MainThread       | CAÍDO trabajador-2 (PID 63978): terminado por señal SIGKILL
15:49:00.503300 | PID  63975 | PPID  63617 | TID  63987 | centro_despacho | generador-2      | RECIBIDA solicitud 2000002 (ráfaga 3) D1: Duitama -> Villa de Leyva | en cola ~1
15:49:00.504450 | PID  63975 | PPID  63617 | TID  63986 | centro_despacho | generador-1      | RÁFAGA 3: 2 generadores liberados simultáneamente
15:49:00.505026 | PID  63975 | PPID  63617 | TID  63986 | centro_despacho | generador-1      | RECIBIDA solicitud 1000002 (ráfaga 3) Homecenter: Tunja -> Moniquirá | en cola ~2
15:49:02.005903 | PID  63975 | PPID  63617 | TID  63986 | centro_despacho | generador-1      | RECIBIDA solicitud 1000003 (ráfaga 4) D1: Moniquirá -> Sogamoso | en cola ~3
15:49:02.006885 | PID  63975 | PPID  63617 | TID  63987 | centro_despacho | generador-2      | RÁFAGA 4: 2 generadores liberados simultáneamente
15:49:02.007302 | PID  63975 | PPID  63617 | TID  63987 | centro_despacho | generador-2      | RECIBIDA solicitud 2000003 (ráfaga 4) Falabella: Villa de Leyva -> Moniquirá | en cola ~4
15:49:03.508244 | PID  63975 | PPID  63617 | TID  63987 | centro_despacho | generador-2      | RECIBIDA solicitud 2000004 (ráfaga 5) D1: Paipa -> Moniquirá | en cola ~5
15:49:03.509439 | PID  63975 | PPID  63617 | TID  63986 | centro_despacho | generador-1      | RÁFAGA 5: 2 generadores liberados simultáneamente
15:49:03.510150 | PID  63975 | PPID  63617 | TID  63986 | centro_despacho | generador-1      | RECIBIDA solicitud 1000004 (ráfaga 5) Éxito: Tunja -> Sogamoso | en cola ~6
15:49:03.714244 | PID  63975 | PPID  63617 | TID  63975 | centro_despacho | MainThread       | SEÑAL SIGINT recibida: se detiene la generación y se cancelan las solicitudes en cola
15:49:03.909705 | PID  63975 | PPID  63617 | TID  63987 | centro_despacho | generador-2      | FIN generador 2: generadas=5, bloqueos por cola llena=0 (0.000 s)
15:49:03.911216 | PID  63975 | PPID  63617 | TID  63986 | centro_despacho | generador-1      | FIN generador 1: generadas=5, bloqueos por cola llena=0 (0.000 s)
15:49:04.110726 | PID  63981 | PPID  63975 | TID  63981 | trabajador-3    | MainThread       | FIN trabajador 3 | atendidas por hilo: despachador-3-1=1, despachador-3-2=0
15:49:04.115403 | PID  63975 | PPID  63617 | TID  63975 | centro_despacho | MainThread       | TERMINÓ trabajador-3 (PID 63981): exit(0)
15:49:04.209032 | PID  63977 | PPID  63975 | TID  63977 | trabajador-1    | MainThread       | FIN trabajador 1 | atendidas por hilo: despachador-1-1=2, despachador-1-2=1
15:49:04.316169 | PID  63975 | PPID  63617 | TID  63975 | centro_despacho | MainThread       | TERMINÓ trabajador-1 (PID 63977): exit(0)
15:49:04.367158 | PID  63975 | PPID  63617 | TID  63975 | centro_despacho | MainThread       | RESUMEN de terminación:
15:49:04.367715 | PID  63975 | PPID  63617 | TID  63975 | centro_despacho | MainThread       |   trabajador-1   PID 63977   exit(0)
15:49:04.368118 | PID  63975 | PPID  63617 | TID  63975 | centro_despacho | MainThread       |   trabajador-2   PID 63978   terminado por señal SIGKILL
15:49:04.368372 | PID  63975 | PPID  63617 | TID  63975 | centro_despacho | MainThread       |   trabajador-3   PID 63981   exit(0)
15:49:04.368789 | PID  63975 | PPID  63617 | TID  63975 | centro_despacho | MainThread       | VERIFICACIÓN: procesos hijos que siguen en /proc: ninguno (sin zombis ni huérfanos)
15:49:04.369100 | PID  63975 | PPID  63617 | TID  63975 | centro_despacho | MainThread       | ESTADÍSTICAS:
15:49:04.369400 | PID  63975 | PPID  63617 | TID  63975 | centro_despacho | MainThread       |   solicitudes: generadas=10 entregadas=4 canceladas=0 no atendidas=6
15:49:04.369684 | PID  63975 | PPID  63617 | TID  63975 | centro_despacho | MainThread       |   productores: bloqueos por cola llena=0, tiempo bloqueados=0.000 s
15:49:04.370025 | PID  63975 | PPID  63617 | TID  63975 | centro_despacho | MainThread       |   espera en cola (ms): mín=1 prom=1 máx=2
15:49:04.370344 | PID  63975 | PPID  63617 | TID  63975 | centro_despacho | MainThread       |   servicio (s): prom=0.106 | trabajo total (suma)=0.43 s
15:49:04.370653 | PID  63975 | PPID  63617 | TID  63975 | centro_despacho | MainThread       |   tiempo total=1.60 s | rendimiento=2.49 solicitudes/s | concurrencia efectiva (trabajo/tiempo)=0.27
15:49:04.371011 | PID  63975 | PPID  63617 | TID  63975 | centro_despacho | MainThread       |   concurrencia máxima observada=2 (capacidad = 3 trabajadores x 2 hilos = 6)
15:49:04.371631 | PID  63975 | PPID  63617 | TID  63975 | centro_despacho | MainThread       |   reparto por trabajador: trabajador-1=3, trabajador-3=1
15:49:04.371976 | PID  63975 | PPID  63617 | TID  63975 | centro_despacho | MainThread       |   reparto por hilo: despachador-1-1=2, despachador-1-2=1, despachador-3-1=1
15:49:04.372305 | PID  63975 | PPID  63617 | TID  63975 | centro_despacho | MainThread       |   CPU: principal=0.13 s, trabajadores=0.05 s | tiempo real=6.87 s | uso medio de CPU de los trabajadores=0.7 %
15:49:04.372601 | PID  63975 | PPID  63617 | TID  63975 | centro_despacho | MainThread       |   cambios de contexto trabajadores: voluntarios=293, involuntarios=3
15:49:04.372885 | PID  63975 | PPID  63617 | TID  63975 | centro_despacho | MainThread       |   BALANCE: 6 solicitudes quedaron sin registrar (trabajador caído o cola bloqueada)
15:49:04.373195 | PID  63975 | PPID  63617 | TID  63975 | centro_despacho | MainThread       | FIN centro de despacho (con fallos)
