15:49:04.605593 | PID  64115 | PPID  63617 | TID  64115 | centro_despacho | MainThread       | INICIO centro de despacho | método=fork | trabajadores=3 x 2 hilos | generadores=2 | solicitudes=continuo | cola=mp(10) | semilla=42 | log=evidencias/fase2/h3/mp_6.log
15:49:04.616936 | PID  64115 | PPID  63617 | TID  64115 | centro_despacho | MainThread       | CREADO trabajador-1 -> PID 64117
15:49:04.618130 | PID  64115 | PPID  63617 | TID  64115 | centro_despacho | MainThread       | CREADO trabajador-2 -> PID 64118
15:49:04.618324 | PID  64117 | PPID  64115 | TID  64117 | trabajador-1    | MainThread       | INICIO trabajador 1 con 2 hilos despachadores
15:49:04.619670 | PID  64118 | PPID  64115 | TID  64118 | trabajador-2    | MainThread       | INICIO trabajador 2 con 2 hilos despachadores
15:49:04.619584 | PID  64115 | PPID  63617 | TID  64115 | centro_despacho | MainThread       | CREADO trabajador-3 -> PID 64121
15:49:04.620877 | PID  64121 | PPID  64115 | TID  64121 | trabajador-3    | MainThread       | INICIO trabajador 3 con 2 hilos despachadores
15:49:04.621094 | PID  64115 | PPID  63617 | TID  64115 | centro_despacho | MainThread       | SINCRONIZADO: 3 trabajadores listos
15:49:04.622400 | PID  64115 | PPID  63617 | TID  64126 | centro_despacho | generador-1      | RÁFAGA 1: 2 generadores liberados simultáneamente
15:49:04.622776 | PID  64115 | PPID  63617 | TID  64126 | centro_despacho | generador-1      | RECIBIDA solicitud 1000000 (ráfaga 1) Homecenter: Sogamoso -> Tunja | en cola ~2
15:49:04.622662 | PID  64115 | PPID  63617 | TID  64115 | centro_despacho | MainThread       | JERARQUÍA de procesos e hilos (leída de /proc):
15:49:04.623166 | PID  64115 | PPID  63617 | TID  64115 | centro_despacho | MainThread       |   PID     PPID    NOMBRE           ESTADO HILOS  RSS(kB)  
15:49:04.622584 | PID  64115 | PPID  63617 | TID  64127 | centro_despacho | generador-2      | RECIBIDA solicitud 2000000 (ráfaga 1) Jumbo: Paipa -> Duitama | en cola ~1
15:49:04.623224 | PID  64117 | PPID  64115 | TID  64119 | trabajador-1    | despachador-1-1  | DESPACHO solicitud 2000000 (Jumbo: Paipa -> Duitama) | esperó en cola 1 ms
15:49:04.623562 | PID  64115 | PPID  63617 | TID  64115 | centro_despacho | MainThread       |   64115   63617   centro_despacho  R      4      23080    
15:49:04.623581 | PID  64117 | PPID  64115 | TID  64120 | trabajador-1    | despachador-1-2  | DESPACHO solicitud 1000000 (Homecenter: Sogamoso -> Tunja) | esperó en cola 1 ms
15:49:04.623886 | PID  64115 | PPID  63617 | TID  64115 | centro_despacho | MainThread       |       └ TID 64115   centro_despacho  R
15:49:04.623958 | PID  64115 | PPID  63617 | TID  64115 | centro_despacho | MainThread       |       └ TID 64126   generador-1      S
15:49:04.624012 | PID  64115 | PPID  63617 | TID  64115 | centro_despacho | MainThread       |       └ TID 64127   generador-2      S
15:49:04.624064 | PID  64115 | PPID  63617 | TID  64115 | centro_despacho | MainThread       |       └ TID 64128   QueueFeederThre  S
15:49:04.624209 | PID  64115 | PPID  63617 | TID  64115 | centro_despacho | MainThread       |   64117   64115   trabajador-1     S      3      19068    
15:49:04.624414 | PID  64115 | PPID  63617 | TID  64115 | centro_despacho | MainThread       |       └ TID 64117   trabajador-1     S
15:49:04.624472 | PID  64115 | PPID  63617 | TID  64115 | centro_despacho | MainThread       |       └ TID 64119   despachador-1-1  S
15:49:04.624523 | PID  64115 | PPID  63617 | TID  64115 | centro_despacho | MainThread       |       └ TID 64120   despachador-1-2  S
15:49:04.624677 | PID  64115 | PPID  63617 | TID  64115 | centro_despacho | MainThread       |   64118   64115   trabajador-2     S      3      18808    
15:49:04.624863 | PID  64115 | PPID  63617 | TID  64115 | centro_despacho | MainThread       |       └ TID 64118   trabajador-2     S
15:49:04.624918 | PID  64115 | PPID  63617 | TID  64115 | centro_despacho | MainThread       |       └ TID 64122   despachador-2-1  S
15:49:04.624967 | PID  64115 | PPID  63617 | TID  64115 | centro_despacho | MainThread       |       └ TID 64123   despachador-2-2  S
15:49:04.625126 | PID  64115 | PPID  63617 | TID  64115 | centro_despacho | MainThread       |   64121   64115   trabajador-3     S      3      18752    
15:49:04.625315 | PID  64115 | PPID  63617 | TID  64115 | centro_despacho | MainThread       |       └ TID 64121   trabajador-3     S
15:49:04.625371 | PID  64115 | PPID  63617 | TID  64115 | centro_despacho | MainThread       |       └ TID 64124   despachador-3-1  S
15:49:04.625426 | PID  64115 | PPID  63617 | TID  64115 | centro_despacho | MainThread       |       └ TID 64125   despachador-3-2  S
15:49:04.661783 | PID  64117 | PPID  64115 | TID  64120 | trabajador-1    | despachador-1-2  | EN RUTA solicitud 1000000
15:49:04.662618 | PID  64117 | PPID  64115 | TID  64119 | trabajador-1    | despachador-1-1  | EN RUTA solicitud 2000000
15:49:04.740905 | PID  64117 | PPID  64115 | TID  64119 | trabajador-1    | despachador-1-1  | ENTREGADA solicitud 2000000 | servicio 118 ms
15:49:04.745786 | PID  64117 | PPID  64115 | TID  64120 | trabajador-1    | despachador-1-2  | ENTREGADA solicitud 1000000 | servicio 122 ms
15:49:05.119928 | PID  64118 | PPID  64115 | TID  64123 | trabajador-2    | despachador-2-2  | CONSUMIDOR ESPERANDO: cola vacía
15:49:05.120711 | PID  64118 | PPID  64115 | TID  64122 | trabajador-2    | despachador-2-1  | CONSUMIDOR ESPERANDO: cola vacía
15:49:05.121178 | PID  64121 | PPID  64115 | TID  64124 | trabajador-3    | despachador-3-1  | CONSUMIDOR ESPERANDO: cola vacía
15:49:05.121816 | PID  64121 | PPID  64115 | TID  64125 | trabajador-3    | despachador-3-2  | CONSUMIDOR ESPERANDO: cola vacía
15:49:05.243637 | PID  64117 | PPID  64115 | TID  64119 | trabajador-1    | despachador-1-1  | CONSUMIDOR ESPERANDO: cola vacía
15:49:05.247456 | PID  64117 | PPID  64115 | TID  64120 | trabajador-1    | despachador-1-2  | CONSUMIDOR ESPERANDO: cola vacía
15:49:06.123886 | PID  64115 | PPID  63617 | TID  64127 | centro_despacho | generador-2      | RECIBIDA solicitud 2000001 (ráfaga 2) Olímpica: Garagoa -> Villa de Leyva | en cola ~1
15:49:06.125124 | PID  64115 | PPID  63617 | TID  64126 | centro_despacho | generador-1      | RÁFAGA 2: 2 generadores liberados simultáneamente
15:49:06.125468 | PID  64118 | PPID  64115 | TID  64123 | trabajador-2    | despachador-2-2  | DESPACHO solicitud 2000001 (Olímpica: Garagoa -> Villa de Leyva) | esperó en cola 2 ms
15:49:06.125693 | PID  64115 | PPID  63617 | TID  64126 | centro_despacho | generador-1      | RECIBIDA solicitud 1000001 (ráfaga 2) Jumbo: Chiquinquirá -> Paipa | en cola ~1
15:49:06.126567 | PID  64117 | PPID  64115 | TID  64120 | trabajador-1    | despachador-1-2  | DESPACHO solicitud 1000001 (Jumbo: Chiquinquirá -> Paipa) | esperó en cola 1 ms
15:49:06.159115 | PID  64117 | PPID  64115 | TID  64120 | trabajador-1    | despachador-1-2  | EN RUTA solicitud 1000001
15:49:06.174156 | PID  64118 | PPID  64115 | TID  64123 | trabajador-2    | despachador-2-2  | EN RUTA solicitud 2000001
15:49:06.210852 | PID  64117 | PPID  64115 | TID  64120 | trabajador-1    | despachador-1-2  | ENTREGADA solicitud 1000001 | servicio 84 ms
15:49:06.227410 | PID  64118 | PPID  64115 | TID  64123 | trabajador-2    | despachador-2-2  | ENTREGADA solicitud 2000001 | servicio 102 ms
15:49:06.711666 | PID  64117 | PPID  64115 | TID  64120 | trabajador-1    | despachador-1-2  | CONSUMIDOR ESPERANDO: cola vacía
15:49:06.729621 | PID  64118 | PPID  64115 | TID  64123 | trabajador-2    | despachador-2-2  | CONSUMIDOR ESPERANDO: cola vacía
15:49:06.832778 | PID  64115 | PPID  63617 | TID  64115 | centro_despacho | MainThread       | CAÍDO trabajador-2 (PID 64118): terminado por señal SIGKILL
15:49:07.626388 | PID  64115 | PPID  63617 | TID  64126 | centro_despacho | generador-1      | RECIBIDA solicitud 1000002 (ráfaga 3) Homecenter: Tunja -> Moniquirá | en cola ~1
15:49:07.627007 | PID  64115 | PPID  63617 | TID  64127 | centro_despacho | generador-2      | RÁFAGA 3: 2 generadores liberados simultáneamente
15:49:07.628230 | PID  64115 | PPID  63617 | TID  64127 | centro_despacho | generador-2      | RECIBIDA solicitud 2000002 (ráfaga 3) D1: Duitama -> Villa de Leyva | en cola ~2
15:49:09.129250 | PID  64115 | PPID  63617 | TID  64127 | centro_despacho | generador-2      | RECIBIDA solicitud 2000003 (ráfaga 4) Falabella: Villa de Leyva -> Moniquirá | en cola ~3
15:49:09.130504 | PID  64115 | PPID  63617 | TID  64126 | centro_despacho | generador-1      | RÁFAGA 4: 2 generadores liberados simultáneamente
15:49:09.131049 | PID  64115 | PPID  63617 | TID  64126 | centro_despacho | generador-1      | RECIBIDA solicitud 1000003 (ráfaga 4) D1: Moniquirá -> Sogamoso | en cola ~4
15:49:10.632162 | PID  64115 | PPID  63617 | TID  64126 | centro_despacho | generador-1      | RECIBIDA solicitud 1000004 (ráfaga 5) Éxito: Tunja -> Sogamoso | en cola ~5
15:49:10.633290 | PID  64115 | PPID  63617 | TID  64127 | centro_despacho | generador-2      | RÁFAGA 5: 2 generadores liberados simultáneamente
15:49:10.633738 | PID  64115 | PPID  63617 | TID  64127 | centro_despacho | generador-2      | RECIBIDA solicitud 2000004 (ráfaga 5) D1: Paipa -> Moniquirá | en cola ~6
15:49:10.845428 | PID  64115 | PPID  63617 | TID  64115 | centro_despacho | MainThread       | SEÑAL SIGINT recibida: se detiene la generación y se cancelan las solicitudes en cola
15:49:11.033646 | PID  64115 | PPID  63617 | TID  64126 | centro_despacho | generador-1      | FIN generador 1: generadas=5, bloqueos por cola llena=0 (0.000 s)
15:49:11.034606 | PID  64115 | PPID  63617 | TID  64127 | centro_despacho | generador-2      | FIN generador 2: generadas=5, bloqueos por cola llena=0 (0.000 s)
15:49:11.133475 | PID  64121 | PPID  64115 | TID  64121 | trabajador-3    | MainThread       | FIN trabajador 3 | atendidas por hilo: despachador-3-1=0, despachador-3-2=0
15:49:11.247655 | PID  64115 | PPID  63617 | TID  64115 | centro_despacho | MainThread       | TERMINÓ trabajador-3 (PID 64121): exit(0)
15:49:11.331171 | PID  64117 | PPID  64115 | TID  64117 | trabajador-1    | MainThread       | FIN trabajador 1 | atendidas por hilo: despachador-1-1=1, despachador-1-2=2
15:49:11.449179 | PID  64115 | PPID  63617 | TID  64115 | centro_despacho | MainThread       | TERMINÓ trabajador-1 (PID 64117): exit(0)
15:49:11.500274 | PID  64115 | PPID  63617 | TID  64115 | centro_despacho | MainThread       | RESUMEN de terminación:
15:49:11.500853 | PID  64115 | PPID  63617 | TID  64115 | centro_despacho | MainThread       |   trabajador-1   PID 64117   exit(0)
15:49:11.501254 | PID  64115 | PPID  63617 | TID  64115 | centro_despacho | MainThread       |   trabajador-2   PID 64118   terminado por señal SIGKILL
15:49:11.501499 | PID  64115 | PPID  63617 | TID  64115 | centro_despacho | MainThread       |   trabajador-3   PID 64121   exit(0)
15:49:11.501922 | PID  64115 | PPID  63617 | TID  64115 | centro_despacho | MainThread       | VERIFICACIÓN: procesos hijos que siguen en /proc: ninguno (sin zombis ni huérfanos)
15:49:11.502217 | PID  64115 | PPID  63617 | TID  64115 | centro_despacho | MainThread       | ESTADÍSTICAS:
15:49:11.502581 | PID  64115 | PPID  63617 | TID  64115 | centro_despacho | MainThread       |   solicitudes: generadas=10 entregadas=4 canceladas=0 no atendidas=6
15:49:11.502919 | PID  64115 | PPID  63617 | TID  64115 | centro_despacho | MainThread       |   productores: bloqueos por cola llena=0, tiempo bloqueados=0.000 s
15:49:11.503266 | PID  64115 | PPID  63617 | TID  64115 | centro_despacho | MainThread       |   espera en cola (ms): mín=1 prom=1 máx=2
15:49:11.503600 | PID  64115 | PPID  63617 | TID  64115 | centro_despacho | MainThread       |   servicio (s): prom=0.106 | trabajo total (suma)=0.43 s
15:49:11.503893 | PID  64115 | PPID  63617 | TID  64115 | centro_despacho | MainThread       |   tiempo total=1.60 s | rendimiento=2.49 solicitudes/s | concurrencia efectiva (trabajo/tiempo)=0.27
15:49:11.504246 | PID  64115 | PPID  63617 | TID  64115 | centro_despacho | MainThread       |   concurrencia máxima observada=2 (capacidad = 3 trabajadores x 2 hilos = 6)
15:49:11.504854 | PID  64115 | PPID  63617 | TID  64115 | centro_despacho | MainThread       |   reparto por trabajador: trabajador-1=3, trabajador-2=1
15:49:11.505191 | PID  64115 | PPID  63617 | TID  64115 | centro_despacho | MainThread       |   reparto por hilo: despachador-1-1=1, despachador-1-2=2, despachador-2-2=1
15:49:11.505510 | PID  64115 | PPID  63617 | TID  64115 | centro_despacho | MainThread       |   CPU: principal=0.15 s, trabajadores=0.05 s | tiempo real=6.88 s | uso medio de CPU de los trabajadores=0.8 %
15:49:11.505830 | PID  64115 | PPID  63617 | TID  64115 | centro_despacho | MainThread       |   cambios de contexto trabajadores: voluntarios=281, involuntarios=4
15:49:11.506102 | PID  64115 | PPID  63617 | TID  64115 | centro_despacho | MainThread       |   BALANCE: 6 solicitudes quedaron sin registrar (trabajador caído o cola bloqueada)
15:49:11.506474 | PID  64115 | PPID  63617 | TID  64115 | centro_despacho | MainThread       | FIN centro de despacho (con fallos)
