15:49:18.672260 | PID  64234 | PPID  63617 | TID  64234 | centro_despacho | MainThread       | INICIO centro de despacho | método=fork | trabajadores=3 x 2 hilos | generadores=2 | solicitudes=continuo | cola=mp(10) | semilla=42 | log=evidencias/fase2/h3/mp_8.log
15:49:18.683751 | PID  64234 | PPID  63617 | TID  64234 | centro_despacho | MainThread       | CREADO trabajador-1 -> PID 64236
15:49:18.684783 | PID  64234 | PPID  63617 | TID  64234 | centro_despacho | MainThread       | CREADO trabajador-2 -> PID 64237
15:49:18.685025 | PID  64236 | PPID  64234 | TID  64236 | trabajador-1    | MainThread       | INICIO trabajador 1 con 2 hilos despachadores
15:49:18.686199 | PID  64237 | PPID  64234 | TID  64237 | trabajador-2    | MainThread       | INICIO trabajador 2 con 2 hilos despachadores
15:49:18.686120 | PID  64234 | PPID  63617 | TID  64234 | centro_despacho | MainThread       | CREADO trabajador-3 -> PID 64241
15:49:18.687452 | PID  64241 | PPID  64234 | TID  64241 | trabajador-3    | MainThread       | INICIO trabajador 3 con 2 hilos despachadores
15:49:18.687669 | PID  64234 | PPID  63617 | TID  64234 | centro_despacho | MainThread       | SINCRONIZADO: 3 trabajadores listos
15:49:18.688993 | PID  64234 | PPID  63617 | TID  64234 | centro_despacho | MainThread       | JERARQUÍA de procesos e hilos (leída de /proc):
15:49:18.689507 | PID  64234 | PPID  63617 | TID  64234 | centro_despacho | MainThread       |   PID     PPID    NOMBRE           ESTADO HILOS  RSS(kB)  
15:49:18.689690 | PID  64236 | PPID  64234 | TID  64238 | trabajador-1    | despachador-1-1  | DESPACHO solicitud 2000000 (Jumbo: Paipa -> Duitama) | esperó en cola 1 ms
15:49:18.689268 | PID  64234 | PPID  63617 | TID  64246 | centro_despacho | generador-2      | RECIBIDA solicitud 2000000 (ráfaga 1) Jumbo: Paipa -> Duitama | en cola ~1
15:49:18.689154 | PID  64234 | PPID  63617 | TID  64245 | centro_despacho | generador-1      | RÁFAGA 1: 2 generadores liberados simultáneamente
15:49:18.690070 | PID  64234 | PPID  63617 | TID  64245 | centro_despacho | generador-1      | RECIBIDA solicitud 1000000 (ráfaga 1) Homecenter: Sogamoso -> Tunja | en cola ~1
15:49:18.689919 | PID  64234 | PPID  63617 | TID  64234 | centro_despacho | MainThread       |   64234   63617   centro_despacho  R      4      23060    
15:49:18.690305 | PID  64236 | PPID  64234 | TID  64239 | trabajador-1    | despachador-1-2  | DESPACHO solicitud 1000000 (Homecenter: Sogamoso -> Tunja) | esperó en cola 0 ms
15:49:18.690525 | PID  64234 | PPID  63617 | TID  64234 | centro_despacho | MainThread       |       └ TID 64234   centro_despacho  R
15:49:18.690611 | PID  64234 | PPID  63617 | TID  64234 | centro_despacho | MainThread       |       └ TID 64245   generador-1      S
15:49:18.690662 | PID  64234 | PPID  63617 | TID  64234 | centro_despacho | MainThread       |       └ TID 64246   generador-2      S
15:49:18.690708 | PID  64234 | PPID  63617 | TID  64234 | centro_despacho | MainThread       |       └ TID 64247   QueueFeederThre  S
15:49:18.690854 | PID  64234 | PPID  63617 | TID  64234 | centro_despacho | MainThread       |   64236   64234   trabajador-1     S      3      19080    
15:49:18.691076 | PID  64234 | PPID  63617 | TID  64234 | centro_despacho | MainThread       |       └ TID 64236   trabajador-1     S
15:49:18.691130 | PID  64234 | PPID  63617 | TID  64234 | centro_despacho | MainThread       |       └ TID 64238   despachador-1-1  S
15:49:18.691190 | PID  64234 | PPID  63617 | TID  64234 | centro_despacho | MainThread       |       └ TID 64239   despachador-1-2  S
15:49:18.691330 | PID  64234 | PPID  63617 | TID  64234 | centro_despacho | MainThread       |   64237   64234   trabajador-2     S      3      18832    
15:49:18.691512 | PID  64234 | PPID  63617 | TID  64234 | centro_despacho | MainThread       |       └ TID 64237   trabajador-2     S
15:49:18.691583 | PID  64234 | PPID  63617 | TID  64234 | centro_despacho | MainThread       |       └ TID 64240   despachador-2-1  S
15:49:18.691628 | PID  64234 | PPID  63617 | TID  64234 | centro_despacho | MainThread       |       └ TID 64242   despachador-2-2  S
15:49:18.691761 | PID  64234 | PPID  63617 | TID  64234 | centro_despacho | MainThread       |   64241   64234   trabajador-3     S      3      18776    
15:49:18.691939 | PID  64234 | PPID  63617 | TID  64234 | centro_despacho | MainThread       |       └ TID 64241   trabajador-3     S
15:49:18.691993 | PID  64234 | PPID  63617 | TID  64234 | centro_despacho | MainThread       |       └ TID 64243   despachador-3-1  S
15:49:18.692037 | PID  64234 | PPID  63617 | TID  64234 | centro_despacho | MainThread       |       └ TID 64244   despachador-3-2  S
15:49:18.728609 | PID  64236 | PPID  64234 | TID  64239 | trabajador-1    | despachador-1-2  | EN RUTA solicitud 1000000
15:49:18.729779 | PID  64236 | PPID  64234 | TID  64238 | trabajador-1    | despachador-1-1  | EN RUTA solicitud 2000000
15:49:18.808090 | PID  64236 | PPID  64234 | TID  64238 | trabajador-1    | despachador-1-1  | ENTREGADA solicitud 2000000 | servicio 118 ms
15:49:18.812941 | PID  64236 | PPID  64234 | TID  64239 | trabajador-1    | despachador-1-2  | ENTREGADA solicitud 1000000 | servicio 123 ms
15:49:19.186494 | PID  64237 | PPID  64234 | TID  64242 | trabajador-2    | despachador-2-2  | CONSUMIDOR ESPERANDO: cola vacía
15:49:19.187188 | PID  64237 | PPID  64234 | TID  64240 | trabajador-2    | despachador-2-1  | CONSUMIDOR ESPERANDO: cola vacía
15:49:19.187809 | PID  64241 | PPID  64234 | TID  64244 | trabajador-3    | despachador-3-2  | CONSUMIDOR ESPERANDO: cola vacía
15:49:19.188716 | PID  64241 | PPID  64234 | TID  64243 | trabajador-3    | despachador-3-1  | CONSUMIDOR ESPERANDO: cola vacía
15:49:19.311196 | PID  64236 | PPID  64234 | TID  64238 | trabajador-1    | despachador-1-1  | CONSUMIDOR ESPERANDO: cola vacía
15:49:19.314159 | PID  64236 | PPID  64234 | TID  64239 | trabajador-1    | despachador-1-2  | CONSUMIDOR ESPERANDO: cola vacía
15:49:20.190737 | PID  64234 | PPID  63617 | TID  64245 | centro_despacho | generador-1      | RECIBIDA solicitud 1000001 (ráfaga 2) Jumbo: Chiquinquirá -> Paipa | en cola ~1
15:49:20.192075 | PID  64234 | PPID  63617 | TID  64246 | centro_despacho | generador-2      | RÁFAGA 2: 2 generadores liberados simultáneamente
15:49:20.192149 | PID  64236 | PPID  64234 | TID  64238 | trabajador-1    | despachador-1-1  | DESPACHO solicitud 1000001 (Jumbo: Chiquinquirá -> Paipa) | esperó en cola 1 ms
15:49:20.192682 | PID  64234 | PPID  63617 | TID  64246 | centro_despacho | generador-2      | RECIBIDA solicitud 2000001 (ráfaga 2) Olímpica: Garagoa -> Villa de Leyva | en cola ~1
15:49:20.193592 | PID  64236 | PPID  64234 | TID  64239 | trabajador-1    | despachador-1-2  | DESPACHO solicitud 2000001 (Olímpica: Garagoa -> Villa de Leyva) | esperó en cola 1 ms
15:49:20.224938 | PID  64236 | PPID  64234 | TID  64238 | trabajador-1    | despachador-1-1  | EN RUTA solicitud 1000001
15:49:20.242577 | PID  64236 | PPID  64234 | TID  64239 | trabajador-1    | despachador-1-2  | EN RUTA solicitud 2000001
15:49:20.276685 | PID  64236 | PPID  64234 | TID  64238 | trabajador-1    | despachador-1-1  | ENTREGADA solicitud 1000001 | servicio 85 ms
15:49:20.293357 | PID  64236 | PPID  64234 | TID  64239 | trabajador-1    | despachador-1-2  | ENTREGADA solicitud 2000001 | servicio 100 ms
15:49:20.777641 | PID  64236 | PPID  64234 | TID  64238 | trabajador-1    | despachador-1-1  | CONSUMIDOR ESPERANDO: cola vacía
15:49:20.794181 | PID  64236 | PPID  64234 | TID  64239 | trabajador-1    | despachador-1-2  | CONSUMIDOR ESPERANDO: cola vacía
15:49:20.896993 | PID  64234 | PPID  63617 | TID  64234 | centro_despacho | MainThread       | CAÍDO trabajador-2 (PID 64237): terminado por señal SIGKILL
15:49:21.693762 | PID  64234 | PPID  63617 | TID  64246 | centro_despacho | generador-2      | RECIBIDA solicitud 2000002 (ráfaga 3) D1: Duitama -> Villa de Leyva | en cola ~1
15:49:21.694487 | PID  64234 | PPID  63617 | TID  64245 | centro_despacho | generador-1      | RÁFAGA 3: 2 generadores liberados simultáneamente
15:49:21.695516 | PID  64234 | PPID  63617 | TID  64245 | centro_despacho | generador-1      | RECIBIDA solicitud 1000002 (ráfaga 3) Homecenter: Tunja -> Moniquirá | en cola ~2
15:49:21.695990 | PID  64241 | PPID  64234 | TID  64244 | trabajador-3    | despachador-3-2  | DESPACHO solicitud 2000002 (D1: Duitama -> Villa de Leyva) | esperó en cola 2 ms
15:49:21.696807 | PID  64236 | PPID  64234 | TID  64239 | trabajador-1    | despachador-1-2  | DESPACHO solicitud 1000002 (Homecenter: Tunja -> Moniquirá) | esperó en cola 1 ms
15:49:21.718782 | PID  64241 | PPID  64234 | TID  64244 | trabajador-3    | despachador-3-2  | EN RUTA solicitud 2000002
15:49:21.735600 | PID  64236 | PPID  64234 | TID  64239 | trabajador-1    | despachador-1-2  | EN RUTA solicitud 1000002
15:49:21.775175 | PID  64241 | PPID  64234 | TID  64244 | trabajador-3    | despachador-3-2  | ENTREGADA solicitud 2000002 | servicio 79 ms
15:49:21.832242 | PID  64236 | PPID  64234 | TID  64239 | trabajador-1    | despachador-1-2  | ENTREGADA solicitud 1000002 | servicio 135 ms
15:49:22.276681 | PID  64241 | PPID  64234 | TID  64244 | trabajador-3    | despachador-3-2  | CONSUMIDOR ESPERANDO: cola vacía
15:49:22.332922 | PID  64236 | PPID  64234 | TID  64239 | trabajador-1    | despachador-1-2  | CONSUMIDOR ESPERANDO: cola vacía
15:49:23.196517 | PID  64234 | PPID  63617 | TID  64245 | centro_despacho | generador-1      | RECIBIDA solicitud 1000003 (ráfaga 4) D1: Moniquirá -> Sogamoso | en cola ~1
15:49:23.197760 | PID  64234 | PPID  63617 | TID  64246 | centro_despacho | generador-2      | RÁFAGA 4: 2 generadores liberados simultáneamente
15:49:23.197847 | PID  64241 | PPID  64234 | TID  64243 | trabajador-3    | despachador-3-1  | DESPACHO solicitud 1000003 (D1: Moniquirá -> Sogamoso) | esperó en cola 1 ms
15:49:23.198373 | PID  64234 | PPID  63617 | TID  64246 | centro_despacho | generador-2      | RECIBIDA solicitud 2000003 (ráfaga 4) Falabella: Villa de Leyva -> Moniquirá | en cola ~1
15:49:23.199167 | PID  64236 | PPID  64234 | TID  64238 | trabajador-1    | despachador-1-1  | DESPACHO solicitud 2000003 (Falabella: Villa de Leyva -> Moniquirá) | esperó en cola 1 ms
15:49:23.221939 | PID  64236 | PPID  64234 | TID  64238 | trabajador-1    | despachador-1-1  | EN RUTA solicitud 2000003
15:49:23.226571 | PID  64241 | PPID  64234 | TID  64243 | trabajador-3    | despachador-3-1  | EN RUTA solicitud 1000003
15:49:23.289437 | PID  64241 | PPID  64234 | TID  64243 | trabajador-3    | despachador-3-1  | ENTREGADA solicitud 1000003 | servicio 92 ms
15:49:23.297689 | PID  64236 | PPID  64234 | TID  64238 | trabajador-1    | despachador-1-1  | ENTREGADA solicitud 2000003 | servicio 98 ms
15:49:23.790301 | PID  64241 | PPID  64234 | TID  64243 | trabajador-3    | despachador-3-1  | CONSUMIDOR ESPERANDO: cola vacía
15:49:23.798613 | PID  64236 | PPID  64234 | TID  64238 | trabajador-1    | despachador-1-1  | CONSUMIDOR ESPERANDO: cola vacía
15:49:24.699348 | PID  64234 | PPID  63617 | TID  64246 | centro_despacho | generador-2      | RECIBIDA solicitud 2000004 (ráfaga 5) D1: Paipa -> Moniquirá | en cola ~1
15:49:24.700380 | PID  64241 | PPID  64234 | TID  64244 | trabajador-3    | despachador-3-2  | DESPACHO solicitud 2000004 (D1: Paipa -> Moniquirá) | esperó en cola 1 ms
15:49:24.700141 | PID  64234 | PPID  63617 | TID  64245 | centro_despacho | generador-1      | RÁFAGA 5: 2 generadores liberados simultáneamente
15:49:24.701394 | PID  64234 | PPID  63617 | TID  64245 | centro_despacho | generador-1      | RECIBIDA solicitud 1000004 (ráfaga 5) Éxito: Tunja -> Sogamoso | en cola ~1
15:49:24.702300 | PID  64241 | PPID  64234 | TID  64243 | trabajador-3    | despachador-3-1  | DESPACHO solicitud 1000004 (Éxito: Tunja -> Sogamoso) | esperó en cola 1 ms
15:49:24.740001 | PID  64241 | PPID  64234 | TID  64243 | trabajador-3    | despachador-3-1  | EN RUTA solicitud 1000004
15:49:24.746632 | PID  64241 | PPID  64234 | TID  64244 | trabajador-3    | despachador-3-2  | EN RUTA solicitud 2000004
15:49:24.806736 | PID  64241 | PPID  64234 | TID  64243 | trabajador-3    | despachador-3-1  | ENTREGADA solicitud 1000004 | servicio 104 ms
15:49:24.822379 | PID  64241 | PPID  64234 | TID  64244 | trabajador-3    | despachador-3-2  | ENTREGADA solicitud 2000004 | servicio 122 ms
15:49:25.024396 | PID  64234 | PPID  63617 | TID  64234 | centro_despacho | MainThread       | SEÑAL SIGINT recibida: se detiene la generación y se cancelan las solicitudes en cola
15:49:25.101105 | PID  64234 | PPID  63617 | TID  64246 | centro_despacho | generador-2      | FIN generador 2: generadas=5, bloqueos por cola llena=0 (0.000 s)
15:49:25.102403 | PID  64234 | PPID  63617 | TID  64245 | centro_despacho | generador-1      | FIN generador 1: generadas=5, bloqueos por cola llena=0 (0.000 s)
15:49:25.398479 | PID  64236 | PPID  64234 | TID  64236 | trabajador-1    | MainThread       | FIN trabajador 1 | atendidas por hilo: despachador-1-1=3, despachador-1-2=3
15:49:25.399351 | PID  64241 | PPID  64234 | TID  64241 | trabajador-3    | MainThread       | FIN trabajador 3 | atendidas por hilo: despachador-3-1=2, despachador-3-2=2
15:49:25.426908 | PID  64234 | PPID  63617 | TID  64234 | centro_despacho | MainThread       | TERMINÓ trabajador-1 (PID 64236): exit(0)
15:49:25.427719 | PID  64234 | PPID  63617 | TID  64234 | centro_despacho | MainThread       | TERMINÓ trabajador-3 (PID 64241): exit(0)
15:49:25.478708 | PID  64234 | PPID  63617 | TID  64234 | centro_despacho | MainThread       | RESUMEN de terminación:
15:49:25.479194 | PID  64234 | PPID  63617 | TID  64234 | centro_despacho | MainThread       |   trabajador-1   PID 64236   exit(0)
15:49:25.479534 | PID  64234 | PPID  63617 | TID  64234 | centro_despacho | MainThread       |   trabajador-2   PID 64237   terminado por señal SIGKILL
15:49:25.479848 | PID  64234 | PPID  63617 | TID  64234 | centro_despacho | MainThread       |   trabajador-3   PID 64241   exit(0)
15:49:25.480259 | PID  64234 | PPID  63617 | TID  64234 | centro_despacho | MainThread       | VERIFICACIÓN: procesos hijos que siguen en /proc: ninguno (sin zombis ni huérfanos)
15:49:25.480638 | PID  64234 | PPID  63617 | TID  64234 | centro_despacho | MainThread       | ESTADÍSTICAS:
15:49:25.480935 | PID  64234 | PPID  63617 | TID  64234 | centro_despacho | MainThread       |   solicitudes: generadas=10 entregadas=10 canceladas=0 no atendidas=0
15:49:25.481209 | PID  64234 | PPID  63617 | TID  64234 | centro_despacho | MainThread       |   productores: bloqueos por cola llena=0, tiempo bloqueados=0.000 s
15:49:25.481616 | PID  64234 | PPID  63617 | TID  64234 | centro_despacho | MainThread       |   espera en cola (ms): mín=0 prom=1 máx=2
15:49:25.481930 | PID  64234 | PPID  63617 | TID  64234 | centro_despacho | MainThread       |   servicio (s): prom=0.106 | trabajo total (suma)=1.06 s
15:49:25.482188 | PID  64234 | PPID  63617 | TID  64234 | centro_despacho | MainThread       |   tiempo total=6.13 s | rendimiento=1.63 solicitudes/s | concurrencia efectiva (trabajo/tiempo)=0.17
15:49:25.482524 | PID  64234 | PPID  63617 | TID  64234 | centro_despacho | MainThread       |   concurrencia máxima observada=2 (capacidad = 3 trabajadores x 2 hilos = 6)
15:49:25.483073 | PID  64234 | PPID  63617 | TID  64234 | centro_despacho | MainThread       |   reparto por trabajador: trabajador-1=6, trabajador-3=4
15:49:25.483366 | PID  64234 | PPID  63617 | TID  64234 | centro_despacho | MainThread       |   reparto por hilo: despachador-1-1=3, despachador-1-2=3, despachador-3-1=2, despachador-3-2=2
15:49:25.483722 | PID  64234 | PPID  63617 | TID  64234 | centro_despacho | MainThread       |   CPU: principal=0.15 s, trabajadores=0.07 s | tiempo real=6.80 s | uso medio de CPU de los trabajadores=1.1 %
15:49:25.483991 | PID  64234 | PPID  63617 | TID  64234 | centro_despacho | MainThread       |   cambios de contexto trabajadores: voluntarios=333, involuntarios=2
15:49:25.484260 | PID  64234 | PPID  63617 | TID  64234 | centro_despacho | MainThread       | FIN centro de despacho (con fallos)
