15:50:35.779521 | PID  65219 | PPID  63617 | TID  65219 | centro_despacho | MainThread       | INICIO centro de despacho | método=fork | trabajadores=3 x 2 hilos | generadores=2 | solicitudes=continuo | cola=semaforos(10) | semilla=42 | log=evidencias/fase2/h3/semaforos_9.log
15:50:35.790753 | PID  65219 | PPID  63617 | TID  65219 | centro_despacho | MainThread       | CREADO trabajador-1 -> PID 65221
15:50:35.792059 | PID  65221 | PPID  65219 | TID  65221 | trabajador-1    | MainThread       | INICIO trabajador 1 con 2 hilos despachadores
15:50:35.791928 | PID  65219 | PPID  63617 | TID  65219 | centro_despacho | MainThread       | CREADO trabajador-2 -> PID 65222
15:50:35.793413 | PID  65222 | PPID  65219 | TID  65222 | trabajador-2    | MainThread       | INICIO trabajador 2 con 2 hilos despachadores
15:50:35.793322 | PID  65219 | PPID  63617 | TID  65219 | centro_despacho | MainThread       | CREADO trabajador-3 -> PID 65225
15:50:35.794578 | PID  65225 | PPID  65219 | TID  65225 | trabajador-3    | MainThread       | INICIO trabajador 3 con 2 hilos despachadores
15:50:35.794777 | PID  65219 | PPID  63617 | TID  65219 | centro_despacho | MainThread       | SINCRONIZADO: 3 trabajadores listos
15:50:35.796197 | PID  65219 | PPID  63617 | TID  65231 | centro_despacho | generador-2      | RECIBIDA solicitud 2000000 (ráfaga 1) Jumbo: Paipa -> Duitama | en cola ~1
15:50:35.796364 | PID  65219 | PPID  63617 | TID  65219 | centro_despacho | MainThread       | JERARQUÍA de procesos e hilos (leída de /proc):
15:50:35.796376 | PID  65221 | PPID  65219 | TID  65223 | trabajador-1    | despachador-1-1  | DESPACHO solicitud 2000000 (Jumbo: Paipa -> Duitama) | esperó en cola 0 ms
15:50:35.796556 | PID  65219 | PPID  63617 | TID  65219 | centro_despacho | MainThread       |   PID     PPID    NOMBRE           ESTADO HILOS  RSS(kB)  
15:50:35.796477 | PID  65219 | PPID  63617 | TID  65230 | centro_despacho | generador-1      | RÁFAGA 1: 2 generadores liberados simultáneamente
15:50:35.796805 | PID  65219 | PPID  63617 | TID  65230 | centro_despacho | generador-1      | RECIBIDA solicitud 1000000 (ráfaga 1) Homecenter: Sogamoso -> Tunja | en cola ~1
15:50:35.796893 | PID  65221 | PPID  65219 | TID  65224 | trabajador-1    | despachador-1-2  | DESPACHO solicitud 1000000 (Homecenter: Sogamoso -> Tunja) | esperó en cola 0 ms
15:50:35.797024 | PID  65219 | PPID  63617 | TID  65219 | centro_despacho | MainThread       |   65219   63617   centro_despacho  R      3      23016    
15:50:35.797266 | PID  65219 | PPID  63617 | TID  65219 | centro_despacho | MainThread       |       └ TID 65219   centro_despacho  R
15:50:35.797333 | PID  65219 | PPID  63617 | TID  65219 | centro_despacho | MainThread       |       └ TID 65230   generador-1      S
15:50:35.797389 | PID  65219 | PPID  63617 | TID  65219 | centro_despacho | MainThread       |       └ TID 65231   generador-2      S
15:50:35.797570 | PID  65219 | PPID  63617 | TID  65219 | centro_despacho | MainThread       |   65221   65219   trabajador-1     S      3      19036    
15:50:35.797773 | PID  65219 | PPID  63617 | TID  65219 | centro_despacho | MainThread       |       └ TID 65221   trabajador-1     S
15:50:35.797833 | PID  65219 | PPID  63617 | TID  65219 | centro_despacho | MainThread       |       └ TID 65223   despachador-1-1  S
15:50:35.797887 | PID  65219 | PPID  63617 | TID  65219 | centro_despacho | MainThread       |       └ TID 65224   despachador-1-2  S
15:50:35.798035 | PID  65219 | PPID  63617 | TID  65219 | centro_despacho | MainThread       |   65222   65219   trabajador-2     S      3      18756    
15:50:35.798226 | PID  65219 | PPID  63617 | TID  65219 | centro_despacho | MainThread       |       └ TID 65222   trabajador-2     S
15:50:35.798283 | PID  65219 | PPID  63617 | TID  65219 | centro_despacho | MainThread       |       └ TID 65226   despachador-2-1  S
15:50:35.798341 | PID  65219 | PPID  63617 | TID  65219 | centro_despacho | MainThread       |       └ TID 65227   despachador-2-2  S
15:50:35.798492 | PID  65219 | PPID  63617 | TID  65219 | centro_despacho | MainThread       |   65225   65219   trabajador-3     S      3      18756    
15:50:35.798698 | PID  65219 | PPID  63617 | TID  65219 | centro_despacho | MainThread       |       └ TID 65225   trabajador-3     S
15:50:35.798757 | PID  65219 | PPID  63617 | TID  65219 | centro_despacho | MainThread       |       └ TID 65228   despachador-3-1  S
15:50:35.798822 | PID  65219 | PPID  63617 | TID  65219 | centro_despacho | MainThread       |       └ TID 65229   despachador-3-2  S
15:50:35.835170 | PID  65221 | PPID  65219 | TID  65224 | trabajador-1    | despachador-1-2  | EN RUTA solicitud 1000000
15:50:35.836358 | PID  65221 | PPID  65219 | TID  65223 | trabajador-1    | despachador-1-1  | EN RUTA solicitud 2000000
15:50:35.914801 | PID  65221 | PPID  65219 | TID  65223 | trabajador-1    | despachador-1-1  | ENTREGADA solicitud 2000000 | servicio 118 ms
15:50:35.919675 | PID  65221 | PPID  65219 | TID  65224 | trabajador-1    | despachador-1-2  | ENTREGADA solicitud 1000000 | servicio 123 ms
15:50:36.293789 | PID  65222 | PPID  65219 | TID  65227 | trabajador-2    | despachador-2-2  | CONSUMIDOR ESPERANDO: cola vacía
15:50:36.294512 | PID  65222 | PPID  65219 | TID  65226 | trabajador-2    | despachador-2-1  | CONSUMIDOR ESPERANDO: cola vacía
15:50:36.294977 | PID  65225 | PPID  65219 | TID  65229 | trabajador-3    | despachador-3-2  | CONSUMIDOR ESPERANDO: cola vacía
15:50:36.297839 | PID  65225 | PPID  65219 | TID  65228 | trabajador-3    | despachador-3-1  | CONSUMIDOR ESPERANDO: cola vacía
15:50:36.416673 | PID  65221 | PPID  65219 | TID  65223 | trabajador-1    | despachador-1-1  | CONSUMIDOR ESPERANDO: cola vacía
15:50:36.420324 | PID  65221 | PPID  65219 | TID  65224 | trabajador-1    | despachador-1-2  | CONSUMIDOR ESPERANDO: cola vacía
15:50:37.297510 | PID  65219 | PPID  63617 | TID  65230 | centro_despacho | generador-1      | RECIBIDA solicitud 1000001 (ráfaga 2) Jumbo: Chiquinquirá -> Paipa | en cola ~1
15:50:37.298142 | PID  65225 | PPID  65219 | TID  65229 | trabajador-3    | despachador-3-2  | DESPACHO solicitud 1000001 (Jumbo: Chiquinquirá -> Paipa) | esperó en cola 1 ms
15:50:37.298181 | PID  65219 | PPID  63617 | TID  65231 | centro_despacho | generador-2      | RÁFAGA 2: 2 generadores liberados simultáneamente
15:50:37.299410 | PID  65219 | PPID  63617 | TID  65231 | centro_despacho | generador-2      | RECIBIDA solicitud 2000001 (ráfaga 2) Olímpica: Garagoa -> Villa de Leyva | en cola ~1
15:50:37.299688 | PID  65221 | PPID  65219 | TID  65223 | trabajador-1    | despachador-1-1  | DESPACHO solicitud 2000001 (Olímpica: Garagoa -> Villa de Leyva) | esperó en cola 1 ms
15:50:37.330893 | PID  65225 | PPID  65219 | TID  65229 | trabajador-3    | despachador-3-2  | EN RUTA solicitud 1000001
15:50:37.348366 | PID  65221 | PPID  65219 | TID  65223 | trabajador-1    | despachador-1-1  | EN RUTA solicitud 2000001
15:50:37.383205 | PID  65225 | PPID  65219 | TID  65229 | trabajador-3    | despachador-3-2  | ENTREGADA solicitud 1000001 | servicio 85 ms
15:50:37.399137 | PID  65221 | PPID  65219 | TID  65223 | trabajador-1    | despachador-1-1  | ENTREGADA solicitud 2000001 | servicio 99 ms
15:50:37.884913 | PID  65225 | PPID  65219 | TID  65229 | trabajador-3    | despachador-3-2  | CONSUMIDOR ESPERANDO: cola vacía
15:50:37.900218 | PID  65221 | PPID  65219 | TID  65223 | trabajador-1    | despachador-1-1  | CONSUMIDOR ESPERANDO: cola vacía
15:50:38.002483 | PID  65219 | PPID  63617 | TID  65219 | centro_despacho | MainThread       | CAÍDO trabajador-2 (PID 65222): terminado por señal SIGKILL
15:50:38.800525 | PID  65219 | PPID  63617 | TID  65231 | centro_despacho | generador-2      | RECIBIDA solicitud 2000002 (ráfaga 3) D1: Duitama -> Villa de Leyva | en cola ~1
15:50:38.800827 | PID  65225 | PPID  65219 | TID  65229 | trabajador-3    | despachador-3-2  | DESPACHO solicitud 2000002 (D1: Duitama -> Villa de Leyva) | esperó en cola 0 ms
15:50:38.801161 | PID  65219 | PPID  63617 | TID  65230 | centro_despacho | generador-1      | RÁFAGA 3: 2 generadores liberados simultáneamente
15:50:38.802098 | PID  65219 | PPID  63617 | TID  65230 | centro_despacho | generador-1      | RECIBIDA solicitud 1000002 (ráfaga 3) Homecenter: Tunja -> Moniquirá | en cola ~1
15:50:38.802328 | PID  65221 | PPID  65219 | TID  65223 | trabajador-1    | despachador-1-1  | DESPACHO solicitud 1000002 (Homecenter: Tunja -> Moniquirá) | esperó en cola 0 ms
15:50:38.823519 | PID  65225 | PPID  65219 | TID  65229 | trabajador-3    | despachador-3-2  | EN RUTA solicitud 2000002
15:50:38.841065 | PID  65221 | PPID  65219 | TID  65223 | trabajador-1    | despachador-1-1  | EN RUTA solicitud 1000002
15:50:38.877257 | PID  65225 | PPID  65219 | TID  65229 | trabajador-3    | despachador-3-2  | ENTREGADA solicitud 2000002 | servicio 76 ms
15:50:38.937787 | PID  65221 | PPID  65219 | TID  65223 | trabajador-1    | despachador-1-1  | ENTREGADA solicitud 1000002 | servicio 135 ms
15:50:39.378150 | PID  65225 | PPID  65219 | TID  65229 | trabajador-3    | despachador-3-2  | CONSUMIDOR ESPERANDO: cola vacía
15:50:39.438594 | PID  65221 | PPID  65219 | TID  65223 | trabajador-1    | despachador-1-1  | CONSUMIDOR ESPERANDO: cola vacía
15:50:40.303038 | PID  65219 | PPID  63617 | TID  65230 | centro_despacho | generador-1      | RECIBIDA solicitud 1000003 (ráfaga 4) D1: Moniquirá -> Sogamoso | en cola ~1
15:50:40.303243 | PID  65225 | PPID  65219 | TID  65229 | trabajador-3    | despachador-3-2  | DESPACHO solicitud 1000003 (D1: Moniquirá -> Sogamoso) | esperó en cola 0 ms
15:50:40.303676 | PID  65219 | PPID  63617 | TID  65231 | centro_despacho | generador-2      | RÁFAGA 4: 2 generadores liberados simultáneamente
15:50:40.304434 | PID  65219 | PPID  63617 | TID  65231 | centro_despacho | generador-2      | RECIBIDA solicitud 2000003 (ráfaga 4) Falabella: Villa de Leyva -> Moniquirá | en cola ~1
15:50:40.304672 | PID  65221 | PPID  65219 | TID  65224 | trabajador-1    | despachador-1-2  | DESPACHO solicitud 2000003 (Falabella: Villa de Leyva -> Moniquirá) | esperó en cola 0 ms
15:50:40.327323 | PID  65221 | PPID  65219 | TID  65224 | trabajador-1    | despachador-1-2  | EN RUTA solicitud 2000003
15:50:40.331994 | PID  65225 | PPID  65219 | TID  65229 | trabajador-3    | despachador-3-2  | EN RUTA solicitud 1000003
15:50:40.394780 | PID  65225 | PPID  65219 | TID  65229 | trabajador-3    | despachador-3-2  | ENTREGADA solicitud 1000003 | servicio 92 ms
15:50:40.403062 | PID  65221 | PPID  65219 | TID  65224 | trabajador-1    | despachador-1-2  | ENTREGADA solicitud 2000003 | servicio 98 ms
15:50:40.895617 | PID  65225 | PPID  65219 | TID  65229 | trabajador-3    | despachador-3-2  | CONSUMIDOR ESPERANDO: cola vacía
15:50:40.903933 | PID  65221 | PPID  65219 | TID  65224 | trabajador-1    | despachador-1-2  | CONSUMIDOR ESPERANDO: cola vacía
15:50:41.805110 | PID  65219 | PPID  63617 | TID  65231 | centro_despacho | generador-2      | RECIBIDA solicitud 2000004 (ráfaga 5) D1: Paipa -> Moniquirá | en cola ~1
15:50:41.805212 | PID  65225 | PPID  65219 | TID  65229 | trabajador-3    | despachador-3-2  | DESPACHO solicitud 2000004 (D1: Paipa -> Moniquirá) | esperó en cola 0 ms
15:50:41.805277 | PID  65219 | PPID  63617 | TID  65230 | centro_despacho | generador-1      | RÁFAGA 5: 2 generadores liberados simultáneamente
15:50:41.805486 | PID  65219 | PPID  63617 | TID  65230 | centro_despacho | generador-1      | RECIBIDA solicitud 1000004 (ráfaga 5) Éxito: Tunja -> Sogamoso | en cola ~1
15:50:41.805562 | PID  65221 | PPID  65219 | TID  65224 | trabajador-1    | despachador-1-2  | DESPACHO solicitud 1000004 (Éxito: Tunja -> Sogamoso) | esperó en cola 0 ms
15:50:41.842958 | PID  65221 | PPID  65219 | TID  65224 | trabajador-1    | despachador-1-2  | EN RUTA solicitud 1000004
15:50:41.851592 | PID  65225 | PPID  65219 | TID  65229 | trabajador-3    | despachador-3-2  | EN RUTA solicitud 2000004
15:50:41.909423 | PID  65221 | PPID  65219 | TID  65224 | trabajador-1    | despachador-1-2  | ENTREGADA solicitud 1000004 | servicio 104 ms
15:50:41.926921 | PID  65225 | PPID  65219 | TID  65229 | trabajador-3    | despachador-3-2  | ENTREGADA solicitud 2000004 | servicio 122 ms
15:50:42.128747 | PID  65219 | PPID  63617 | TID  65219 | centro_despacho | MainThread       | SEÑAL SIGINT recibida: se detiene la generación y se cancelan las solicitudes en cola
15:50:42.205860 | PID  65219 | PPID  63617 | TID  65231 | centro_despacho | generador-2      | FIN generador 2: generadas=5, bloqueos por cola llena=0 (0.000 s)
15:50:42.206751 | PID  65219 | PPID  63617 | TID  65230 | centro_despacho | generador-1      | FIN generador 1: generadas=5, bloqueos por cola llena=0 (0.000 s)
15:50:42.506514 | PID  65221 | PPID  65219 | TID  65221 | trabajador-1    | MainThread       | FIN trabajador 1 | atendidas por hilo: despachador-1-1=3, despachador-1-2=3
15:50:42.510433 | PID  65225 | PPID  65219 | TID  65225 | trabajador-3    | MainThread       | FIN trabajador 3 | atendidas por hilo: despachador-3-1=0, despachador-3-2=4
15:50:42.530437 | PID  65219 | PPID  63617 | TID  65219 | centro_despacho | MainThread       | TERMINÓ trabajador-1 (PID 65221): exit(0)
15:50:42.530631 | PID  65219 | PPID  63617 | TID  65219 | centro_despacho | MainThread       | TERMINÓ trabajador-3 (PID 65225): exit(0)
15:50:42.581725 | PID  65219 | PPID  63617 | TID  65219 | centro_despacho | MainThread       | RESUMEN de terminación:
15:50:42.581925 | PID  65219 | PPID  63617 | TID  65219 | centro_despacho | MainThread       |   trabajador-1   PID 65221   exit(0)
15:50:42.582019 | PID  65219 | PPID  63617 | TID  65219 | centro_despacho | MainThread       |   trabajador-2   PID 65222   terminado por señal SIGKILL
15:50:42.582098 | PID  65219 | PPID  63617 | TID  65219 | centro_despacho | MainThread       |   trabajador-3   PID 65225   exit(0)
15:50:42.582198 | PID  65219 | PPID  63617 | TID  65219 | centro_despacho | MainThread       | VERIFICACIÓN: procesos hijos que siguen en /proc: ninguno (sin zombis ni huérfanos)
15:50:42.582275 | PID  65219 | PPID  63617 | TID  65219 | centro_despacho | MainThread       | ESTADÍSTICAS:
15:50:42.582328 | PID  65219 | PPID  63617 | TID  65219 | centro_despacho | MainThread       |   solicitudes: generadas=10 entregadas=10 canceladas=0 no atendidas=0
15:50:42.582387 | PID  65219 | PPID  63617 | TID  65219 | centro_despacho | MainThread       |   productores: bloqueos por cola llena=0, tiempo bloqueados=0.000 s
15:50:42.582462 | PID  65219 | PPID  63617 | TID  65219 | centro_despacho | MainThread       |   espera en cola (ms): mín=0 prom=0 máx=1
15:50:42.582523 | PID  65219 | PPID  63617 | TID  65219 | centro_despacho | MainThread       |   servicio (s): prom=0.105 | trabajo total (suma)=1.05 s
15:50:42.582610 | PID  65219 | PPID  63617 | TID  65219 | centro_despacho | MainThread       |   tiempo total=6.13 s | rendimiento=1.63 solicitudes/s | concurrencia efectiva (trabajo/tiempo)=0.17
15:50:42.582689 | PID  65219 | PPID  63617 | TID  65219 | centro_despacho | MainThread       |   concurrencia máxima observada=2 (capacidad = 3 trabajadores x 2 hilos = 6)
15:50:42.582811 | PID  65219 | PPID  63617 | TID  65219 | centro_despacho | MainThread       |   reparto por trabajador: trabajador-1=6, trabajador-3=4
15:50:42.582874 | PID  65219 | PPID  63617 | TID  65219 | centro_despacho | MainThread       |   reparto por hilo: despachador-1-1=3, despachador-1-2=3, despachador-3-2=4
15:50:42.582953 | PID  65219 | PPID  63617 | TID  65219 | centro_despacho | MainThread       |   CPU: principal=0.13 s, trabajadores=0.06 s | tiempo real=6.79 s | uso medio de CPU de los trabajadores=0.9 %
15:50:42.583009 | PID  65219 | PPID  63617 | TID  65219 | centro_despacho | MainThread       |   cambios de contexto trabajadores: voluntarios=289, involuntarios=2
15:50:42.583068 | PID  65219 | PPID  63617 | TID  65219 | centro_despacho | MainThread       | FIN centro de despacho (con fallos)
