15:50:21.800735 | PID  65026 | PPID  63617 | TID  65026 | centro_despacho | MainThread       | INICIO centro de despacho | método=fork | trabajadores=3 x 2 hilos | generadores=2 | solicitudes=continuo | cola=semaforos(10) | semilla=42 | log=evidencias/fase2/h3/semaforos_7.log
15:50:21.812178 | PID  65026 | PPID  63617 | TID  65026 | centro_despacho | MainThread       | CREADO trabajador-1 -> PID 65028
15:50:21.813474 | PID  65028 | PPID  65026 | TID  65028 | trabajador-1    | MainThread       | INICIO trabajador 1 con 2 hilos despachadores
15:50:21.813467 | PID  65026 | PPID  63617 | TID  65026 | centro_despacho | MainThread       | CREADO trabajador-2 -> PID 65029
15:50:21.815093 | PID  65026 | PPID  63617 | TID  65026 | centro_despacho | MainThread       | CREADO trabajador-3 -> PID 65033
15:50:21.815784 | PID  65029 | PPID  65026 | TID  65029 | trabajador-2    | MainThread       | INICIO trabajador 2 con 2 hilos despachadores
15:50:21.816494 | PID  65033 | PPID  65026 | TID  65033 | trabajador-3    | MainThread       | INICIO trabajador 3 con 2 hilos despachadores
15:50:21.816763 | PID  65026 | PPID  63617 | TID  65026 | centro_despacho | MainThread       | SINCRONIZADO: 3 trabajadores listos
15:50:21.818242 | PID  65026 | PPID  63617 | TID  65038 | centro_despacho | generador-2      | RECIBIDA solicitud 2000000 (ráfaga 1) Jumbo: Paipa -> Duitama | en cola ~0
15:50:21.818451 | PID  65028 | PPID  65026 | TID  65030 | trabajador-1    | despachador-1-1  | DESPACHO solicitud 2000000 (Jumbo: Paipa -> Duitama) | esperó en cola 0 ms
15:50:21.818413 | PID  65026 | PPID  63617 | TID  65026 | centro_despacho | MainThread       | JERARQUÍA de procesos e hilos (leída de /proc):
15:50:21.818700 | PID  65026 | PPID  63617 | TID  65026 | centro_despacho | MainThread       |   PID     PPID    NOMBRE           ESTADO HILOS  RSS(kB)  
15:50:21.818505 | PID  65026 | PPID  63617 | TID  65037 | centro_despacho | generador-1      | RÁFAGA 1: 2 generadores liberados simultáneamente
15:50:21.819122 | PID  65026 | PPID  63617 | TID  65037 | centro_despacho | generador-1      | RECIBIDA solicitud 1000000 (ráfaga 1) Homecenter: Sogamoso -> Tunja | en cola ~1
15:50:21.819215 | PID  65028 | PPID  65026 | TID  65031 | trabajador-1    | despachador-1-2  | DESPACHO solicitud 1000000 (Homecenter: Sogamoso -> Tunja) | esperó en cola 0 ms
15:50:21.819382 | PID  65026 | PPID  63617 | TID  65026 | centro_despacho | MainThread       |   65026   63617   centro_despacho  R      3      23012    
15:50:21.819725 | PID  65026 | PPID  63617 | TID  65026 | centro_despacho | MainThread       |       └ TID 65026   centro_despacho  R
15:50:21.819836 | PID  65026 | PPID  63617 | TID  65026 | centro_despacho | MainThread       |       └ TID 65037   generador-1      S
15:50:21.819927 | PID  65026 | PPID  63617 | TID  65026 | centro_despacho | MainThread       |       └ TID 65038   generador-2      S
15:50:21.820200 | PID  65026 | PPID  63617 | TID  65026 | centro_despacho | MainThread       |   65028   65026   trabajador-1     S      3      19008    
15:50:21.820494 | PID  65026 | PPID  63617 | TID  65026 | centro_despacho | MainThread       |       └ TID 65028   trabajador-1     S
15:50:21.820595 | PID  65026 | PPID  63617 | TID  65026 | centro_despacho | MainThread       |       └ TID 65030   despachador-1-1  S
15:50:21.820656 | PID  65026 | PPID  63617 | TID  65026 | centro_despacho | MainThread       |       └ TID 65031   despachador-1-2  S
15:50:21.820817 | PID  65026 | PPID  63617 | TID  65026 | centro_despacho | MainThread       |   65029   65026   trabajador-2     S      3      18704    
15:50:21.821022 | PID  65026 | PPID  63617 | TID  65026 | centro_despacho | MainThread       |       └ TID 65029   trabajador-2     S
15:50:21.821081 | PID  65026 | PPID  63617 | TID  65026 | centro_despacho | MainThread       |       └ TID 65032   despachador-2-1  S
15:50:21.821137 | PID  65026 | PPID  63617 | TID  65026 | centro_despacho | MainThread       |       └ TID 65034   despachador-2-2  S
15:50:21.821319 | PID  65026 | PPID  63617 | TID  65026 | centro_despacho | MainThread       |   65033   65026   trabajador-3     S      3      18704    
15:50:21.821533 | PID  65026 | PPID  63617 | TID  65026 | centro_despacho | MainThread       |       └ TID 65033   trabajador-3     S
15:50:21.821605 | PID  65026 | PPID  63617 | TID  65026 | centro_despacho | MainThread       |       └ TID 65035   despachador-3-1  S
15:50:21.821662 | PID  65026 | PPID  63617 | TID  65026 | centro_despacho | MainThread       |       └ TID 65036   despachador-3-2  S
15:50:21.857579 | PID  65028 | PPID  65026 | TID  65031 | trabajador-1    | despachador-1-2  | EN RUTA solicitud 1000000
15:50:21.859266 | PID  65028 | PPID  65026 | TID  65030 | trabajador-1    | despachador-1-1  | EN RUTA solicitud 2000000
15:50:21.937707 | PID  65028 | PPID  65026 | TID  65030 | trabajador-1    | despachador-1-1  | ENTREGADA solicitud 2000000 | servicio 119 ms
15:50:21.942605 | PID  65028 | PPID  65026 | TID  65031 | trabajador-1    | despachador-1-2  | ENTREGADA solicitud 1000000 | servicio 123 ms
15:50:22.315126 | PID  65029 | PPID  65026 | TID  65032 | trabajador-2    | despachador-2-1  | CONSUMIDOR ESPERANDO: cola vacía
15:50:22.315943 | PID  65029 | PPID  65026 | TID  65034 | trabajador-2    | despachador-2-2  | CONSUMIDOR ESPERANDO: cola vacía
15:50:22.316639 | PID  65033 | PPID  65026 | TID  65035 | trabajador-3    | despachador-3-1  | CONSUMIDOR ESPERANDO: cola vacía
15:50:22.319305 | PID  65033 | PPID  65026 | TID  65036 | trabajador-3    | despachador-3-2  | CONSUMIDOR ESPERANDO: cola vacía
15:50:22.439701 | PID  65028 | PPID  65026 | TID  65030 | trabajador-1    | despachador-1-1  | CONSUMIDOR ESPERANDO: cola vacía
15:50:22.443536 | PID  65028 | PPID  65026 | TID  65031 | trabajador-1    | despachador-1-2  | CONSUMIDOR ESPERANDO: cola vacía
15:50:23.319721 | PID  65026 | PPID  63617 | TID  65037 | centro_despacho | generador-1      | RECIBIDA solicitud 1000001 (ráfaga 2) Jumbo: Chiquinquirá -> Paipa | en cola ~1
15:50:23.320442 | PID  65033 | PPID  65026 | TID  65035 | trabajador-3    | despachador-3-1  | DESPACHO solicitud 1000001 (Jumbo: Chiquinquirá -> Paipa) | esperó en cola 1 ms
15:50:23.320426 | PID  65026 | PPID  63617 | TID  65038 | centro_despacho | generador-2      | RÁFAGA 2: 2 generadores liberados simultáneamente
15:50:23.321204 | PID  65026 | PPID  63617 | TID  65038 | centro_despacho | generador-2      | RECIBIDA solicitud 2000001 (ráfaga 2) Olímpica: Garagoa -> Villa de Leyva | en cola ~1
15:50:23.321414 | PID  65028 | PPID  65026 | TID  65030 | trabajador-1    | despachador-1-1  | DESPACHO solicitud 2000001 (Olímpica: Garagoa -> Villa de Leyva) | esperó en cola 0 ms
15:50:23.353242 | PID  65033 | PPID  65026 | TID  65035 | trabajador-3    | despachador-3-1  | EN RUTA solicitud 1000001
15:50:23.370051 | PID  65028 | PPID  65026 | TID  65030 | trabajador-1    | despachador-1-1  | EN RUTA solicitud 2000001
15:50:23.405585 | PID  65033 | PPID  65026 | TID  65035 | trabajador-3    | despachador-3-1  | ENTREGADA solicitud 1000001 | servicio 85 ms
15:50:23.420573 | PID  65028 | PPID  65026 | TID  65030 | trabajador-1    | despachador-1-1  | ENTREGADA solicitud 2000001 | servicio 99 ms
15:50:23.906277 | PID  65033 | PPID  65026 | TID  65035 | trabajador-3    | despachador-3-1  | CONSUMIDOR ESPERANDO: cola vacía
15:50:23.920891 | PID  65028 | PPID  65026 | TID  65030 | trabajador-1    | despachador-1-1  | CONSUMIDOR ESPERANDO: cola vacía
15:50:24.022536 | PID  65026 | PPID  63617 | TID  65026 | centro_despacho | MainThread       | CAÍDO trabajador-2 (PID 65029): terminado por señal SIGKILL
15:50:24.822150 | PID  65026 | PPID  63617 | TID  65038 | centro_despacho | generador-2      | RECIBIDA solicitud 2000002 (ráfaga 3) D1: Duitama -> Villa de Leyva | en cola ~1
15:50:24.822397 | PID  65033 | PPID  65026 | TID  65035 | trabajador-3    | despachador-3-1  | DESPACHO solicitud 2000002 (D1: Duitama -> Villa de Leyva) | esperó en cola 0 ms
15:50:24.822783 | PID  65026 | PPID  63617 | TID  65037 | centro_despacho | generador-1      | RÁFAGA 3: 2 generadores liberados simultáneamente
15:50:24.823604 | PID  65026 | PPID  63617 | TID  65037 | centro_despacho | generador-1      | RECIBIDA solicitud 1000002 (ráfaga 3) Homecenter: Tunja -> Moniquirá | en cola ~1
15:50:24.823799 | PID  65028 | PPID  65026 | TID  65030 | trabajador-1    | despachador-1-1  | DESPACHO solicitud 1000002 (Homecenter: Tunja -> Moniquirá) | esperó en cola 0 ms
15:50:24.845238 | PID  65033 | PPID  65026 | TID  65035 | trabajador-3    | despachador-3-1  | EN RUTA solicitud 2000002
15:50:24.862487 | PID  65028 | PPID  65026 | TID  65030 | trabajador-1    | despachador-1-1  | EN RUTA solicitud 1000002
15:50:24.899015 | PID  65033 | PPID  65026 | TID  65035 | trabajador-3    | despachador-3-1  | ENTREGADA solicitud 2000002 | servicio 77 ms
15:50:24.959500 | PID  65028 | PPID  65026 | TID  65030 | trabajador-1    | despachador-1-1  | ENTREGADA solicitud 1000002 | servicio 136 ms
15:50:25.399806 | PID  65033 | PPID  65026 | TID  65035 | trabajador-3    | despachador-3-1  | CONSUMIDOR ESPERANDO: cola vacía
15:50:25.460626 | PID  65028 | PPID  65026 | TID  65030 | trabajador-1    | despachador-1-1  | CONSUMIDOR ESPERANDO: cola vacía
15:50:26.324530 | PID  65026 | PPID  63617 | TID  65037 | centro_despacho | generador-1      | RECIBIDA solicitud 1000003 (ráfaga 4) D1: Moniquirá -> Sogamoso | en cola ~1
15:50:26.324740 | PID  65033 | PPID  65026 | TID  65035 | trabajador-3    | despachador-3-1  | DESPACHO solicitud 1000003 (D1: Moniquirá -> Sogamoso) | esperó en cola 0 ms
15:50:26.325036 | PID  65026 | PPID  63617 | TID  65038 | centro_despacho | generador-2      | RÁFAGA 4: 2 generadores liberados simultáneamente
15:50:26.325793 | PID  65026 | PPID  63617 | TID  65038 | centro_despacho | generador-2      | RECIBIDA solicitud 2000003 (ráfaga 4) Falabella: Villa de Leyva -> Moniquirá | en cola ~1
15:50:26.325987 | PID  65028 | PPID  65026 | TID  65031 | trabajador-1    | despachador-1-2  | DESPACHO solicitud 2000003 (Falabella: Villa de Leyva -> Moniquirá) | esperó en cola 0 ms
15:50:26.348694 | PID  65028 | PPID  65026 | TID  65031 | trabajador-1    | despachador-1-2  | EN RUTA solicitud 2000003
15:50:26.353475 | PID  65033 | PPID  65026 | TID  65035 | trabajador-3    | despachador-3-1  | EN RUTA solicitud 1000003
15:50:26.416150 | PID  65033 | PPID  65026 | TID  65035 | trabajador-3    | despachador-3-1  | ENTREGADA solicitud 1000003 | servicio 91 ms
15:50:26.424321 | PID  65028 | PPID  65026 | TID  65031 | trabajador-1    | despachador-1-2  | ENTREGADA solicitud 2000003 | servicio 98 ms
15:50:26.916798 | PID  65033 | PPID  65026 | TID  65035 | trabajador-3    | despachador-3-1  | CONSUMIDOR ESPERANDO: cola vacía
15:50:26.924904 | PID  65028 | PPID  65026 | TID  65031 | trabajador-1    | despachador-1-2  | CONSUMIDOR ESPERANDO: cola vacía
15:50:27.826735 | PID  65026 | PPID  63617 | TID  65038 | centro_despacho | generador-2      | RECIBIDA solicitud 2000004 (ráfaga 5) D1: Paipa -> Moniquirá | en cola ~1
15:50:27.826998 | PID  65033 | PPID  65026 | TID  65035 | trabajador-3    | despachador-3-1  | DESPACHO solicitud 2000004 (D1: Paipa -> Moniquirá) | esperó en cola 1 ms
15:50:27.827333 | PID  65026 | PPID  63617 | TID  65037 | centro_despacho | generador-1      | RÁFAGA 5: 2 generadores liberados simultáneamente
15:50:27.828200 | PID  65026 | PPID  63617 | TID  65037 | centro_despacho | generador-1      | RECIBIDA solicitud 1000004 (ráfaga 5) Éxito: Tunja -> Sogamoso | en cola ~1
15:50:27.828442 | PID  65028 | PPID  65026 | TID  65031 | trabajador-1    | despachador-1-2  | DESPACHO solicitud 1000004 (Éxito: Tunja -> Sogamoso) | esperó en cola 0 ms
15:50:27.866135 | PID  65028 | PPID  65026 | TID  65031 | trabajador-1    | despachador-1-2  | EN RUTA solicitud 1000004
15:50:27.872852 | PID  65033 | PPID  65026 | TID  65035 | trabajador-3    | despachador-3-1  | EN RUTA solicitud 2000004
15:50:27.932885 | PID  65028 | PPID  65026 | TID  65031 | trabajador-1    | despachador-1-2  | ENTREGADA solicitud 1000004 | servicio 104 ms
15:50:27.948520 | PID  65033 | PPID  65026 | TID  65035 | trabajador-3    | despachador-3-1  | ENTREGADA solicitud 2000004 | servicio 121 ms
15:50:28.151486 | PID  65026 | PPID  63617 | TID  65026 | centro_despacho | MainThread       | SEÑAL SIGINT recibida: se detiene la generación y se cancelan las solicitudes en cola
15:50:28.228213 | PID  65026 | PPID  63617 | TID  65038 | centro_despacho | generador-2      | FIN generador 2: generadas=5, bloqueos por cola llena=0 (0.000 s)
15:50:28.229266 | PID  65026 | PPID  63617 | TID  65037 | centro_despacho | generador-1      | FIN generador 1: generadas=5, bloqueos por cola llena=0 (0.000 s)
15:50:28.526298 | PID  65028 | PPID  65026 | TID  65028 | trabajador-1    | MainThread       | FIN trabajador 1 | atendidas por hilo: despachador-1-1=3, despachador-1-2=3
15:50:28.532069 | PID  65033 | PPID  65026 | TID  65033 | trabajador-3    | MainThread       | FIN trabajador 3 | atendidas por hilo: despachador-3-1=4, despachador-3-2=0
15:50:28.553490 | PID  65026 | PPID  63617 | TID  65026 | centro_despacho | MainThread       | TERMINÓ trabajador-1 (PID 65028): exit(0)
15:50:28.554035 | PID  65026 | PPID  63617 | TID  65026 | centro_despacho | MainThread       | TERMINÓ trabajador-3 (PID 65033): exit(0)
15:50:28.604806 | PID  65026 | PPID  63617 | TID  65026 | centro_despacho | MainThread       | RESUMEN de terminación:
15:50:28.605277 | PID  65026 | PPID  63617 | TID  65026 | centro_despacho | MainThread       |   trabajador-1   PID 65028   exit(0)
15:50:28.605714 | PID  65026 | PPID  63617 | TID  65026 | centro_despacho | MainThread       |   trabajador-2   PID 65029   terminado por señal SIGKILL
15:50:28.605969 | PID  65026 | PPID  63617 | TID  65026 | centro_despacho | MainThread       |   trabajador-3   PID 65033   exit(0)
15:50:28.606338 | PID  65026 | PPID  63617 | TID  65026 | centro_despacho | MainThread       | VERIFICACIÓN: procesos hijos que siguen en /proc: ninguno (sin zombis ni huérfanos)
15:50:28.606706 | PID  65026 | PPID  63617 | TID  65026 | centro_despacho | MainThread       | ESTADÍSTICAS:
15:50:28.606981 | PID  65026 | PPID  63617 | TID  65026 | centro_despacho | MainThread       |   solicitudes: generadas=10 entregadas=10 canceladas=0 no atendidas=0
15:50:28.607344 | PID  65026 | PPID  63617 | TID  65026 | centro_despacho | MainThread       |   productores: bloqueos por cola llena=0, tiempo bloqueados=0.000 s
15:50:28.607703 | PID  65026 | PPID  63617 | TID  65026 | centro_despacho | MainThread       |   espera en cola (ms): mín=0 prom=0 máx=1
15:50:28.607999 | PID  65026 | PPID  63617 | TID  65026 | centro_despacho | MainThread       |   servicio (s): prom=0.105 | trabajo total (suma)=1.05 s
15:50:28.608286 | PID  65026 | PPID  63617 | TID  65026 | centro_despacho | MainThread       |   tiempo total=6.13 s | rendimiento=1.63 solicitudes/s | concurrencia efectiva (trabajo/tiempo)=0.17
15:50:28.608649 | PID  65026 | PPID  63617 | TID  65026 | centro_despacho | MainThread       |   concurrencia máxima observada=2 (capacidad = 3 trabajadores x 2 hilos = 6)
15:50:28.609167 | PID  65026 | PPID  63617 | TID  65026 | centro_despacho | MainThread       |   reparto por trabajador: trabajador-1=6, trabajador-3=4
15:50:28.609459 | PID  65026 | PPID  63617 | TID  65026 | centro_despacho | MainThread       |   reparto por hilo: despachador-1-1=3, despachador-1-2=3, despachador-3-1=4
15:50:28.609848 | PID  65026 | PPID  63617 | TID  65026 | centro_despacho | MainThread       |   CPU: principal=0.14 s, trabajadores=0.07 s | tiempo real=6.79 s | uso medio de CPU de los trabajadores=1.0 %
15:50:28.610123 | PID  65026 | PPID  63617 | TID  65026 | centro_despacho | MainThread       |   cambios de contexto trabajadores: voluntarios=287, involuntarios=6
15:50:28.610387 | PID  65026 | PPID  63617 | TID  65026 | centro_despacho | MainThread       | FIN centro de despacho (con fallos)
