15:50:00.829779 | PID  64719 | PPID  63617 | TID  64719 | centro_despacho | MainThread       | INICIO centro de despacho | método=fork | trabajadores=3 x 2 hilos | generadores=2 | solicitudes=continuo | cola=semaforos(10) | semilla=42 | log=evidencias/fase2/h3/semaforos_4.log
15:50:00.841280 | PID  64719 | PPID  63617 | TID  64719 | centro_despacho | MainThread       | CREADO trabajador-1 -> PID 64721
15:50:00.842603 | PID  64721 | PPID  64719 | TID  64721 | trabajador-1    | MainThread       | INICIO trabajador 1 con 2 hilos despachadores
15:50:00.842469 | PID  64719 | PPID  63617 | TID  64719 | centro_despacho | MainThread       | CREADO trabajador-2 -> PID 64722
15:50:00.843921 | PID  64719 | PPID  63617 | TID  64719 | centro_despacho | MainThread       | CREADO trabajador-3 -> PID 64725
15:50:00.844075 | PID  64722 | PPID  64719 | TID  64722 | trabajador-2    | MainThread       | INICIO trabajador 2 con 2 hilos despachadores
15:50:00.845245 | PID  64725 | PPID  64719 | TID  64725 | trabajador-3    | MainThread       | INICIO trabajador 3 con 2 hilos despachadores
15:50:00.845441 | PID  64719 | PPID  63617 | TID  64719 | centro_despacho | MainThread       | SINCRONIZADO: 3 trabajadores listos
15:50:00.846834 | PID  64719 | PPID  63617 | TID  64731 | centro_despacho | generador-2      | RECIBIDA solicitud 2000000 (ráfaga 1) Jumbo: Paipa -> Duitama | en cola ~1
15:50:00.847017 | PID  64721 | PPID  64719 | TID  64723 | trabajador-1    | despachador-1-1  | DESPACHO solicitud 2000000 (Jumbo: Paipa -> Duitama) | esperó en cola 0 ms
15:50:00.846962 | PID  64719 | PPID  63617 | TID  64719 | centro_despacho | MainThread       | JERARQUÍA de procesos e hilos (leída de /proc):
15:50:00.847264 | PID  64719 | PPID  63617 | TID  64719 | centro_despacho | MainThread       |   PID     PPID    NOMBRE           ESTADO HILOS  RSS(kB)  
15:50:00.847068 | PID  64719 | PPID  63617 | TID  64730 | centro_despacho | generador-1      | RÁFAGA 1: 2 generadores liberados simultáneamente
15:50:00.847445 | PID  64719 | PPID  63617 | TID  64730 | centro_despacho | generador-1      | RECIBIDA solicitud 1000000 (ráfaga 1) Homecenter: Sogamoso -> Tunja | en cola ~0
15:50:00.847484 | PID  64721 | PPID  64719 | TID  64724 | trabajador-1    | despachador-1-2  | DESPACHO solicitud 1000000 (Homecenter: Sogamoso -> Tunja) | esperó en cola 0 ms
15:50:00.847721 | PID  64719 | PPID  63617 | TID  64719 | centro_despacho | MainThread       |   64719   63617   centro_despacho  R      3      23004    
15:50:00.847959 | PID  64719 | PPID  63617 | TID  64719 | centro_despacho | MainThread       |       └ TID 64719   centro_despacho  R
15:50:00.848028 | PID  64719 | PPID  63617 | TID  64719 | centro_despacho | MainThread       |       └ TID 64730   generador-1      S
15:50:00.848092 | PID  64719 | PPID  63617 | TID  64719 | centro_despacho | MainThread       |       └ TID 64731   generador-2      S
15:50:00.848258 | PID  64719 | PPID  63617 | TID  64719 | centro_despacho | MainThread       |   64721   64719   trabajador-1     S      3      19060    
15:50:00.848466 | PID  64719 | PPID  63617 | TID  64719 | centro_despacho | MainThread       |       └ TID 64721   trabajador-1     S
15:50:00.848531 | PID  64719 | PPID  63617 | TID  64719 | centro_despacho | MainThread       |       └ TID 64723   despachador-1-1  S
15:50:00.848616 | PID  64719 | PPID  63617 | TID  64719 | centro_despacho | MainThread       |       └ TID 64724   despachador-1-2  S
15:50:00.848784 | PID  64719 | PPID  63617 | TID  64719 | centro_despacho | MainThread       |   64722   64719   trabajador-2     S      3      18788    
15:50:00.848990 | PID  64719 | PPID  63617 | TID  64719 | centro_despacho | MainThread       |       └ TID 64722   trabajador-2     S
15:50:00.849051 | PID  64719 | PPID  63617 | TID  64719 | centro_despacho | MainThread       |       └ TID 64726   despachador-2-1  S
15:50:00.849114 | PID  64719 | PPID  63617 | TID  64719 | centro_despacho | MainThread       |       └ TID 64727   despachador-2-2  S
15:50:00.849272 | PID  64719 | PPID  63617 | TID  64719 | centro_despacho | MainThread       |   64725   64719   trabajador-3     S      3      18788    
15:50:00.849481 | PID  64719 | PPID  63617 | TID  64719 | centro_despacho | MainThread       |       └ TID 64725   trabajador-3     S
15:50:00.849546 | PID  64719 | PPID  63617 | TID  64719 | centro_despacho | MainThread       |       └ TID 64728   despachador-3-1  S
15:50:00.849615 | PID  64719 | PPID  63617 | TID  64719 | centro_despacho | MainThread       |       └ TID 64729   despachador-3-2  S
15:50:00.885787 | PID  64721 | PPID  64719 | TID  64724 | trabajador-1    | despachador-1-2  | EN RUTA solicitud 1000000
15:50:00.886864 | PID  64721 | PPID  64719 | TID  64723 | trabajador-1    | despachador-1-1  | EN RUTA solicitud 2000000
15:50:00.965282 | PID  64721 | PPID  64719 | TID  64723 | trabajador-1    | despachador-1-1  | ENTREGADA solicitud 2000000 | servicio 118 ms
15:50:00.970173 | PID  64721 | PPID  64719 | TID  64724 | trabajador-1    | despachador-1-2  | ENTREGADA solicitud 1000000 | servicio 123 ms
15:50:01.344196 | PID  64722 | PPID  64719 | TID  64726 | trabajador-2    | despachador-2-1  | CONSUMIDOR ESPERANDO: cola vacía
15:50:01.345331 | PID  64725 | PPID  64719 | TID  64728 | trabajador-3    | despachador-3-1  | CONSUMIDOR ESPERANDO: cola vacía
15:50:01.345035 | PID  64722 | PPID  64719 | TID  64727 | trabajador-2    | despachador-2-2  | CONSUMIDOR ESPERANDO: cola vacía
15:50:01.348269 | PID  64725 | PPID  64719 | TID  64729 | trabajador-3    | despachador-3-2  | CONSUMIDOR ESPERANDO: cola vacía
15:50:01.466989 | PID  64721 | PPID  64719 | TID  64723 | trabajador-1    | despachador-1-1  | CONSUMIDOR ESPERANDO: cola vacía
15:50:01.471017 | PID  64721 | PPID  64719 | TID  64724 | trabajador-1    | despachador-1-2  | CONSUMIDOR ESPERANDO: cola vacía
15:50:02.348029 | PID  64719 | PPID  63617 | TID  64730 | centro_despacho | generador-1      | RECIBIDA solicitud 1000001 (ráfaga 2) Jumbo: Chiquinquirá -> Paipa | en cola ~1
15:50:02.348681 | PID  64725 | PPID  64719 | TID  64728 | trabajador-3    | despachador-3-1  | DESPACHO solicitud 1000001 (Jumbo: Chiquinquirá -> Paipa) | esperó en cola 1 ms
15:50:02.348681 | PID  64719 | PPID  63617 | TID  64731 | centro_despacho | generador-2      | RÁFAGA 2: 2 generadores liberados simultáneamente
15:50:02.349464 | PID  64719 | PPID  63617 | TID  64731 | centro_despacho | generador-2      | RECIBIDA solicitud 2000001 (ráfaga 2) Olímpica: Garagoa -> Villa de Leyva | en cola ~0
15:50:02.349593 | PID  64725 | PPID  64719 | TID  64729 | trabajador-3    | despachador-3-2  | DESPACHO solicitud 2000001 (Olímpica: Garagoa -> Villa de Leyva) | esperó en cola 0 ms
15:50:02.381266 | PID  64725 | PPID  64719 | TID  64728 | trabajador-3    | despachador-3-1  | EN RUTA solicitud 1000001
15:50:02.397976 | PID  64725 | PPID  64719 | TID  64729 | trabajador-3    | despachador-3-2  | EN RUTA solicitud 2000001
15:50:02.433003 | PID  64725 | PPID  64719 | TID  64728 | trabajador-3    | despachador-3-1  | ENTREGADA solicitud 1000001 | servicio 84 ms
15:50:02.448733 | PID  64725 | PPID  64719 | TID  64729 | trabajador-3    | despachador-3-2  | ENTREGADA solicitud 2000001 | servicio 99 ms
15:50:02.934721 | PID  64725 | PPID  64719 | TID  64728 | trabajador-3    | despachador-3-1  | CONSUMIDOR ESPERANDO: cola vacía
15:50:02.949473 | PID  64725 | PPID  64719 | TID  64729 | trabajador-3    | despachador-3-2  | CONSUMIDOR ESPERANDO: cola vacía
15:50:03.051743 | PID  64719 | PPID  63617 | TID  64719 | centro_despacho | MainThread       | CAÍDO trabajador-2 (PID 64722): terminado por señal SIGKILL
15:50:03.850291 | PID  64719 | PPID  63617 | TID  64731 | centro_despacho | generador-2      | RECIBIDA solicitud 2000002 (ráfaga 3) D1: Duitama -> Villa de Leyva | en cola ~1
15:50:03.850838 | PID  64725 | PPID  64719 | TID  64728 | trabajador-3    | despachador-3-1  | DESPACHO solicitud 2000002 (D1: Duitama -> Villa de Leyva) | esperó en cola 1 ms
15:50:03.851058 | PID  64719 | PPID  63617 | TID  64730 | centro_despacho | generador-1      | RÁFAGA 3: 2 generadores liberados simultáneamente
15:50:03.851886 | PID  64725 | PPID  64719 | TID  64729 | trabajador-3    | despachador-3-2  | DESPACHO solicitud 1000002 (Homecenter: Tunja -> Moniquirá) | esperó en cola 0 ms
15:50:03.852009 | PID  64719 | PPID  63617 | TID  64730 | centro_despacho | generador-1      | RECIBIDA solicitud 1000002 (ráfaga 3) Homecenter: Tunja -> Moniquirá | en cola ~0
15:50:03.873499 | PID  64725 | PPID  64719 | TID  64728 | trabajador-3    | despachador-3-1  | EN RUTA solicitud 2000002
15:50:03.890531 | PID  64725 | PPID  64719 | TID  64729 | trabajador-3    | despachador-3-2  | EN RUTA solicitud 1000002
15:50:03.927139 | PID  64725 | PPID  64719 | TID  64728 | trabajador-3    | despachador-3-1  | ENTREGADA solicitud 2000002 | servicio 76 ms
15:50:03.986948 | PID  64725 | PPID  64719 | TID  64729 | trabajador-3    | despachador-3-2  | ENTREGADA solicitud 1000002 | servicio 135 ms
15:50:04.427493 | PID  64725 | PPID  64719 | TID  64728 | trabajador-3    | despachador-3-1  | CONSUMIDOR ESPERANDO: cola vacía
15:50:04.487283 | PID  64725 | PPID  64719 | TID  64729 | trabajador-3    | despachador-3-2  | CONSUMIDOR ESPERANDO: cola vacía
15:50:05.353027 | PID  64719 | PPID  63617 | TID  64730 | centro_despacho | generador-1      | RECIBIDA solicitud 1000003 (ráfaga 4) D1: Moniquirá -> Sogamoso | en cola ~1
15:50:05.353268 | PID  64725 | PPID  64719 | TID  64728 | trabajador-3    | despachador-3-1  | DESPACHO solicitud 1000003 (D1: Moniquirá -> Sogamoso) | esperó en cola 0 ms
15:50:05.353767 | PID  64719 | PPID  63617 | TID  64731 | centro_despacho | generador-2      | RÁFAGA 4: 2 generadores liberados simultáneamente
15:50:05.354462 | PID  64719 | PPID  63617 | TID  64731 | centro_despacho | generador-2      | RECIBIDA solicitud 2000003 (ráfaga 4) Falabella: Villa de Leyva -> Moniquirá | en cola ~1
15:50:05.354690 | PID  64721 | PPID  64719 | TID  64723 | trabajador-1    | despachador-1-1  | DESPACHO solicitud 2000003 (Falabella: Villa de Leyva -> Moniquirá) | esperó en cola 0 ms
15:50:05.377308 | PID  64721 | PPID  64719 | TID  64723 | trabajador-1    | despachador-1-1  | EN RUTA solicitud 2000003
15:50:05.382160 | PID  64725 | PPID  64719 | TID  64728 | trabajador-3    | despachador-3-1  | EN RUTA solicitud 1000003
15:50:05.444909 | PID  64725 | PPID  64719 | TID  64728 | trabajador-3    | despachador-3-1  | ENTREGADA solicitud 1000003 | servicio 92 ms
15:50:05.453096 | PID  64721 | PPID  64719 | TID  64723 | trabajador-1    | despachador-1-1  | ENTREGADA solicitud 2000003 | servicio 98 ms
15:50:05.945907 | PID  64725 | PPID  64719 | TID  64728 | trabajador-3    | despachador-3-1  | CONSUMIDOR ESPERANDO: cola vacía
15:50:05.953838 | PID  64721 | PPID  64719 | TID  64723 | trabajador-1    | despachador-1-1  | CONSUMIDOR ESPERANDO: cola vacía
15:50:06.855332 | PID  64719 | PPID  63617 | TID  64731 | centro_despacho | generador-2      | RECIBIDA solicitud 2000004 (ráfaga 5) D1: Paipa -> Moniquirá | en cola ~1
15:50:06.855668 | PID  64725 | PPID  64719 | TID  64728 | trabajador-3    | despachador-3-1  | DESPACHO solicitud 2000004 (D1: Paipa -> Moniquirá) | esperó en cola 0 ms
15:50:06.856058 | PID  64719 | PPID  63617 | TID  64730 | centro_despacho | generador-1      | RÁFAGA 5: 2 generadores liberados simultáneamente
15:50:06.856899 | PID  64719 | PPID  63617 | TID  64730 | centro_despacho | generador-1      | RECIBIDA solicitud 1000004 (ráfaga 5) Éxito: Tunja -> Sogamoso | en cola ~1
15:50:06.857085 | PID  64721 | PPID  64719 | TID  64723 | trabajador-1    | despachador-1-1  | DESPACHO solicitud 1000004 (Éxito: Tunja -> Sogamoso) | esperó en cola 0 ms
15:50:06.894841 | PID  64721 | PPID  64719 | TID  64723 | trabajador-1    | despachador-1-1  | EN RUTA solicitud 1000004
15:50:06.901499 | PID  64725 | PPID  64719 | TID  64728 | trabajador-3    | despachador-3-1  | EN RUTA solicitud 2000004
15:50:06.961635 | PID  64721 | PPID  64719 | TID  64723 | trabajador-1    | despachador-1-1  | ENTREGADA solicitud 1000004 | servicio 104 ms
15:50:06.977383 | PID  64725 | PPID  64719 | TID  64728 | trabajador-3    | despachador-3-1  | ENTREGADA solicitud 2000004 | servicio 122 ms
15:50:07.179872 | PID  64719 | PPID  63617 | TID  64719 | centro_despacho | MainThread       | SEÑAL SIGINT recibida: se detiene la generación y se cancelan las solicitudes en cola
15:50:07.256896 | PID  64719 | PPID  63617 | TID  64731 | centro_despacho | generador-2      | FIN generador 2: generadas=5, bloqueos por cola llena=0 (0.000 s)
15:50:07.257760 | PID  64719 | PPID  63617 | TID  64730 | centro_despacho | generador-1      | FIN generador 1: generadas=5, bloqueos por cola llena=0 (0.000 s)
15:50:07.555844 | PID  64721 | PPID  64719 | TID  64721 | trabajador-1    | MainThread       | FIN trabajador 1 | atendidas por hilo: despachador-1-1=3, despachador-1-2=1
15:50:07.559093 | PID  64725 | PPID  64719 | TID  64725 | trabajador-3    | MainThread       | FIN trabajador 3 | atendidas por hilo: despachador-3-1=4, despachador-3-2=2
15:50:07.582079 | PID  64719 | PPID  63617 | TID  64719 | centro_despacho | MainThread       | TERMINÓ trabajador-1 (PID 64721): exit(0)
15:50:07.582843 | PID  64719 | PPID  63617 | TID  64719 | centro_despacho | MainThread       | TERMINÓ trabajador-3 (PID 64725): exit(0)
15:50:07.633738 | PID  64719 | PPID  63617 | TID  64719 | centro_despacho | MainThread       | RESUMEN de terminación:
15:50:07.634202 | PID  64719 | PPID  63617 | TID  64719 | centro_despacho | MainThread       |   trabajador-1   PID 64721   exit(0)
15:50:07.634666 | PID  64719 | PPID  63617 | TID  64719 | centro_despacho | MainThread       |   trabajador-2   PID 64722   terminado por señal SIGKILL
15:50:07.634970 | PID  64719 | PPID  63617 | TID  64719 | centro_despacho | MainThread       |   trabajador-3   PID 64725   exit(0)
15:50:07.635405 | PID  64719 | PPID  63617 | TID  64719 | centro_despacho | MainThread       | VERIFICACIÓN: procesos hijos que siguen en /proc: ninguno (sin zombis ni huérfanos)
15:50:07.635783 | PID  64719 | PPID  63617 | TID  64719 | centro_despacho | MainThread       | ESTADÍSTICAS:
15:50:07.636031 | PID  64719 | PPID  63617 | TID  64719 | centro_despacho | MainThread       |   solicitudes: generadas=10 entregadas=10 canceladas=0 no atendidas=0
15:50:07.636383 | PID  64719 | PPID  63617 | TID  64719 | centro_despacho | MainThread       |   productores: bloqueos por cola llena=0, tiempo bloqueados=0.000 s
15:50:07.636827 | PID  64719 | PPID  63617 | TID  64719 | centro_despacho | MainThread       |   espera en cola (ms): mín=0 prom=0 máx=1
15:50:07.637120 | PID  64719 | PPID  63617 | TID  64719 | centro_despacho | MainThread       |   servicio (s): prom=0.105 | trabajo total (suma)=1.05 s
15:50:07.637419 | PID  64719 | PPID  63617 | TID  64719 | centro_despacho | MainThread       |   tiempo total=6.13 s | rendimiento=1.63 solicitudes/s | concurrencia efectiva (trabajo/tiempo)=0.17
15:50:07.637857 | PID  64719 | PPID  63617 | TID  64719 | centro_despacho | MainThread       |   concurrencia máxima observada=2 (capacidad = 3 trabajadores x 2 hilos = 6)
15:50:07.638438 | PID  64719 | PPID  63617 | TID  64719 | centro_despacho | MainThread       |   reparto por trabajador: trabajador-1=4, trabajador-3=6
15:50:07.638800 | PID  64719 | PPID  63617 | TID  64719 | centro_despacho | MainThread       |   reparto por hilo: despachador-1-1=3, despachador-1-2=1, despachador-3-1=4, despachador-3-2=2
15:50:07.639122 | PID  64719 | PPID  63617 | TID  64719 | centro_despacho | MainThread       |   CPU: principal=0.13 s, trabajadores=0.06 s | tiempo real=6.79 s | uso medio de CPU de los trabajadores=0.9 %
15:50:07.639396 | PID  64719 | PPID  63617 | TID  64719 | centro_despacho | MainThread       |   cambios de contexto trabajadores: voluntarios=293, involuntarios=8
15:50:07.639762 | PID  64719 | PPID  63617 | TID  64719 | centro_despacho | MainThread       | FIN centro de despacho (con fallos)
