15:49:46.844949 | PID  64583 | PPID  63617 | TID  64583 | centro_despacho | MainThread       | INICIO centro de despacho | método=fork | trabajadores=3 x 2 hilos | generadores=2 | solicitudes=continuo | cola=semaforos(10) | semilla=42 | log=evidencias/fase2/h3/semaforos_2.log
15:49:46.856224 | PID  64583 | PPID  63617 | TID  64583 | centro_despacho | MainThread       | CREADO trabajador-1 -> PID 64585
15:49:46.857485 | PID  64585 | PPID  64583 | TID  64585 | trabajador-1    | MainThread       | INICIO trabajador 1 con 2 hilos despachadores
15:49:46.857408 | PID  64583 | PPID  63617 | TID  64583 | centro_despacho | MainThread       | CREADO trabajador-2 -> PID 64586
15:49:46.858945 | PID  64586 | PPID  64583 | TID  64586 | trabajador-2    | MainThread       | INICIO trabajador 2 con 2 hilos despachadores
15:49:46.858862 | PID  64583 | PPID  63617 | TID  64583 | centro_despacho | MainThread       | CREADO trabajador-3 -> PID 64589
15:49:46.860141 | PID  64589 | PPID  64583 | TID  64589 | trabajador-3    | MainThread       | INICIO trabajador 3 con 2 hilos despachadores
15:49:46.860321 | PID  64583 | PPID  63617 | TID  64583 | centro_despacho | MainThread       | SINCRONIZADO: 3 trabajadores listos
15:49:46.861651 | PID  64583 | PPID  63617 | TID  64583 | centro_despacho | MainThread       | JERARQUÍA de procesos e hilos (leída de /proc):
15:49:46.861778 | PID  64583 | PPID  63617 | TID  64583 | centro_despacho | MainThread       |   PID     PPID    NOMBRE           ESTADO HILOS  RSS(kB)  
15:49:46.861915 | PID  64583 | PPID  63617 | TID  64594 | centro_despacho | generador-1      | RÁFAGA 1: 2 generadores liberados simultáneamente
15:49:46.862240 | PID  64585 | PPID  64583 | TID  64587 | trabajador-1    | despachador-1-1  | DESPACHO solicitud 2000000 (Jumbo: Paipa -> Duitama) | esperó en cola 1 ms
15:49:46.862262 | PID  64583 | PPID  63617 | TID  64594 | centro_despacho | generador-1      | RECIBIDA solicitud 1000000 (ráfaga 1) Homecenter: Sogamoso -> Tunja | en cola ~1
15:49:46.862076 | PID  64583 | PPID  63617 | TID  64595 | centro_despacho | generador-2      | RECIBIDA solicitud 2000000 (ráfaga 1) Jumbo: Paipa -> Duitama | en cola ~0
15:49:46.862518 | PID  64583 | PPID  63617 | TID  64583 | centro_despacho | MainThread       |   64583   63617   centro_despacho  R      3      23040    
15:49:46.862389 | PID  64585 | PPID  64583 | TID  64588 | trabajador-1    | despachador-1-2  | DESPACHO solicitud 1000000 (Homecenter: Sogamoso -> Tunja) | esperó en cola 0 ms
15:49:46.862777 | PID  64583 | PPID  63617 | TID  64583 | centro_despacho | MainThread       |       └ TID 64583   centro_despacho  R
15:49:46.862842 | PID  64583 | PPID  63617 | TID  64583 | centro_despacho | MainThread       |       └ TID 64594   generador-1      S
15:49:46.862889 | PID  64583 | PPID  63617 | TID  64583 | centro_despacho | MainThread       |       └ TID 64595   generador-2      S
15:49:46.863039 | PID  64583 | PPID  63617 | TID  64583 | centro_despacho | MainThread       |   64585   64583   trabajador-1     S      3      19000    
15:49:46.863252 | PID  64583 | PPID  63617 | TID  64583 | centro_despacho | MainThread       |       └ TID 64585   trabajador-1     S
15:49:46.863308 | PID  64583 | PPID  63617 | TID  64583 | centro_despacho | MainThread       |       └ TID 64587   despachador-1-1  S
15:49:46.863352 | PID  64583 | PPID  63617 | TID  64583 | centro_despacho | MainThread       |       └ TID 64588   despachador-1-2  S
15:49:46.863483 | PID  64583 | PPID  63617 | TID  64583 | centro_despacho | MainThread       |   64586   64583   trabajador-2     S      3      18700    
15:49:46.863682 | PID  64583 | PPID  63617 | TID  64583 | centro_despacho | MainThread       |       └ TID 64586   trabajador-2     S
15:49:46.863736 | PID  64583 | PPID  63617 | TID  64583 | centro_despacho | MainThread       |       └ TID 64590   despachador-2-1  S
15:49:46.863780 | PID  64583 | PPID  63617 | TID  64583 | centro_despacho | MainThread       |       └ TID 64591   despachador-2-2  S
15:49:46.863908 | PID  64583 | PPID  63617 | TID  64583 | centro_despacho | MainThread       |   64589   64583   trabajador-3     S      3      18700    
15:49:46.864104 | PID  64583 | PPID  63617 | TID  64583 | centro_despacho | MainThread       |       └ TID 64589   trabajador-3     S
15:49:46.864155 | PID  64583 | PPID  63617 | TID  64583 | centro_despacho | MainThread       |       └ TID 64592   despachador-3-1  S
15:49:46.864198 | PID  64583 | PPID  63617 | TID  64583 | centro_despacho | MainThread       |       └ TID 64593   despachador-3-2  S
15:49:46.900699 | PID  64585 | PPID  64583 | TID  64588 | trabajador-1    | despachador-1-2  | EN RUTA solicitud 1000000
15:49:46.901560 | PID  64585 | PPID  64583 | TID  64587 | trabajador-1    | despachador-1-1  | EN RUTA solicitud 2000000
15:49:46.980109 | PID  64585 | PPID  64583 | TID  64587 | trabajador-1    | despachador-1-1  | ENTREGADA solicitud 2000000 | servicio 118 ms
15:49:46.984677 | PID  64585 | PPID  64583 | TID  64588 | trabajador-1    | despachador-1-2  | ENTREGADA solicitud 1000000 | servicio 122 ms
15:49:47.359084 | PID  64586 | PPID  64583 | TID  64590 | trabajador-2    | despachador-2-1  | CONSUMIDOR ESPERANDO: cola vacía
15:49:47.360208 | PID  64589 | PPID  64583 | TID  64592 | trabajador-3    | despachador-3-1  | CONSUMIDOR ESPERANDO: cola vacía
15:49:47.360003 | PID  64586 | PPID  64583 | TID  64591 | trabajador-2    | despachador-2-2  | CONSUMIDOR ESPERANDO: cola vacía
15:49:47.363589 | PID  64589 | PPID  64583 | TID  64593 | trabajador-3    | despachador-3-2  | CONSUMIDOR ESPERANDO: cola vacía
15:49:47.481923 | PID  64585 | PPID  64583 | TID  64587 | trabajador-1    | despachador-1-1  | CONSUMIDOR ESPERANDO: cola vacía
15:49:47.485426 | PID  64585 | PPID  64583 | TID  64588 | trabajador-1    | despachador-1-2  | CONSUMIDOR ESPERANDO: cola vacía
15:49:48.362848 | PID  64583 | PPID  63617 | TID  64595 | centro_despacho | generador-2      | RECIBIDA solicitud 2000001 (ráfaga 2) Olímpica: Garagoa -> Villa de Leyva | en cola ~1
15:49:48.363198 | PID  64589 | PPID  64583 | TID  64592 | trabajador-3    | despachador-3-1  | DESPACHO solicitud 2000001 (Olímpica: Garagoa -> Villa de Leyva) | esperó en cola 0 ms
15:49:48.363157 | PID  64583 | PPID  63617 | TID  64594 | centro_despacho | generador-1      | RÁFAGA 2: 2 generadores liberados simultáneamente
15:49:48.363553 | PID  64583 | PPID  63617 | TID  64594 | centro_despacho | generador-1      | RECIBIDA solicitud 1000001 (ráfaga 2) Jumbo: Chiquinquirá -> Paipa | en cola ~1
15:49:48.363649 | PID  64589 | PPID  64583 | TID  64593 | trabajador-3    | despachador-3-2  | DESPACHO solicitud 1000001 (Jumbo: Chiquinquirá -> Paipa) | esperó en cola 0 ms
15:49:48.396001 | PID  64589 | PPID  64583 | TID  64593 | trabajador-3    | despachador-3-2  | EN RUTA solicitud 1000001
15:49:48.411683 | PID  64589 | PPID  64583 | TID  64592 | trabajador-3    | despachador-3-1  | EN RUTA solicitud 2000001
15:49:48.447644 | PID  64589 | PPID  64583 | TID  64593 | trabajador-3    | despachador-3-2  | ENTREGADA solicitud 1000001 | servicio 84 ms
15:49:48.462127 | PID  64589 | PPID  64583 | TID  64592 | trabajador-3    | despachador-3-1  | ENTREGADA solicitud 2000001 | servicio 99 ms
15:49:48.949427 | PID  64589 | PPID  64583 | TID  64593 | trabajador-3    | despachador-3-2  | CONSUMIDOR ESPERANDO: cola vacía
15:49:48.963144 | PID  64589 | PPID  64583 | TID  64592 | trabajador-3    | despachador-3-1  | CONSUMIDOR ESPERANDO: cola vacía
15:49:49.065424 | PID  64583 | PPID  63617 | TID  64583 | centro_despacho | MainThread       | CAÍDO trabajador-2 (PID 64586): terminado por señal SIGKILL
15:49:49.864241 | PID  64583 | PPID  63617 | TID  64594 | centro_despacho | generador-1      | RECIBIDA solicitud 1000002 (ráfaga 3) Homecenter: Tunja -> Moniquirá | en cola ~1
15:49:49.864430 | PID  64589 | PPID  64583 | TID  64593 | trabajador-3    | despachador-3-2  | DESPACHO solicitud 1000002 (Homecenter: Tunja -> Moniquirá) | esperó en cola 0 ms
15:49:49.864834 | PID  64583 | PPID  63617 | TID  64595 | centro_despacho | generador-2      | RÁFAGA 3: 2 generadores liberados simultáneamente
15:49:49.865517 | PID  64583 | PPID  63617 | TID  64595 | centro_despacho | generador-2      | RECIBIDA solicitud 2000002 (ráfaga 3) D1: Duitama -> Villa de Leyva | en cola ~1
15:49:49.865720 | PID  64589 | PPID  64583 | TID  64592 | trabajador-3    | despachador-3-1  | DESPACHO solicitud 2000002 (D1: Duitama -> Villa de Leyva) | esperó en cola 0 ms
15:49:49.888454 | PID  64589 | PPID  64583 | TID  64592 | trabajador-3    | despachador-3-1  | EN RUTA solicitud 2000002
15:49:49.903186 | PID  64589 | PPID  64583 | TID  64593 | trabajador-3    | despachador-3-2  | EN RUTA solicitud 1000002
15:49:49.942258 | PID  64589 | PPID  64583 | TID  64592 | trabajador-3    | despachador-3-1  | ENTREGADA solicitud 2000002 | servicio 77 ms
15:49:50.000021 | PID  64589 | PPID  64583 | TID  64593 | trabajador-3    | despachador-3-2  | ENTREGADA solicitud 1000002 | servicio 136 ms
15:49:50.443194 | PID  64589 | PPID  64583 | TID  64592 | trabajador-3    | despachador-3-1  | CONSUMIDOR ESPERANDO: cola vacía
15:49:50.500796 | PID  64589 | PPID  64583 | TID  64593 | trabajador-3    | despachador-3-2  | CONSUMIDOR ESPERANDO: cola vacía
15:49:51.366364 | PID  64583 | PPID  63617 | TID  64595 | centro_despacho | generador-2      | RECIBIDA solicitud 2000003 (ráfaga 4) Falabella: Villa de Leyva -> Moniquirá | en cola ~1
15:49:51.366633 | PID  64589 | PPID  64583 | TID  64592 | trabajador-3    | despachador-3-1  | DESPACHO solicitud 2000003 (Falabella: Villa de Leyva -> Moniquirá) | esperó en cola 0 ms
15:49:51.366943 | PID  64583 | PPID  63617 | TID  64594 | centro_despacho | generador-1      | RÁFAGA 4: 2 generadores liberados simultáneamente
15:49:51.367653 | PID  64583 | PPID  63617 | TID  64594 | centro_despacho | generador-1      | RECIBIDA solicitud 1000003 (ráfaga 4) D1: Moniquirá -> Sogamoso | en cola ~1
15:49:51.367840 | PID  64585 | PPID  64583 | TID  64587 | trabajador-1    | despachador-1-1  | DESPACHO solicitud 1000003 (D1: Moniquirá -> Sogamoso) | esperó en cola 0 ms
15:49:51.389289 | PID  64589 | PPID  64583 | TID  64592 | trabajador-3    | despachador-3-1  | EN RUTA solicitud 2000003
15:49:51.396619 | PID  64585 | PPID  64583 | TID  64587 | trabajador-1    | despachador-1-1  | EN RUTA solicitud 1000003
15:49:51.459341 | PID  64585 | PPID  64583 | TID  64587 | trabajador-1    | despachador-1-1  | ENTREGADA solicitud 1000003 | servicio 91 ms
15:49:51.465184 | PID  64589 | PPID  64583 | TID  64592 | trabajador-3    | despachador-3-1  | ENTREGADA solicitud 2000003 | servicio 99 ms
15:49:51.960135 | PID  64585 | PPID  64583 | TID  64587 | trabajador-1    | despachador-1-1  | CONSUMIDOR ESPERANDO: cola vacía
15:49:51.966142 | PID  64589 | PPID  64583 | TID  64592 | trabajador-3    | despachador-3-1  | CONSUMIDOR ESPERANDO: cola vacía
15:49:52.868402 | PID  64583 | PPID  63617 | TID  64594 | centro_despacho | generador-1      | RECIBIDA solicitud 1000004 (ráfaga 5) Éxito: Tunja -> Sogamoso | en cola ~1
15:49:52.868696 | PID  64585 | PPID  64583 | TID  64587 | trabajador-1    | despachador-1-1  | DESPACHO solicitud 1000004 (Éxito: Tunja -> Sogamoso) | esperó en cola 0 ms
15:49:52.868985 | PID  64583 | PPID  63617 | TID  64595 | centro_despacho | generador-2      | RÁFAGA 5: 2 generadores liberados simultáneamente
15:49:52.869818 | PID  64583 | PPID  63617 | TID  64595 | centro_despacho | generador-2      | RECIBIDA solicitud 2000004 (ráfaga 5) D1: Paipa -> Moniquirá | en cola ~1
15:49:52.869995 | PID  64589 | PPID  64583 | TID  64592 | trabajador-3    | despachador-3-1  | DESPACHO solicitud 2000004 (D1: Paipa -> Moniquirá) | esperó en cola 0 ms
15:49:52.906447 | PID  64585 | PPID  64583 | TID  64587 | trabajador-1    | despachador-1-1  | EN RUTA solicitud 1000004
15:49:52.915591 | PID  64589 | PPID  64583 | TID  64592 | trabajador-3    | despachador-3-1  | EN RUTA solicitud 2000004
15:49:52.973351 | PID  64585 | PPID  64583 | TID  64587 | trabajador-1    | despachador-1-1  | ENTREGADA solicitud 1000004 | servicio 105 ms
15:49:52.991424 | PID  64589 | PPID  64583 | TID  64592 | trabajador-3    | despachador-3-1  | ENTREGADA solicitud 2000004 | servicio 121 ms
15:49:53.193738 | PID  64583 | PPID  63617 | TID  64583 | centro_despacho | MainThread       | SEÑAL SIGINT recibida: se detiene la generación y se cancelan las solicitudes en cola
15:49:53.269887 | PID  64583 | PPID  63617 | TID  64594 | centro_despacho | generador-1      | FIN generador 1: generadas=5, bloqueos por cola llena=0 (0.000 s)
15:49:53.270720 | PID  64583 | PPID  63617 | TID  64595 | centro_despacho | generador-2      | FIN generador 2: generadas=5, bloqueos por cola llena=0 (0.000 s)
15:49:53.572695 | PID  64585 | PPID  64583 | TID  64585 | trabajador-1    | MainThread       | FIN trabajador 1 | atendidas por hilo: despachador-1-1=3, despachador-1-2=1
15:49:53.574622 | PID  64589 | PPID  64583 | TID  64589 | trabajador-3    | MainThread       | FIN trabajador 3 | atendidas por hilo: despachador-3-1=4, despachador-3-2=2
15:49:53.595474 | PID  64583 | PPID  63617 | TID  64583 | centro_despacho | MainThread       | TERMINÓ trabajador-1 (PID 64585): exit(0)
15:49:53.596181 | PID  64583 | PPID  63617 | TID  64583 | centro_despacho | MainThread       | TERMINÓ trabajador-3 (PID 64589): exit(0)
15:49:53.646990 | PID  64583 | PPID  63617 | TID  64583 | centro_despacho | MainThread       | RESUMEN de terminación:
15:49:53.647320 | PID  64583 | PPID  63617 | TID  64583 | centro_despacho | MainThread       |   trabajador-1   PID 64585   exit(0)
15:49:53.647615 | PID  64583 | PPID  63617 | TID  64583 | centro_despacho | MainThread       |   trabajador-2   PID 64586   terminado por señal SIGKILL
15:49:53.647854 | PID  64583 | PPID  63617 | TID  64583 | centro_despacho | MainThread       |   trabajador-3   PID 64589   exit(0)
15:49:53.648151 | PID  64583 | PPID  63617 | TID  64583 | centro_despacho | MainThread       | VERIFICACIÓN: procesos hijos que siguen en /proc: ninguno (sin zombis ni huérfanos)
15:49:53.648376 | PID  64583 | PPID  63617 | TID  64583 | centro_despacho | MainThread       | ESTADÍSTICAS:
15:49:53.648583 | PID  64583 | PPID  63617 | TID  64583 | centro_despacho | MainThread       |   solicitudes: generadas=10 entregadas=10 canceladas=0 no atendidas=0
15:49:53.648776 | PID  64583 | PPID  63617 | TID  64583 | centro_despacho | MainThread       |   productores: bloqueos por cola llena=0, tiempo bloqueados=0.000 s
15:49:53.649060 | PID  64583 | PPID  63617 | TID  64583 | centro_despacho | MainThread       |   espera en cola (ms): mín=0 prom=0 máx=1
15:49:53.649320 | PID  64583 | PPID  63617 | TID  64583 | centro_despacho | MainThread       |   servicio (s): prom=0.105 | trabajo total (suma)=1.05 s
15:49:53.649607 | PID  64583 | PPID  63617 | TID  64583 | centro_despacho | MainThread       |   tiempo total=6.13 s | rendimiento=1.63 solicitudes/s | concurrencia efectiva (trabajo/tiempo)=0.17
15:49:53.649945 | PID  64583 | PPID  63617 | TID  64583 | centro_despacho | MainThread       |   concurrencia máxima observada=2 (capacidad = 3 trabajadores x 2 hilos = 6)
15:49:53.650419 | PID  64583 | PPID  63617 | TID  64583 | centro_despacho | MainThread       |   reparto por trabajador: trabajador-1=4, trabajador-3=6
15:49:53.650705 | PID  64583 | PPID  63617 | TID  64583 | centro_despacho | MainThread       |   reparto por hilo: despachador-1-1=3, despachador-1-2=1, despachador-3-1=4, despachador-3-2=2
15:49:53.650993 | PID  64583 | PPID  63617 | TID  64583 | centro_despacho | MainThread       |   CPU: principal=0.12 s, trabajadores=0.07 s | tiempo real=6.79 s | uso medio de CPU de los trabajadores=1.0 %
15:49:53.651260 | PID  64583 | PPID  63617 | TID  64583 | centro_despacho | MainThread       |   cambios de contexto trabajadores: voluntarios=295, involuntarios=5
15:49:53.651531 | PID  64583 | PPID  63617 | TID  64583 | centro_despacho | MainThread       | FIN centro de despacho (con fallos)
