16:02:03.771465 | PID  73278 | PPID  72996 | TID  73278 | centro_despacho | MainThread       | INICIO centro de despacho | método=fork | trabajadores=1 x 4 hilos | generadores=4 | solicitudes=36 | cola=semaforos(36) | semilla=42 | log=evidencias/fase2/e3_w1_t4.log
16:02:03.784308 | PID  73278 | PPID  72996 | TID  73278 | centro_despacho | MainThread       | CREADO trabajador-1 -> PID 73282
16:02:03.786109 | PID  73282 | PPID  73278 | TID  73282 | trabajador-1    | MainThread       | INICIO trabajador 1 con 4 hilos despachadores
16:02:03.786352 | PID  73278 | PPID  72996 | TID  73278 | centro_despacho | MainThread       | SINCRONIZADO: 1 trabajadores listos
16:02:03.788007 | PID  73278 | PPID  72996 | TID  73290 | centro_despacho | generador-4      | RECIBIDA solicitud 28 (ráfaga 1) Ara: Tunja -> Garagoa | en cola ~1
16:02:03.788159 | PID  73282 | PPID  73278 | TID  73283 | trabajador-1    | despachador-1-1  | DESPACHO solicitud 28 (Ara: Tunja -> Garagoa) | esperó en cola 0 ms
16:02:03.788328 | PID  73278 | PPID  72996 | TID  73290 | centro_despacho | generador-4      | RECIBIDA solicitud 29 (ráfaga 1) D1: Villa de Leyva -> Duitama | en cola ~1
16:02:03.788368 | PID  73282 | PPID  73278 | TID  73284 | trabajador-1    | despachador-1-2  | DESPACHO solicitud 29 (D1: Villa de Leyva -> Duitama) | esperó en cola 0 ms
16:02:03.788617 | PID  73282 | PPID  73278 | TID  73286 | trabajador-1    | despachador-1-4  | DESPACHO solicitud 10 (Jumbo: Paipa -> Duitama) | esperó en cola 0 ms
16:02:03.788661 | PID  73278 | PPID  72996 | TID  73290 | centro_despacho | generador-4      | RECIBIDA solicitud 30 (ráfaga 1) Olímpica: Paipa -> Sogamoso | en cola ~1
16:02:03.788501 | PID  73282 | PPID  73278 | TID  73285 | trabajador-1    | despachador-1-3  | DESPACHO solicitud 19 (Jumbo: Tunja -> Duitama) | esperó en cola 0 ms
16:02:03.788787 | PID  73278 | PPID  72996 | TID  73290 | centro_despacho | generador-4      | RECIBIDA solicitud 31 (ráfaga 1) Ara: Sogamoso -> Tunja | en cola ~2
16:02:03.788888 | PID  73278 | PPID  72996 | TID  73290 | centro_despacho | generador-4      | RECIBIDA solicitud 32 (ráfaga 1) Homecenter: Paipa -> Chiquinquirá | en cola ~3
16:02:03.788973 | PID  73278 | PPID  72996 | TID  73290 | centro_despacho | generador-4      | RECIBIDA solicitud 33 (ráfaga 1) Homecenter: Garagoa -> Sogamoso | en cola ~4
16:02:03.789056 | PID  73278 | PPID  72996 | TID  73290 | centro_despacho | generador-4      | RECIBIDA solicitud 34 (ráfaga 1) Alkosto: Chiquinquirá -> Villa de Leyva | en cola ~5
16:02:03.789146 | PID  73278 | PPID  72996 | TID  73290 | centro_despacho | generador-4      | RECIBIDA solicitud 35 (ráfaga 1) Homecenter: Tunja -> Sogamoso | en cola ~6
16:02:03.789233 | PID  73278 | PPID  72996 | TID  73290 | centro_despacho | generador-4      | RECIBIDA solicitud 36 (ráfaga 1) Homecenter: Sogamoso -> Duitama | en cola ~7
16:02:03.789306 | PID  73278 | PPID  72996 | TID  73290 | centro_despacho | generador-4      | FIN generador 4: generadas=9, bloqueos por cola llena=0 (0.000 s)
16:02:03.788210 | PID  73278 | PPID  72996 | TID  73278 | centro_despacho | MainThread       | JERARQUÍA de procesos e hilos (leída de /proc):
16:02:03.788126 | PID  73278 | PPID  72996 | TID  73287 | centro_despacho | generador-1      | RÁFAGA 1: 4 generadores liberados simultáneamente
16:02:03.789559 | PID  73278 | PPID  72996 | TID  73287 | centro_despacho | generador-1      | RECIBIDA solicitud 1 (ráfaga 1) Homecenter: Sogamoso -> Tunja | en cola ~8
16:02:03.789652 | PID  73278 | PPID  72996 | TID  73287 | centro_despacho | generador-1      | RECIBIDA solicitud 2 (ráfaga 1) Jumbo: Chiquinquirá -> Paipa | en cola ~9
16:02:03.789752 | PID  73278 | PPID  72996 | TID  73287 | centro_despacho | generador-1      | RECIBIDA solicitud 3 (ráfaga 1) Homecenter: Tunja -> Moniquirá | en cola ~10
16:02:03.788455 | PID  73278 | PPID  72996 | TID  73289 | centro_despacho | generador-3      | RECIBIDA solicitud 19 (ráfaga 1) Jumbo: Tunja -> Duitama | en cola ~1
16:02:03.788574 | PID  73278 | PPID  72996 | TID  73288 | centro_despacho | generador-2      | RECIBIDA solicitud 10 (ráfaga 1) Jumbo: Paipa -> Duitama | en cola ~1
16:02:03.790085 | PID  73278 | PPID  72996 | TID  73288 | centro_despacho | generador-2      | RECIBIDA solicitud 11 (ráfaga 1) Olímpica: Garagoa -> Villa de Leyva | en cola ~13
16:02:03.790188 | PID  73278 | PPID  72996 | TID  73288 | centro_despacho | generador-2      | RECIBIDA solicitud 12 (ráfaga 1) D1: Duitama -> Villa de Leyva | en cola ~14
16:02:03.790273 | PID  73278 | PPID  72996 | TID  73288 | centro_despacho | generador-2      | RECIBIDA solicitud 13 (ráfaga 1) Falabella: Villa de Leyva -> Moniquirá | en cola ~15
16:02:03.790359 | PID  73278 | PPID  72996 | TID  73288 | centro_despacho | generador-2      | RECIBIDA solicitud 14 (ráfaga 1) D1: Paipa -> Moniquirá | en cola ~16
16:02:03.790438 | PID  73278 | PPID  72996 | TID  73288 | centro_despacho | generador-2      | RECIBIDA solicitud 15 (ráfaga 1) Éxito: Tunja -> Paipa | en cola ~17
16:02:03.790515 | PID  73278 | PPID  72996 | TID  73288 | centro_despacho | generador-2      | RECIBIDA solicitud 16 (ráfaga 1) Jumbo: Paipa -> Moniquirá | en cola ~18
16:02:03.789437 | PID  73278 | PPID  72996 | TID  73278 | centro_despacho | MainThread       |   PID     PPID    NOMBRE           ESTADO HILOS  RSS(kB)  
16:02:03.789842 | PID  73278 | PPID  72996 | TID  73287 | centro_despacho | generador-1      | RECIBIDA solicitud 4 (ráfaga 1) D1: Moniquirá -> Sogamoso | en cola ~11
16:02:03.790820 | PID  73278 | PPID  72996 | TID  73287 | centro_despacho | generador-1      | RECIBIDA solicitud 5 (ráfaga 1) Éxito: Tunja -> Sogamoso | en cola ~20
16:02:03.790995 | PID  73278 | PPID  72996 | TID  73287 | centro_despacho | generador-1      | RECIBIDA solicitud 6 (ráfaga 1) Homecenter: Duitama -> Villa de Leyva | en cola ~21
16:02:03.789945 | PID  73278 | PPID  72996 | TID  73289 | centro_despacho | generador-3      | RECIBIDA solicitud 20 (ráfaga 1) Alkosto: Garagoa -> Paipa | en cola ~12
16:02:03.791240 | PID  73278 | PPID  72996 | TID  73289 | centro_despacho | generador-3      | RECIBIDA solicitud 21 (ráfaga 1) D1: Garagoa -> Tunja | en cola ~23
16:02:03.791327 | PID  73278 | PPID  72996 | TID  73289 | centro_despacho | generador-3      | RECIBIDA solicitud 22 (ráfaga 1) Alkosto: Paipa -> Duitama | en cola ~24
16:02:03.791503 | PID  73278 | PPID  72996 | TID  73289 | centro_despacho | generador-3      | RECIBIDA solicitud 23 (ráfaga 1) Homecenter: Duitama -> Garagoa | en cola ~25
16:02:03.791625 | PID  73278 | PPID  72996 | TID  73289 | centro_despacho | generador-3      | RECIBIDA solicitud 24 (ráfaga 1) Olímpica: Tunja -> Moniquirá | en cola ~26
16:02:03.790602 | PID  73278 | PPID  72996 | TID  73288 | centro_despacho | generador-2      | RECIBIDA solicitud 17 (ráfaga 1) Éxito: Paipa -> Moniquirá | en cola ~19
16:02:03.791830 | PID  73278 | PPID  72996 | TID  73288 | centro_despacho | generador-2      | RECIBIDA solicitud 18 (ráfaga 1) Falabella: Tunja -> Chiquinquirá | en cola ~28
16:02:03.791901 | PID  73278 | PPID  72996 | TID  73288 | centro_despacho | generador-2      | FIN generador 2: generadas=9, bloqueos por cola llena=0 (0.000 s)
16:02:03.791728 | PID  73278 | PPID  72996 | TID  73289 | centro_despacho | generador-3      | RECIBIDA solicitud 25 (ráfaga 1) Éxito: Chiquinquirá -> Duitama | en cola ~27
16:02:03.792117 | PID  73278 | PPID  72996 | TID  73289 | centro_despacho | generador-3      | RECIBIDA solicitud 26 (ráfaga 1) Alkosto: Moniquirá -> Sogamoso | en cola ~29
16:02:03.792232 | PID  73278 | PPID  72996 | TID  73289 | centro_despacho | generador-3      | RECIBIDA solicitud 27 (ráfaga 1) D1: Chiquinquirá -> Moniquirá | en cola ~30
16:02:03.791112 | PID  73278 | PPID  72996 | TID  73287 | centro_despacho | generador-1      | RECIBIDA solicitud 7 (ráfaga 1) Homecenter: Paipa -> Tunja | en cola ~22
16:02:03.792447 | PID  73278 | PPID  72996 | TID  73287 | centro_despacho | generador-1      | RECIBIDA solicitud 8 (ráfaga 1) D1: Villa de Leyva -> Sogamoso | en cola ~31
16:02:03.792561 | PID  73278 | PPID  72996 | TID  73287 | centro_despacho | generador-1      | RECIBIDA solicitud 9 (ráfaga 1) Ara: Chiquinquirá -> Moniquirá | en cola ~32
16:02:03.792653 | PID  73278 | PPID  72996 | TID  73287 | centro_despacho | generador-1      | FIN generador 1: generadas=9, bloqueos por cola llena=0 (0.000 s)
16:02:03.792320 | PID  73278 | PPID  72996 | TID  73289 | centro_despacho | generador-3      | FIN generador 3: generadas=9, bloqueos por cola llena=0 (0.000 s)
16:02:03.791425 | PID  73278 | PPID  72996 | TID  73278 | centro_despacho | MainThread       |   73278   72996   centro_despacho  R      4      23276    
16:02:03.793011 | PID  73278 | PPID  72996 | TID  73278 | centro_despacho | MainThread       |       └ TID 73278   centro_despacho  R
16:02:03.793238 | PID  73278 | PPID  72996 | TID  73278 | centro_despacho | MainThread       |   73282   73278   trabajador-1     S      5      19172    
16:02:03.793527 | PID  73278 | PPID  72996 | TID  73278 | centro_despacho | MainThread       |       └ TID 73282   trabajador-1     S
16:02:03.793609 | PID  73278 | PPID  72996 | TID  73278 | centro_despacho | MainThread       |       └ TID 73283   despachador-1-1  S
16:02:03.793675 | PID  73278 | PPID  72996 | TID  73278 | centro_despacho | MainThread       |       └ TID 73284   despachador-1-2  S
16:02:03.793733 | PID  73278 | PPID  72996 | TID  73278 | centro_despacho | MainThread       |       └ TID 73285   despachador-1-3  S
16:02:03.793788 | PID  73278 | PPID  72996 | TID  73278 | centro_despacho | MainThread       |       └ TID 73286   despachador-1-4  S
16:02:03.948944 | PID  73282 | PPID  73278 | TID  73285 | trabajador-1    | despachador-1-3  | EN RUTA solicitud 19
16:02:03.994503 | PID  73278 | PPID  72996 | TID  73278 | centro_despacho | MainThread       | GENERACIÓN terminada: se envían 4 centinelas (uno por hilo despachador)
16:02:04.014538 | PID  73282 | PPID  73278 | TID  73283 | trabajador-1    | despachador-1-1  | EN RUTA solicitud 28
16:02:04.015122 | PID  73282 | PPID  73278 | TID  73284 | trabajador-1    | despachador-1-2  | EN RUTA solicitud 29
16:02:04.016060 | PID  73282 | PPID  73278 | TID  73286 | trabajador-1    | despachador-1-4  | EN RUTA solicitud 10
16:02:04.234345 | PID  73282 | PPID  73278 | TID  73285 | trabajador-1    | despachador-1-3  | ENTREGADA solicitud 19 | servicio 446 ms
16:02:04.236938 | PID  73282 | PPID  73278 | TID  73285 | trabajador-1    | despachador-1-3  | DESPACHO solicitud 30 (Olímpica: Paipa -> Sogamoso) | esperó en cola 448 ms
16:02:04.277840 | PID  73282 | PPID  73278 | TID  73283 | trabajador-1    | despachador-1-1  | ENTREGADA solicitud 28 | servicio 490 ms
16:02:04.278245 | PID  73282 | PPID  73278 | TID  73283 | trabajador-1    | despachador-1-1  | DESPACHO solicitud 31 (Ara: Sogamoso -> Tunja) | esperó en cola 489 ms
16:02:04.393693 | PID  73282 | PPID  73278 | TID  73284 | trabajador-1    | despachador-1-2  | ENTREGADA solicitud 29 | servicio 605 ms
16:02:04.394500 | PID  73282 | PPID  73278 | TID  73284 | trabajador-1    | despachador-1-2  | DESPACHO solicitud 32 (Homecenter: Paipa -> Chiquinquirá) | esperó en cola 606 ms
16:02:04.443907 | PID  73282 | PPID  73278 | TID  73286 | trabajador-1    | despachador-1-4  | ENTREGADA solicitud 10 | servicio 655 ms
16:02:04.445097 | PID  73282 | PPID  73278 | TID  73286 | trabajador-1    | despachador-1-4  | DESPACHO solicitud 33 (Homecenter: Garagoa -> Sogamoso) | esperó en cola 656 ms
16:02:04.516770 | PID  73282 | PPID  73278 | TID  73283 | trabajador-1    | despachador-1-1  | EN RUTA solicitud 31
16:02:04.527807 | PID  73282 | PPID  73278 | TID  73285 | trabajador-1    | despachador-1-3  | EN RUTA solicitud 30
16:02:04.688263 | PID  73282 | PPID  73278 | TID  73284 | trabajador-1    | despachador-1-2  | EN RUTA solicitud 32
16:02:04.736245 | PID  73282 | PPID  73278 | TID  73286 | trabajador-1    | despachador-1-4  | EN RUTA solicitud 33
16:02:04.771672 | PID  73282 | PPID  73278 | TID  73283 | trabajador-1    | despachador-1-1  | ENTREGADA solicitud 31 | servicio 493 ms
16:02:04.772707 | PID  73282 | PPID  73278 | TID  73283 | trabajador-1    | despachador-1-1  | DESPACHO solicitud 34 (Alkosto: Chiquinquirá -> Villa de Leyva) | esperó en cola 984 ms
16:02:04.875471 | PID  73282 | PPID  73278 | TID  73285 | trabajador-1    | despachador-1-3  | ENTREGADA solicitud 30 | servicio 639 ms
16:02:04.876931 | PID  73282 | PPID  73278 | TID  73285 | trabajador-1    | despachador-1-3  | DESPACHO solicitud 35 (Homecenter: Tunja -> Sogamoso) | esperó en cola 1088 ms
16:02:04.938080 | PID  73282 | PPID  73278 | TID  73286 | trabajador-1    | despachador-1-4  | ENTREGADA solicitud 33 | servicio 493 ms
16:02:04.939033 | PID  73282 | PPID  73278 | TID  73286 | trabajador-1    | despachador-1-4  | DESPACHO solicitud 36 (Homecenter: Sogamoso -> Duitama) | esperó en cola 1150 ms
16:02:04.963802 | PID  73282 | PPID  73278 | TID  73283 | trabajador-1    | despachador-1-1  | EN RUTA solicitud 34
16:02:05.117670 | PID  73282 | PPID  73278 | TID  73285 | trabajador-1    | despachador-1-3  | EN RUTA solicitud 35
16:02:05.192070 | PID  73282 | PPID  73278 | TID  73286 | trabajador-1    | despachador-1-4  | EN RUTA solicitud 36
16:02:05.210497 | PID  73282 | PPID  73278 | TID  73284 | trabajador-1    | despachador-1-2  | ENTREGADA solicitud 32 | servicio 816 ms
16:02:05.211412 | PID  73282 | PPID  73278 | TID  73284 | trabajador-1    | despachador-1-2  | DESPACHO solicitud 1 (Homecenter: Sogamoso -> Tunja) | esperó en cola 1422 ms
16:02:05.434417 | PID  73282 | PPID  73278 | TID  73284 | trabajador-1    | despachador-1-2  | EN RUTA solicitud 1
16:02:05.464818 | PID  73282 | PPID  73278 | TID  73283 | trabajador-1    | despachador-1-1  | ENTREGADA solicitud 34 | servicio 692 ms
16:02:05.465802 | PID  73282 | PPID  73278 | TID  73283 | trabajador-1    | despachador-1-1  | DESPACHO solicitud 2 (Jumbo: Chiquinquirá -> Paipa) | esperó en cola 1676 ms
16:02:05.488458 | PID  73282 | PPID  73278 | TID  73285 | trabajador-1    | despachador-1-3  | ENTREGADA solicitud 35 | servicio 612 ms
16:02:05.489397 | PID  73282 | PPID  73278 | TID  73285 | trabajador-1    | despachador-1-3  | DESPACHO solicitud 3 (Homecenter: Tunja -> Moniquirá) | esperó en cola 1700 ms
16:02:05.615089 | PID  73282 | PPID  73278 | TID  73286 | trabajador-1    | despachador-1-4  | ENTREGADA solicitud 36 | servicio 676 ms
16:02:05.616340 | PID  73282 | PPID  73278 | TID  73286 | trabajador-1    | despachador-1-4  | DESPACHO solicitud 4 (D1: Moniquirá -> Sogamoso) | esperó en cola 1826 ms
16:02:05.648754 | PID  73282 | PPID  73278 | TID  73283 | trabajador-1    | despachador-1-1  | EN RUTA solicitud 2
16:02:05.712399 | PID  73282 | PPID  73278 | TID  73285 | trabajador-1    | despachador-1-3  | EN RUTA solicitud 3
16:02:05.773448 | PID  73282 | PPID  73278 | TID  73286 | trabajador-1    | despachador-1-4  | EN RUTA solicitud 4
16:02:05.857681 | PID  73282 | PPID  73278 | TID  73283 | trabajador-1    | despachador-1-1  | ENTREGADA solicitud 2 | servicio 392 ms
16:02:05.858486 | PID  73282 | PPID  73278 | TID  73283 | trabajador-1    | despachador-1-1  | DESPACHO solicitud 20 (Alkosto: Garagoa -> Paipa) | esperó en cola 2069 ms
16:02:05.900222 | PID  73282 | PPID  73278 | TID  73284 | trabajador-1    | despachador-1-2  | ENTREGADA solicitud 1 | servicio 689 ms
16:02:05.901123 | PID  73282 | PPID  73278 | TID  73284 | trabajador-1    | despachador-1-2  | DESPACHO solicitud 11 (Olímpica: Garagoa -> Villa de Leyva) | esperó en cola 2111 ms
16:02:06.070627 | PID  73282 | PPID  73278 | TID  73283 | trabajador-1    | despachador-1-1  | EN RUTA solicitud 20
16:02:06.073264 | PID  73282 | PPID  73278 | TID  73286 | trabajador-1    | despachador-1-4  | ENTREGADA solicitud 4 | servicio 457 ms
16:02:06.074358 | PID  73282 | PPID  73278 | TID  73286 | trabajador-1    | despachador-1-4  | DESPACHO solicitud 12 (D1: Duitama -> Villa de Leyva) | esperó en cola 2284 ms
16:02:06.188500 | PID  73282 | PPID  73278 | TID  73286 | trabajador-1    | despachador-1-4  | EN RUTA solicitud 12
16:02:06.189203 | PID  73282 | PPID  73278 | TID  73284 | trabajador-1    | despachador-1-2  | EN RUTA solicitud 11
16:02:06.280274 | PID  73282 | PPID  73278 | TID  73285 | trabajador-1    | despachador-1-3  | ENTREGADA solicitud 3 | servicio 791 ms
16:02:06.281367 | PID  73282 | PPID  73278 | TID  73285 | trabajador-1    | despachador-1-3  | DESPACHO solicitud 13 (Falabella: Villa de Leyva -> Moniquirá) | esperó en cola 2491 ms
16:02:06.392091 | PID  73282 | PPID  73278 | TID  73284 | trabajador-1    | despachador-1-2  | ENTREGADA solicitud 11 | servicio 491 ms
16:02:06.392715 | PID  73282 | PPID  73278 | TID  73284 | trabajador-1    | despachador-1-2  | DESPACHO solicitud 14 (D1: Paipa -> Moniquirá) | esperó en cola 2602 ms
16:02:06.399456 | PID  73282 | PPID  73278 | TID  73285 | trabajador-1    | despachador-1-3  | EN RUTA solicitud 13
16:02:06.417287 | PID  73282 | PPID  73278 | TID  73286 | trabajador-1    | despachador-1-4  | ENTREGADA solicitud 12 | servicio 343 ms
16:02:06.418050 | PID  73282 | PPID  73278 | TID  73286 | trabajador-1    | despachador-1-4  | DESPACHO solicitud 15 (Éxito: Tunja -> Paipa) | esperó en cola 2628 ms
16:02:06.482756 | PID  73282 | PPID  73278 | TID  73283 | trabajador-1    | despachador-1-1  | ENTREGADA solicitud 20 | servicio 624 ms
16:02:06.483711 | PID  73282 | PPID  73278 | TID  73283 | trabajador-1    | despachador-1-1  | DESPACHO solicitud 16 (Jumbo: Paipa -> Moniquirá) | esperó en cola 2693 ms
16:02:06.661278 | PID  73282 | PPID  73278 | TID  73284 | trabajador-1    | despachador-1-2  | EN RUTA solicitud 14
16:02:06.673934 | PID  73282 | PPID  73278 | TID  73286 | trabajador-1    | despachador-1-4  | EN RUTA solicitud 15
16:02:06.728750 | PID  73282 | PPID  73278 | TID  73283 | trabajador-1    | despachador-1-1  | EN RUTA solicitud 16
16:02:06.801970 | PID  73282 | PPID  73278 | TID  73285 | trabajador-1    | despachador-1-3  | ENTREGADA solicitud 13 | servicio 521 ms
16:02:06.803028 | PID  73282 | PPID  73278 | TID  73285 | trabajador-1    | despachador-1-3  | DESPACHO solicitud 17 (Éxito: Paipa -> Moniquirá) | esperó en cola 3012 ms
16:02:06.941243 | PID  73282 | PPID  73278 | TID  73285 | trabajador-1    | despachador-1-3  | EN RUTA solicitud 17
16:02:07.060083 | PID  73282 | PPID  73278 | TID  73284 | trabajador-1    | despachador-1-2  | ENTREGADA solicitud 14 | servicio 667 ms
16:02:07.060940 | PID  73282 | PPID  73278 | TID  73284 | trabajador-1    | despachador-1-2  | DESPACHO solicitud 5 (Éxito: Tunja -> Sogamoso) | esperó en cola 3270 ms
16:02:07.151978 | PID  73282 | PPID  73278 | TID  73286 | trabajador-1    | despachador-1-4  | ENTREGADA solicitud 15 | servicio 734 ms
16:02:07.152955 | PID  73282 | PPID  73278 | TID  73286 | trabajador-1    | despachador-1-4  | DESPACHO solicitud 6 (Homecenter: Duitama -> Villa de Leyva) | esperó en cola 3362 ms
16:02:07.273965 | PID  73282 | PPID  73278 | TID  73284 | trabajador-1    | despachador-1-2  | EN RUTA solicitud 5
16:02:07.299584 | PID  73282 | PPID  73278 | TID  73283 | trabajador-1    | despachador-1-1  | ENTREGADA solicitud 16 | servicio 816 ms
16:02:07.300351 | PID  73282 | PPID  73278 | TID  73283 | trabajador-1    | despachador-1-1  | DESPACHO solicitud 7 (Homecenter: Paipa -> Tunja) | esperó en cola 3509 ms
16:02:07.377357 | PID  73282 | PPID  73278 | TID  73286 | trabajador-1    | despachador-1-4  | EN RUTA solicitud 6
16:02:07.413984 | PID  73282 | PPID  73278 | TID  73285 | trabajador-1    | despachador-1-3  | ENTREGADA solicitud 17 | servicio 611 ms
16:02:07.415017 | PID  73282 | PPID  73278 | TID  73285 | trabajador-1    | despachador-1-3  | DESPACHO solicitud 21 (D1: Garagoa -> Tunja) | esperó en cola 3624 ms
16:02:07.429531 | PID  73282 | PPID  73278 | TID  73283 | trabajador-1    | despachador-1-1  | EN RUTA solicitud 7
16:02:07.606148 | PID  73282 | PPID  73278 | TID  73284 | trabajador-1    | despachador-1-2  | ENTREGADA solicitud 5 | servicio 545 ms
16:02:07.607225 | PID  73282 | PPID  73278 | TID  73284 | trabajador-1    | despachador-1-2  | DESPACHO solicitud 22 (Alkosto: Paipa -> Duitama) | esperó en cola 3816 ms
16:02:07.636233 | PID  73282 | PPID  73278 | TID  73286 | trabajador-1    | despachador-1-4  | ENTREGADA solicitud 6 | servicio 483 ms
16:02:07.637327 | PID  73282 | PPID  73278 | TID  73286 | trabajador-1    | despachador-1-4  | DESPACHO solicitud 23 (Homecenter: Duitama -> Garagoa) | esperó en cola 3846 ms
16:02:07.691531 | PID  73282 | PPID  73278 | TID  73285 | trabajador-1    | despachador-1-3  | EN RUTA solicitud 21
16:02:07.791360 | PID  73282 | PPID  73278 | TID  73284 | trabajador-1    | despachador-1-2  | EN RUTA solicitud 22
16:02:07.874497 | PID  73282 | PPID  73278 | TID  73283 | trabajador-1    | despachador-1-1  | ENTREGADA solicitud 7 | servicio 574 ms
16:02:07.875471 | PID  73282 | PPID  73278 | TID  73283 | trabajador-1    | despachador-1-1  | DESPACHO solicitud 24 (Olímpica: Tunja -> Moniquirá) | esperó en cola 4084 ms
16:02:07.923312 | PID  73282 | PPID  73278 | TID  73286 | trabajador-1    | despachador-1-4  | EN RUTA solicitud 23
16:02:07.993280 | PID  73282 | PPID  73278 | TID  73285 | trabajador-1    | despachador-1-3  | ENTREGADA solicitud 21 | servicio 578 ms
16:02:07.994205 | PID  73282 | PPID  73278 | TID  73285 | trabajador-1    | despachador-1-3  | DESPACHO solicitud 25 (Éxito: Chiquinquirá -> Duitama) | esperó en cola 4202 ms
16:02:08.002496 | PID  73282 | PPID  73278 | TID  73283 | trabajador-1    | despachador-1-1  | EN RUTA solicitud 24
16:02:08.170125 | PID  73282 | PPID  73278 | TID  73285 | trabajador-1    | despachador-1-3  | EN RUTA solicitud 25
16:02:08.173193 | PID  73282 | PPID  73278 | TID  73284 | trabajador-1    | despachador-1-2  | ENTREGADA solicitud 22 | servicio 566 ms
16:02:08.174032 | PID  73282 | PPID  73278 | TID  73284 | trabajador-1    | despachador-1-2  | DESPACHO solicitud 18 (Falabella: Tunja -> Chiquinquirá) | esperó en cola 4382 ms
16:02:08.373185 | PID  73282 | PPID  73278 | TID  73283 | trabajador-1    | despachador-1-1  | ENTREGADA solicitud 24 | servicio 498 ms
16:02:08.373873 | PID  73282 | PPID  73278 | TID  73283 | trabajador-1    | despachador-1-1  | DESPACHO solicitud 26 (Alkosto: Moniquirá -> Sogamoso) | esperó en cola 4582 ms
16:02:08.424110 | PID  73282 | PPID  73278 | TID  73284 | trabajador-1    | despachador-1-2  | EN RUTA solicitud 18
16:02:08.454199 | PID  73282 | PPID  73278 | TID  73286 | trabajador-1    | despachador-1-4  | ENTREGADA solicitud 23 | servicio 817 ms
16:02:08.455208 | PID  73282 | PPID  73278 | TID  73286 | trabajador-1    | despachador-1-4  | DESPACHO solicitud 27 (D1: Chiquinquirá -> Moniquirá) | esperó en cola 4663 ms
16:02:08.608153 | PID  73282 | PPID  73278 | TID  73286 | trabajador-1    | despachador-1-4  | EN RUTA solicitud 27
16:02:08.639322 | PID  73282 | PPID  73278 | TID  73283 | trabajador-1    | despachador-1-1  | EN RUTA solicitud 26
16:02:08.768986 | PID  73282 | PPID  73278 | TID  73285 | trabajador-1    | despachador-1-3  | ENTREGADA solicitud 25 | servicio 775 ms
16:02:08.769987 | PID  73282 | PPID  73278 | TID  73285 | trabajador-1    | despachador-1-3  | DESPACHO solicitud 8 (D1: Villa de Leyva -> Sogamoso) | esperó en cola 4978 ms
16:02:08.918732 | PID  73282 | PPID  73278 | TID  73284 | trabajador-1    | despachador-1-2  | ENTREGADA solicitud 18 | servicio 745 ms
16:02:08.919654 | PID  73282 | PPID  73278 | TID  73284 | trabajador-1    | despachador-1-2  | DESPACHO solicitud 9 (Ara: Chiquinquirá -> Moniquirá) | esperó en cola 5127 ms
16:02:09.003760 | PID  73282 | PPID  73278 | TID  73285 | trabajador-1    | despachador-1-3  | EN RUTA solicitud 8
16:02:09.106742 | PID  73282 | PPID  73278 | TID  73284 | trabajador-1    | despachador-1-2  | EN RUTA solicitud 9
16:02:09.197255 | PID  73282 | PPID  73278 | TID  73283 | trabajador-1    | despachador-1-1  | ENTREGADA solicitud 26 | servicio 823 ms
16:02:09.198085 | PID  73282 | PPID  73278 | TID  73283 | trabajador-1    | despachador-1-1  | CENTINELA recibido: el hilo termina
16:02:09.201175 | PID  73282 | PPID  73278 | TID  73286 | trabajador-1    | despachador-1-4  | ENTREGADA solicitud 27 | servicio 746 ms
16:02:09.201739 | PID  73282 | PPID  73278 | TID  73286 | trabajador-1    | despachador-1-4  | CENTINELA recibido: el hilo termina
16:02:09.427474 | PID  73282 | PPID  73278 | TID  73285 | trabajador-1    | despachador-1-3  | ENTREGADA solicitud 8 | servicio 658 ms
16:02:09.427882 | PID  73282 | PPID  73278 | TID  73285 | trabajador-1    | despachador-1-3  | CENTINELA recibido: el hilo termina
16:02:09.495470 | PID  73282 | PPID  73278 | TID  73284 | trabajador-1    | despachador-1-2  | ENTREGADA solicitud 9 | servicio 576 ms
16:02:09.496140 | PID  73282 | PPID  73278 | TID  73284 | trabajador-1    | despachador-1-2  | CENTINELA recibido: el hilo termina
16:02:09.499816 | PID  73282 | PPID  73278 | TID  73282 | trabajador-1    | MainThread       | FIN trabajador 1 | atendidas por hilo: despachador-1-1=9, despachador-1-2=9, despachador-1-3=9, despachador-1-4=9
16:02:09.697809 | PID  73278 | PPID  72996 | TID  73278 | centro_despacho | MainThread       | TERMINÓ trabajador-1 (PID 73282): exit(0)
16:02:09.749011 | PID  73278 | PPID  72996 | TID  73278 | centro_despacho | MainThread       | RESUMEN de terminación:
16:02:09.749748 | PID  73278 | PPID  72996 | TID  73278 | centro_despacho | MainThread       |   trabajador-1   PID 73282   exit(0)
16:02:09.750389 | PID  73278 | PPID  72996 | TID  73278 | centro_despacho | MainThread       | VERIFICACIÓN: procesos hijos que siguen en /proc: ninguno (sin zombis ni huérfanos)
16:02:09.750965 | PID  73278 | PPID  72996 | TID  73278 | centro_despacho | MainThread       | ESTADÍSTICAS:
16:02:09.751273 | PID  73278 | PPID  72996 | TID  73278 | centro_despacho | MainThread       |   solicitudes: generadas=36 entregadas=36 canceladas=0 no atendidas=0
16:02:09.751623 | PID  73278 | PPID  72996 | TID  73278 | centro_despacho | MainThread       |   productores: bloqueos por cola llena=0, tiempo bloqueados=0.000 s
16:02:09.752015 | PID  73278 | PPID  72996 | TID  73278 | centro_despacho | MainThread       |   espera en cola (ms): mín=0 prom=2372 máx=5127
16:02:09.752334 | PID  73278 | PPID  72996 | TID  73278 | centro_despacho | MainThread       |   servicio (s): prom=0.615 | trabajo total (suma)=22.13 s
16:02:09.752668 | PID  73278 | PPID  72996 | TID  73278 | centro_despacho | MainThread       |   tiempo total=5.71 s | rendimiento=6.31 solicitudes/s | concurrencia efectiva (trabajo/tiempo)=3.88
16:02:09.753112 | PID  73278 | PPID  72996 | TID  73278 | centro_despacho | MainThread       |   concurrencia máxima observada=4 (capacidad = 1 trabajadores x 4 hilos = 4)
16:02:09.753748 | PID  73278 | PPID  72996 | TID  73278 | centro_despacho | MainThread       |   reparto por trabajador: trabajador-1=36
16:02:09.754067 | PID  73278 | PPID  72996 | TID  73278 | centro_despacho | MainThread       |   reparto por hilo: despachador-1-1=9, despachador-1-2=9, despachador-1-3=9, despachador-1-4=9
16:02:09.754414 | PID  73278 | PPID  72996 | TID  73278 | centro_despacho | MainThread       |   CPU: principal=0.12 s, trabajadores=0.11 s | tiempo real=5.97 s | uso medio de CPU de los trabajadores=1.8 %
16:02:09.754760 | PID  73278 | PPID  72996 | TID  73278 | centro_despacho | MainThread       |   cambios de contexto trabajadores: voluntarios=322, involuntarios=10
16:02:09.755071 | PID  73278 | PPID  72996 | TID  73278 | centro_despacho | MainThread       | FIN centro de despacho (correcto)
