16:01:51.952900 | PID  73193 | PPID  72996 | TID  73193 | centro_despacho | MainThread       | INICIO centro de despacho | método=fork | trabajadores=1 x 2 hilos | generadores=4 | solicitudes=36 | cola=semaforos(36) | semilla=42 | log=evidencias/fase2/e3_w1_t2.log
16:01:51.964488 | PID  73193 | PPID  72996 | TID  73193 | centro_despacho | MainThread       | CREADO trabajador-1 -> PID 73198
16:01:51.965656 | PID  73198 | PPID  73193 | TID  73198 | trabajador-1    | MainThread       | INICIO trabajador 1 con 2 hilos despachadores
16:01:51.965857 | PID  73193 | PPID  72996 | TID  73193 | centro_despacho | MainThread       | SINCRONIZADO: 1 trabajadores listos
16:01:51.967633 | PID  73193 | PPID  72996 | TID  73204 | centro_despacho | generador-4      | RECIBIDA solicitud 28 (ráfaga 1) Ara: Tunja -> Garagoa | en cola ~0
16:01:51.967766 | PID  73198 | PPID  73193 | TID  73199 | trabajador-1    | despachador-1-1  | DESPACHO solicitud 28 (Ara: Tunja -> Garagoa) | esperó en cola 0 ms
16:01:51.967940 | PID  73198 | PPID  73193 | TID  73200 | trabajador-1    | despachador-1-2  | DESPACHO solicitud 10 (Jumbo: Paipa -> Duitama) | esperó en cola 0 ms
16:01:51.968038 | PID  73193 | PPID  72996 | TID  73204 | centro_despacho | generador-4      | RECIBIDA solicitud 29 (ráfaga 1) D1: Villa de Leyva -> Duitama | en cola ~1
16:01:51.968324 | PID  73193 | PPID  72996 | TID  73204 | centro_despacho | generador-4      | RECIBIDA solicitud 30 (ráfaga 1) Olímpica: Paipa -> Sogamoso | en cola ~3
16:01:51.968428 | PID  73193 | PPID  72996 | TID  73204 | centro_despacho | generador-4      | RECIBIDA solicitud 31 (ráfaga 1) Ara: Sogamoso -> Tunja | en cola ~4
16:01:51.968521 | PID  73193 | PPID  72996 | TID  73204 | centro_despacho | generador-4      | RECIBIDA solicitud 32 (ráfaga 1) Homecenter: Paipa -> Chiquinquirá | en cola ~5
16:01:51.968619 | PID  73193 | PPID  72996 | TID  73204 | centro_despacho | generador-4      | RECIBIDA solicitud 33 (ráfaga 1) Homecenter: Garagoa -> Sogamoso | en cola ~6
16:01:51.968709 | PID  73193 | PPID  72996 | TID  73204 | centro_despacho | generador-4      | RECIBIDA solicitud 34 (ráfaga 1) Alkosto: Chiquinquirá -> Villa de Leyva | en cola ~7
16:01:51.968793 | PID  73193 | PPID  72996 | TID  73204 | centro_despacho | generador-4      | RECIBIDA solicitud 35 (ráfaga 1) Homecenter: Tunja -> Sogamoso | en cola ~8
16:01:51.968877 | PID  73193 | PPID  72996 | TID  73204 | centro_despacho | generador-4      | RECIBIDA solicitud 36 (ráfaga 1) Homecenter: Sogamoso -> Duitama | en cola ~9
16:01:51.968952 | PID  73193 | PPID  72996 | TID  73204 | centro_despacho | generador-4      | FIN generador 4: generadas=9, bloqueos por cola llena=0 (0.000 s)
16:01:51.967899 | PID  73193 | PPID  72996 | TID  73201 | centro_despacho | generador-1      | RÁFAGA 1: 4 generadores liberados simultáneamente
16:01:51.967815 | PID  73193 | PPID  72996 | TID  73202 | centro_despacho | generador-2      | RECIBIDA solicitud 10 (ráfaga 1) Jumbo: Paipa -> Duitama | en cola ~1
16:01:51.968148 | PID  73193 | PPID  72996 | TID  73193 | centro_despacho | MainThread       | JERARQUÍA de procesos e hilos (leída de /proc):
16:01:51.968244 | PID  73193 | PPID  72996 | TID  73203 | centro_despacho | generador-3      | RECIBIDA solicitud 19 (ráfaga 1) Jumbo: Tunja -> Duitama | en cola ~2
16:01:51.969434 | PID  73193 | PPID  72996 | TID  73203 | centro_despacho | generador-3      | RECIBIDA solicitud 20 (ráfaga 1) Alkosto: Garagoa -> Paipa | en cola ~12
16:01:51.969532 | PID  73193 | PPID  72996 | TID  73203 | centro_despacho | generador-3      | RECIBIDA solicitud 21 (ráfaga 1) D1: Garagoa -> Tunja | en cola ~13
16:01:51.969634 | PID  73193 | PPID  72996 | TID  73203 | centro_despacho | generador-3      | RECIBIDA solicitud 22 (ráfaga 1) Alkosto: Paipa -> Duitama | en cola ~14
16:01:51.969732 | PID  73193 | PPID  72996 | TID  73203 | centro_despacho | generador-3      | RECIBIDA solicitud 23 (ráfaga 1) Homecenter: Duitama -> Garagoa | en cola ~15
16:01:51.969836 | PID  73193 | PPID  72996 | TID  73203 | centro_despacho | generador-3      | RECIBIDA solicitud 24 (ráfaga 1) Olímpica: Tunja -> Moniquirá | en cola ~16
16:01:51.969939 | PID  73193 | PPID  72996 | TID  73203 | centro_despacho | generador-3      | RECIBIDA solicitud 25 (ráfaga 1) Éxito: Chiquinquirá -> Duitama | en cola ~17
16:01:51.970029 | PID  73193 | PPID  72996 | TID  73203 | centro_despacho | generador-3      | RECIBIDA solicitud 26 (ráfaga 1) Alkosto: Moniquirá -> Sogamoso | en cola ~18
16:01:51.970121 | PID  73193 | PPID  72996 | TID  73203 | centro_despacho | generador-3      | RECIBIDA solicitud 27 (ráfaga 1) D1: Chiquinquirá -> Moniquirá | en cola ~19
16:01:51.970204 | PID  73193 | PPID  72996 | TID  73203 | centro_despacho | generador-3      | FIN generador 3: generadas=9, bloqueos por cola llena=0 (0.000 s)
16:01:51.969121 | PID  73193 | PPID  72996 | TID  73201 | centro_despacho | generador-1      | RECIBIDA solicitud 1 (ráfaga 1) Homecenter: Sogamoso -> Tunja | en cola ~10
16:01:51.970366 | PID  73193 | PPID  72996 | TID  73201 | centro_despacho | generador-1      | RECIBIDA solicitud 2 (ráfaga 1) Jumbo: Chiquinquirá -> Paipa | en cola ~20
16:01:51.969232 | PID  73193 | PPID  72996 | TID  73202 | centro_despacho | generador-2      | RECIBIDA solicitud 11 (ráfaga 1) Olímpica: Garagoa -> Villa de Leyva | en cola ~11
16:01:51.969325 | PID  73193 | PPID  72996 | TID  73193 | centro_despacho | MainThread       |   PID     PPID    NOMBRE           ESTADO HILOS  RSS(kB)  
16:01:51.970453 | PID  73193 | PPID  72996 | TID  73201 | centro_despacho | generador-1      | RECIBIDA solicitud 3 (ráfaga 1) Homecenter: Tunja -> Moniquirá | en cola ~21
16:01:51.970826 | PID  73193 | PPID  72996 | TID  73201 | centro_despacho | generador-1      | RECIBIDA solicitud 4 (ráfaga 1) D1: Moniquirá -> Sogamoso | en cola ~23
16:01:51.971006 | PID  73193 | PPID  72996 | TID  73201 | centro_despacho | generador-1      | RECIBIDA solicitud 5 (ráfaga 1) Éxito: Tunja -> Sogamoso | en cola ~24
16:01:51.971136 | PID  73193 | PPID  72996 | TID  73201 | centro_despacho | generador-1      | RECIBIDA solicitud 6 (ráfaga 1) Homecenter: Duitama -> Villa de Leyva | en cola ~25
16:01:51.971311 | PID  73193 | PPID  72996 | TID  73201 | centro_despacho | generador-1      | RECIBIDA solicitud 7 (ráfaga 1) Homecenter: Paipa -> Tunja | en cola ~26
16:01:51.971400 | PID  73193 | PPID  72996 | TID  73201 | centro_despacho | generador-1      | RECIBIDA solicitud 8 (ráfaga 1) D1: Villa de Leyva -> Sogamoso | en cola ~27
16:01:51.971488 | PID  73193 | PPID  72996 | TID  73201 | centro_despacho | generador-1      | RECIBIDA solicitud 9 (ráfaga 1) Ara: Chiquinquirá -> Moniquirá | en cola ~28
16:01:51.971568 | PID  73193 | PPID  72996 | TID  73201 | centro_despacho | generador-1      | FIN generador 1: generadas=9, bloqueos por cola llena=0 (0.000 s)
16:01:51.970581 | PID  73193 | PPID  72996 | TID  73202 | centro_despacho | generador-2      | RECIBIDA solicitud 12 (ráfaga 1) D1: Duitama -> Villa de Leyva | en cola ~22
16:01:51.971731 | PID  73193 | PPID  72996 | TID  73202 | centro_despacho | generador-2      | RECIBIDA solicitud 13 (ráfaga 1) Falabella: Villa de Leyva -> Moniquirá | en cola ~29
16:01:51.971823 | PID  73193 | PPID  72996 | TID  73202 | centro_despacho | generador-2      | RECIBIDA solicitud 14 (ráfaga 1) D1: Paipa -> Moniquirá | en cola ~30
16:01:51.971904 | PID  73193 | PPID  72996 | TID  73202 | centro_despacho | generador-2      | RECIBIDA solicitud 15 (ráfaga 1) Éxito: Tunja -> Paipa | en cola ~31
16:01:51.971982 | PID  73193 | PPID  72996 | TID  73202 | centro_despacho | generador-2      | RECIBIDA solicitud 16 (ráfaga 1) Jumbo: Paipa -> Moniquirá | en cola ~32
16:01:51.972061 | PID  73193 | PPID  72996 | TID  73202 | centro_despacho | generador-2      | RECIBIDA solicitud 17 (ráfaga 1) Éxito: Paipa -> Moniquirá | en cola ~33
16:01:51.972143 | PID  73193 | PPID  72996 | TID  73202 | centro_despacho | generador-2      | RECIBIDA solicitud 18 (ráfaga 1) Falabella: Tunja -> Chiquinquirá | en cola ~34
16:01:51.972204 | PID  73193 | PPID  72996 | TID  73202 | centro_despacho | generador-2      | FIN generador 2: generadas=9, bloqueos por cola llena=0 (0.000 s)
16:01:51.971237 | PID  73193 | PPID  72996 | TID  73193 | centro_despacho | MainThread       |   73193   72996   centro_despacho  R      3      23324    
16:01:51.972435 | PID  73193 | PPID  72996 | TID  73193 | centro_despacho | MainThread       |       └ TID 73193   centro_despacho  R
16:01:51.972620 | PID  73193 | PPID  72996 | TID  73193 | centro_despacho | MainThread       |   73198   73193   trabajador-1     S      3      19084    
16:01:51.972832 | PID  73193 | PPID  72996 | TID  73193 | centro_despacho | MainThread       |       └ TID 73198   trabajador-1     S
16:01:51.972896 | PID  73193 | PPID  72996 | TID  73193 | centro_despacho | MainThread       |       └ TID 73199   despachador-1-1  S
16:01:51.972953 | PID  73193 | PPID  72996 | TID  73193 | centro_despacho | MainThread       |       └ TID 73200   despachador-1-2  S
16:01:52.173668 | PID  73193 | PPID  72996 | TID  73193 | centro_despacho | MainThread       | GENERACIÓN terminada: se envían 2 centinelas (uno por hilo despachador)
16:01:52.194132 | PID  73198 | PPID  73193 | TID  73199 | trabajador-1    | despachador-1-1  | EN RUTA solicitud 28
16:01:52.196889 | PID  73198 | PPID  73193 | TID  73200 | trabajador-1    | despachador-1-2  | EN RUTA solicitud 10
16:01:52.459451 | PID  73198 | PPID  73193 | TID  73199 | trabajador-1    | despachador-1-1  | ENTREGADA solicitud 28 | servicio 492 ms
16:01:52.461060 | PID  73198 | PPID  73193 | TID  73199 | trabajador-1    | despachador-1-1  | DESPACHO solicitud 29 (D1: Villa de Leyva -> Duitama) | esperó en cola 493 ms
16:01:52.624751 | PID  73198 | PPID  73193 | TID  73200 | trabajador-1    | despachador-1-2  | ENTREGADA solicitud 10 | servicio 657 ms
16:01:52.626176 | PID  73198 | PPID  73193 | TID  73200 | trabajador-1    | despachador-1-2  | DESPACHO solicitud 19 (Jumbo: Tunja -> Duitama) | esperó en cola 658 ms
16:01:52.688474 | PID  73198 | PPID  73193 | TID  73199 | trabajador-1    | despachador-1-1  | EN RUTA solicitud 29
16:01:52.786916 | PID  73198 | PPID  73193 | TID  73200 | trabajador-1    | despachador-1-2  | EN RUTA solicitud 19
16:01:53.066370 | PID  73198 | PPID  73193 | TID  73199 | trabajador-1    | despachador-1-1  | ENTREGADA solicitud 29 | servicio 605 ms
16:01:53.067318 | PID  73198 | PPID  73193 | TID  73199 | trabajador-1    | despachador-1-1  | DESPACHO solicitud 30 (Olímpica: Paipa -> Sogamoso) | esperó en cola 1099 ms
16:01:53.071851 | PID  73198 | PPID  73193 | TID  73200 | trabajador-1    | despachador-1-2  | ENTREGADA solicitud 19 | servicio 446 ms
16:01:53.072454 | PID  73198 | PPID  73193 | TID  73200 | trabajador-1    | despachador-1-2  | DESPACHO solicitud 31 (Ara: Sogamoso -> Tunja) | esperó en cola 1104 ms
16:01:53.311310 | PID  73198 | PPID  73193 | TID  73200 | trabajador-1    | despachador-1-2  | EN RUTA solicitud 31
16:01:53.357259 | PID  73198 | PPID  73193 | TID  73199 | trabajador-1    | despachador-1-1  | EN RUTA solicitud 30
16:01:53.566161 | PID  73198 | PPID  73193 | TID  73200 | trabajador-1    | despachador-1-2  | ENTREGADA solicitud 31 | servicio 494 ms
16:01:53.567079 | PID  73198 | PPID  73193 | TID  73200 | trabajador-1    | despachador-1-2  | DESPACHO solicitud 32 (Homecenter: Paipa -> Chiquinquirá) | esperó en cola 1599 ms
16:01:53.704771 | PID  73198 | PPID  73193 | TID  73199 | trabajador-1    | despachador-1-1  | ENTREGADA solicitud 30 | servicio 637 ms
16:01:53.705742 | PID  73198 | PPID  73193 | TID  73199 | trabajador-1    | despachador-1-1  | DESPACHO solicitud 33 (Homecenter: Garagoa -> Sogamoso) | esperó en cola 1737 ms
16:01:53.861219 | PID  73198 | PPID  73193 | TID  73200 | trabajador-1    | despachador-1-2  | EN RUTA solicitud 32
16:01:53.997340 | PID  73198 | PPID  73193 | TID  73199 | trabajador-1    | despachador-1-1  | EN RUTA solicitud 33
16:01:54.199106 | PID  73198 | PPID  73193 | TID  73199 | trabajador-1    | despachador-1-1  | ENTREGADA solicitud 33 | servicio 493 ms
16:01:54.200041 | PID  73198 | PPID  73193 | TID  73199 | trabajador-1    | despachador-1-1  | DESPACHO solicitud 34 (Alkosto: Chiquinquirá -> Villa de Leyva) | esperó en cola 2231 ms
16:01:54.383066 | PID  73198 | PPID  73193 | TID  73200 | trabajador-1    | despachador-1-2  | ENTREGADA solicitud 32 | servicio 816 ms
16:01:54.383983 | PID  73198 | PPID  73193 | TID  73200 | trabajador-1    | despachador-1-2  | DESPACHO solicitud 35 (Homecenter: Tunja -> Sogamoso) | esperó en cola 2415 ms
16:01:54.391056 | PID  73198 | PPID  73193 | TID  73199 | trabajador-1    | despachador-1-1  | EN RUTA solicitud 34
16:01:54.624947 | PID  73198 | PPID  73193 | TID  73200 | trabajador-1    | despachador-1-2  | EN RUTA solicitud 35
16:01:54.891713 | PID  73198 | PPID  73193 | TID  73199 | trabajador-1    | despachador-1-1  | ENTREGADA solicitud 34 | servicio 692 ms
16:01:54.892409 | PID  73198 | PPID  73193 | TID  73199 | trabajador-1    | despachador-1-1  | DESPACHO solicitud 36 (Homecenter: Sogamoso -> Duitama) | esperó en cola 2924 ms
16:01:54.995821 | PID  73198 | PPID  73193 | TID  73200 | trabajador-1    | despachador-1-2  | ENTREGADA solicitud 35 | servicio 612 ms
16:01:54.996592 | PID  73198 | PPID  73193 | TID  73200 | trabajador-1    | despachador-1-2  | DESPACHO solicitud 1 (Homecenter: Sogamoso -> Tunja) | esperó en cola 3027 ms
16:01:55.145234 | PID  73198 | PPID  73193 | TID  73199 | trabajador-1    | despachador-1-1  | EN RUTA solicitud 36
16:01:55.219769 | PID  73198 | PPID  73193 | TID  73200 | trabajador-1    | despachador-1-2  | EN RUTA solicitud 1
16:01:55.568047 | PID  73198 | PPID  73193 | TID  73199 | trabajador-1    | despachador-1-1  | ENTREGADA solicitud 36 | servicio 676 ms
16:01:55.568942 | PID  73198 | PPID  73193 | TID  73199 | trabajador-1    | despachador-1-1  | DESPACHO solicitud 11 (Olímpica: Garagoa -> Villa de Leyva) | esperó en cola 3600 ms
16:01:55.685691 | PID  73198 | PPID  73193 | TID  73200 | trabajador-1    | despachador-1-2  | ENTREGADA solicitud 1 | servicio 689 ms
16:01:55.686615 | PID  73198 | PPID  73193 | TID  73200 | trabajador-1    | despachador-1-2  | DESPACHO solicitud 20 (Alkosto: Garagoa -> Paipa) | esperó en cola 3717 ms
16:01:55.857104 | PID  73198 | PPID  73193 | TID  73199 | trabajador-1    | despachador-1-1  | EN RUTA solicitud 11
16:01:55.898728 | PID  73198 | PPID  73193 | TID  73200 | trabajador-1    | despachador-1-2  | EN RUTA solicitud 20
16:01:56.059857 | PID  73198 | PPID  73193 | TID  73199 | trabajador-1    | despachador-1-1  | ENTREGADA solicitud 11 | servicio 491 ms
16:01:56.060612 | PID  73198 | PPID  73193 | TID  73199 | trabajador-1    | despachador-1-1  | DESPACHO solicitud 21 (D1: Garagoa -> Tunja) | esperó en cola 4091 ms
16:01:56.310474 | PID  73198 | PPID  73193 | TID  73200 | trabajador-1    | despachador-1-2  | ENTREGADA solicitud 20 | servicio 624 ms
16:01:56.311428 | PID  73198 | PPID  73193 | TID  73200 | trabajador-1    | despachador-1-2  | DESPACHO solicitud 22 (Alkosto: Paipa -> Duitama) | esperó en cola 4342 ms
16:01:56.336391 | PID  73198 | PPID  73193 | TID  73199 | trabajador-1    | despachador-1-1  | EN RUTA solicitud 21
16:01:56.495164 | PID  73198 | PPID  73193 | TID  73200 | trabajador-1    | despachador-1-2  | EN RUTA solicitud 22
16:01:56.638304 | PID  73198 | PPID  73193 | TID  73199 | trabajador-1    | despachador-1-1  | ENTREGADA solicitud 21 | servicio 578 ms
16:01:56.639350 | PID  73198 | PPID  73193 | TID  73199 | trabajador-1    | despachador-1-1  | DESPACHO solicitud 23 (Homecenter: Duitama -> Garagoa) | esperó en cola 4670 ms
16:01:56.877127 | PID  73198 | PPID  73193 | TID  73200 | trabajador-1    | despachador-1-2  | ENTREGADA solicitud 22 | servicio 566 ms
16:01:56.877892 | PID  73198 | PPID  73193 | TID  73200 | trabajador-1    | despachador-1-2  | DESPACHO solicitud 24 (Olímpica: Tunja -> Moniquirá) | esperó en cola 4908 ms
16:01:56.925496 | PID  73198 | PPID  73193 | TID  73199 | trabajador-1    | despachador-1-1  | EN RUTA solicitud 23
16:01:57.004468 | PID  73198 | PPID  73193 | TID  73200 | trabajador-1    | despachador-1-2  | EN RUTA solicitud 24
16:01:57.375420 | PID  73198 | PPID  73193 | TID  73200 | trabajador-1    | despachador-1-2  | ENTREGADA solicitud 24 | servicio 497 ms
16:01:57.376532 | PID  73198 | PPID  73193 | TID  73200 | trabajador-1    | despachador-1-2  | DESPACHO solicitud 25 (Éxito: Chiquinquirá -> Duitama) | esperó en cola 5407 ms
16:01:57.456321 | PID  73198 | PPID  73193 | TID  73199 | trabajador-1    | despachador-1-1  | ENTREGADA solicitud 23 | servicio 817 ms
16:01:57.457167 | PID  73198 | PPID  73193 | TID  73199 | trabajador-1    | despachador-1-1  | DESPACHO solicitud 26 (Alkosto: Moniquirá -> Sogamoso) | esperó en cola 5487 ms
16:01:57.552428 | PID  73198 | PPID  73193 | TID  73200 | trabajador-1    | despachador-1-2  | EN RUTA solicitud 25
16:01:57.723157 | PID  73198 | PPID  73193 | TID  73199 | trabajador-1    | despachador-1-1  | EN RUTA solicitud 26
16:01:58.151610 | PID  73198 | PPID  73193 | TID  73200 | trabajador-1    | despachador-1-2  | ENTREGADA solicitud 25 | servicio 775 ms
16:01:58.152517 | PID  73198 | PPID  73193 | TID  73200 | trabajador-1    | despachador-1-2  | DESPACHO solicitud 27 (D1: Chiquinquirá -> Moniquirá) | esperó en cola 6182 ms
16:01:58.281111 | PID  73198 | PPID  73193 | TID  73199 | trabajador-1    | despachador-1-1  | ENTREGADA solicitud 26 | servicio 824 ms
16:01:58.281918 | PID  73198 | PPID  73193 | TID  73199 | trabajador-1    | despachador-1-1  | DESPACHO solicitud 2 (Jumbo: Chiquinquirá -> Paipa) | esperó en cola 6312 ms
16:01:58.305405 | PID  73198 | PPID  73193 | TID  73200 | trabajador-1    | despachador-1-2  | EN RUTA solicitud 27
16:01:58.464722 | PID  73198 | PPID  73193 | TID  73199 | trabajador-1    | despachador-1-1  | EN RUTA solicitud 2
16:01:58.673463 | PID  73198 | PPID  73193 | TID  73199 | trabajador-1    | despachador-1-1  | ENTREGADA solicitud 2 | servicio 392 ms
16:01:58.674314 | PID  73198 | PPID  73193 | TID  73199 | trabajador-1    | despachador-1-1  | DESPACHO solicitud 3 (Homecenter: Tunja -> Moniquirá) | esperó en cola 6704 ms
16:01:58.897201 | PID  73198 | PPID  73193 | TID  73199 | trabajador-1    | despachador-1-1  | EN RUTA solicitud 3
16:01:58.898531 | PID  73198 | PPID  73193 | TID  73200 | trabajador-1    | despachador-1-2  | ENTREGADA solicitud 27 | servicio 746 ms
16:01:58.899177 | PID  73198 | PPID  73193 | TID  73200 | trabajador-1    | despachador-1-2  | DESPACHO solicitud 12 (D1: Duitama -> Villa de Leyva) | esperó en cola 6929 ms
16:01:59.012995 | PID  73198 | PPID  73193 | TID  73200 | trabajador-1    | despachador-1-2  | EN RUTA solicitud 12
16:01:59.241635 | PID  73198 | PPID  73193 | TID  73200 | trabajador-1    | despachador-1-2  | ENTREGADA solicitud 12 | servicio 342 ms
16:01:59.242465 | PID  73198 | PPID  73193 | TID  73200 | trabajador-1    | despachador-1-2  | DESPACHO solicitud 4 (D1: Moniquirá -> Sogamoso) | esperó en cola 7272 ms
16:01:59.398393 | PID  73198 | PPID  73193 | TID  73200 | trabajador-1    | despachador-1-2  | EN RUTA solicitud 4
16:01:59.464934 | PID  73198 | PPID  73193 | TID  73199 | trabajador-1    | despachador-1-1  | ENTREGADA solicitud 3 | servicio 791 ms
16:01:59.466224 | PID  73198 | PPID  73193 | TID  73199 | trabajador-1    | despachador-1-1  | DESPACHO solicitud 5 (Éxito: Tunja -> Sogamoso) | esperó en cola 7495 ms
16:01:59.678846 | PID  73198 | PPID  73193 | TID  73199 | trabajador-1    | despachador-1-1  | EN RUTA solicitud 5
16:01:59.698186 | PID  73198 | PPID  73193 | TID  73200 | trabajador-1    | despachador-1-2  | ENTREGADA solicitud 4 | servicio 456 ms
16:01:59.699232 | PID  73198 | PPID  73193 | TID  73200 | trabajador-1    | despachador-1-2  | DESPACHO solicitud 6 (Homecenter: Duitama -> Villa de Leyva) | esperó en cola 7728 ms
16:01:59.923587 | PID  73198 | PPID  73193 | TID  73200 | trabajador-1    | despachador-1-2  | EN RUTA solicitud 6
16:02:00.010658 | PID  73198 | PPID  73193 | TID  73199 | trabajador-1    | despachador-1-1  | ENTREGADA solicitud 5 | servicio 544 ms
16:02:00.011496 | PID  73198 | PPID  73193 | TID  73199 | trabajador-1    | despachador-1-1  | DESPACHO solicitud 7 (Homecenter: Paipa -> Tunja) | esperó en cola 8040 ms
16:02:00.140429 | PID  73198 | PPID  73193 | TID  73199 | trabajador-1    | despachador-1-1  | EN RUTA solicitud 7
16:02:00.182343 | PID  73198 | PPID  73193 | TID  73200 | trabajador-1    | despachador-1-2  | ENTREGADA solicitud 6 | servicio 483 ms
16:02:00.183492 | PID  73198 | PPID  73193 | TID  73200 | trabajador-1    | despachador-1-2  | DESPACHO solicitud 8 (D1: Villa de Leyva -> Sogamoso) | esperó en cola 8212 ms
16:02:00.417426 | PID  73198 | PPID  73193 | TID  73200 | trabajador-1    | despachador-1-2  | EN RUTA solicitud 8
16:02:00.585250 | PID  73198 | PPID  73193 | TID  73199 | trabajador-1    | despachador-1-1  | ENTREGADA solicitud 7 | servicio 574 ms
16:02:00.586185 | PID  73198 | PPID  73193 | TID  73199 | trabajador-1    | despachador-1-1  | DESPACHO solicitud 9 (Ara: Chiquinquirá -> Moniquirá) | esperó en cola 8615 ms
16:02:00.773355 | PID  73198 | PPID  73193 | TID  73199 | trabajador-1    | despachador-1-1  | EN RUTA solicitud 9
16:02:00.841266 | PID  73198 | PPID  73193 | TID  73200 | trabajador-1    | despachador-1-2  | ENTREGADA solicitud 8 | servicio 658 ms
16:02:00.842064 | PID  73198 | PPID  73193 | TID  73200 | trabajador-1    | despachador-1-2  | DESPACHO solicitud 13 (Falabella: Villa de Leyva -> Moniquirá) | esperó en cola 8870 ms
16:02:00.960272 | PID  73198 | PPID  73193 | TID  73200 | trabajador-1    | despachador-1-2  | EN RUTA solicitud 13
16:02:01.162129 | PID  73198 | PPID  73193 | TID  73199 | trabajador-1    | despachador-1-1  | ENTREGADA solicitud 9 | servicio 576 ms
16:02:01.163252 | PID  73198 | PPID  73193 | TID  73199 | trabajador-1    | despachador-1-1  | DESPACHO solicitud 14 (D1: Paipa -> Moniquirá) | esperó en cola 9191 ms
16:02:01.363107 | PID  73198 | PPID  73193 | TID  73200 | trabajador-1    | despachador-1-2  | ENTREGADA solicitud 13 | servicio 521 ms
16:02:01.363884 | PID  73198 | PPID  73193 | TID  73200 | trabajador-1    | despachador-1-2  | DESPACHO solicitud 15 (Éxito: Tunja -> Paipa) | esperó en cola 9392 ms
16:02:01.432364 | PID  73198 | PPID  73193 | TID  73199 | trabajador-1    | despachador-1-1  | EN RUTA solicitud 14
16:02:01.619996 | PID  73198 | PPID  73193 | TID  73200 | trabajador-1    | despachador-1-2  | EN RUTA solicitud 15
16:02:01.831175 | PID  73198 | PPID  73193 | TID  73199 | trabajador-1    | despachador-1-1  | ENTREGADA solicitud 14 | servicio 668 ms
16:02:01.832583 | PID  73198 | PPID  73193 | TID  73199 | trabajador-1    | despachador-1-1  | DESPACHO solicitud 16 (Jumbo: Paipa -> Moniquirá) | esperó en cola 9861 ms
16:02:02.077319 | PID  73198 | PPID  73193 | TID  73199 | trabajador-1    | despachador-1-1  | EN RUTA solicitud 16
16:02:02.097809 | PID  73198 | PPID  73193 | TID  73200 | trabajador-1    | despachador-1-2  | ENTREGADA solicitud 15 | servicio 734 ms
16:02:02.098742 | PID  73198 | PPID  73193 | TID  73200 | trabajador-1    | despachador-1-2  | DESPACHO solicitud 17 (Éxito: Paipa -> Moniquirá) | esperó en cola 10127 ms
16:02:02.236816 | PID  73198 | PPID  73193 | TID  73200 | trabajador-1    | despachador-1-2  | EN RUTA solicitud 17
16:02:02.648136 | PID  73198 | PPID  73193 | TID  73199 | trabajador-1    | despachador-1-1  | ENTREGADA solicitud 16 | servicio 816 ms
16:02:02.649035 | PID  73198 | PPID  73193 | TID  73199 | trabajador-1    | despachador-1-1  | DESPACHO solicitud 18 (Falabella: Tunja -> Chiquinquirá) | esperó en cola 10677 ms
16:02:02.709649 | PID  73198 | PPID  73193 | TID  73200 | trabajador-1    | despachador-1-2  | ENTREGADA solicitud 17 | servicio 611 ms
16:02:02.710637 | PID  73198 | PPID  73193 | TID  73200 | trabajador-1    | despachador-1-2  | CENTINELA recibido: el hilo termina
16:02:02.898987 | PID  73198 | PPID  73193 | TID  73199 | trabajador-1    | despachador-1-1  | EN RUTA solicitud 18
16:02:03.393627 | PID  73198 | PPID  73193 | TID  73199 | trabajador-1    | despachador-1-1  | ENTREGADA solicitud 18 | servicio 745 ms
16:02:03.393877 | PID  73198 | PPID  73193 | TID  73199 | trabajador-1    | despachador-1-1  | CENTINELA recibido: el hilo termina
16:02:03.492879 | PID  73198 | PPID  73193 | TID  73198 | trabajador-1    | MainThread       | FIN trabajador 1 | atendidas por hilo: despachador-1-1=18, despachador-1-2=18
16:02:03.594903 | PID  73193 | PPID  72996 | TID  73193 | centro_despacho | MainThread       | TERMINÓ trabajador-1 (PID 73198): exit(0)
16:02:03.646011 | PID  73193 | PPID  72996 | TID  73193 | centro_despacho | MainThread       | RESUMEN de terminación:
16:02:03.646595 | PID  73193 | PPID  72996 | TID  73193 | centro_despacho | MainThread       |   trabajador-1   PID 73198   exit(0)
16:02:03.647108 | PID  73193 | PPID  72996 | TID  73193 | centro_despacho | MainThread       | VERIFICACIÓN: procesos hijos que siguen en /proc: ninguno (sin zombis ni huérfanos)
16:02:03.647669 | PID  73193 | PPID  72996 | TID  73193 | centro_despacho | MainThread       | ESTADÍSTICAS:
16:02:03.647980 | PID  73193 | PPID  72996 | TID  73193 | centro_despacho | MainThread       |   solicitudes: generadas=36 entregadas=36 canceladas=0 no atendidas=0
16:02:03.648303 | PID  73193 | PPID  72996 | TID  73193 | centro_despacho | MainThread       |   productores: bloqueos por cola llena=0, tiempo bloqueados=0.000 s
16:02:03.648796 | PID  73193 | PPID  72996 | TID  73193 | centro_despacho | MainThread       |   espera en cola (ms): mín=0 prom=5142 máx=10677
16:02:03.649146 | PID  73193 | PPID  72996 | TID  73193 | centro_despacho | MainThread       |   servicio (s): prom=0.615 | trabajo total (suma)=22.13 s
16:02:03.649457 | PID  73193 | PPID  72996 | TID  73193 | centro_despacho | MainThread       |   tiempo total=11.43 s | rendimiento=3.15 solicitudes/s | concurrencia efectiva (trabajo/tiempo)=1.94
16:02:03.649998 | PID  73193 | PPID  72996 | TID  73193 | centro_despacho | MainThread       |   concurrencia máxima observada=2 (capacidad = 1 trabajadores x 2 hilos = 2)
16:02:03.650589 | PID  73193 | PPID  72996 | TID  73193 | centro_despacho | MainThread       |   reparto por trabajador: trabajador-1=36
16:02:03.650908 | PID  73193 | PPID  72996 | TID  73193 | centro_despacho | MainThread       |   reparto por hilo: despachador-1-1=18, despachador-1-2=18
16:02:03.651266 | PID  73193 | PPID  72996 | TID  73193 | centro_despacho | MainThread       |   CPU: principal=0.12 s, trabajadores=0.11 s | tiempo real=11.69 s | uso medio de CPU de los trabajadores=0.9 %
16:02:03.651597 | PID  73193 | PPID  72996 | TID  73193 | centro_despacho | MainThread       |   cambios de contexto trabajadores: voluntarios=373, involuntarios=5
16:02:03.651933 | PID  73193 | PPID  72996 | TID  73193 | centro_despacho | MainThread       | FIN centro de despacho (correcto)
