16:02:43.237361 | PID  73853 | PPID  73634 | TID  73853 | centro_despacho | MainThread       | INICIO centro de despacho | método=fork | trabajadores=1 x 3 hilos | generadores=3 | solicitudes=30 | cola=semaforos(30) | semilla=42 | log=evidencias/fase2/e4_k30.log
16:02:43.248564 | PID  73853 | PPID  73634 | TID  73853 | centro_despacho | MainThread       | CREADO trabajador-1 -> PID 73854
16:02:43.250091 | PID  73854 | PPID  73853 | TID  73854 | trabajador-1    | MainThread       | INICIO trabajador 1 con 3 hilos despachadores
16:02:43.250339 | PID  73853 | PPID  73634 | TID  73853 | centro_despacho | MainThread       | SINCRONIZADO: 1 trabajadores listos
16:02:43.252150 | PID  73853 | PPID  73634 | TID  73860 | centro_despacho | generador-3      | RECIBIDA solicitud 21 (ráfaga 1) Jumbo: Tunja -> Duitama | en cola ~0
16:02:43.252289 | PID  73854 | PPID  73853 | TID  73855 | trabajador-1    | despachador-1-1  | DESPACHO solicitud 21 (Jumbo: Tunja -> Duitama) | esperó en cola 0 ms
16:02:43.252478 | PID  73853 | PPID  73634 | TID  73860 | centro_despacho | generador-3      | RECIBIDA solicitud 22 (ráfaga 1) Alkosto: Garagoa -> Paipa | en cola ~1
16:02:43.252613 | PID  73854 | PPID  73853 | TID  73857 | trabajador-1    | despachador-1-3  | DESPACHO solicitud 22 (Alkosto: Garagoa -> Paipa) | esperó en cola 0 ms
16:02:43.252473 | PID  73854 | PPID  73853 | TID  73856 | trabajador-1    | despachador-1-2  | DESPACHO solicitud 11 (Jumbo: Paipa -> Duitama) | esperó en cola 0 ms
16:02:43.252791 | PID  73853 | PPID  73634 | TID  73860 | centro_despacho | generador-3      | RECIBIDA solicitud 23 (ráfaga 1) D1: Garagoa -> Tunja | en cola ~1
16:02:43.252917 | PID  73853 | PPID  73634 | TID  73860 | centro_despacho | generador-3      | RECIBIDA solicitud 24 (ráfaga 1) Alkosto: Paipa -> Duitama | en cola ~2
16:02:43.253041 | PID  73853 | PPID  73634 | TID  73860 | centro_despacho | generador-3      | RECIBIDA solicitud 25 (ráfaga 1) Homecenter: Duitama -> Garagoa | en cola ~3
16:02:43.253147 | PID  73853 | PPID  73634 | TID  73860 | centro_despacho | generador-3      | RECIBIDA solicitud 26 (ráfaga 1) Olímpica: Tunja -> Moniquirá | en cola ~4
16:02:43.253251 | PID  73853 | PPID  73634 | TID  73860 | centro_despacho | generador-3      | RECIBIDA solicitud 27 (ráfaga 1) Éxito: Chiquinquirá -> Duitama | en cola ~5
16:02:43.253335 | PID  73853 | PPID  73634 | TID  73860 | centro_despacho | generador-3      | RECIBIDA solicitud 28 (ráfaga 1) Alkosto: Moniquirá -> Sogamoso | en cola ~6
16:02:43.253417 | PID  73853 | PPID  73634 | TID  73860 | centro_despacho | generador-3      | RECIBIDA solicitud 29 (ráfaga 1) D1: Chiquinquirá -> Moniquirá | en cola ~7
16:02:43.253502 | PID  73853 | PPID  73634 | TID  73860 | centro_despacho | generador-3      | RECIBIDA solicitud 30 (ráfaga 1) Éxito: Moniquirá -> Duitama | en cola ~8
16:02:43.252351 | PID  73853 | PPID  73634 | TID  73859 | centro_despacho | generador-2      | RECIBIDA solicitud 11 (ráfaga 1) Jumbo: Paipa -> Duitama | en cola ~1
16:02:43.252591 | PID  73853 | PPID  73634 | TID  73858 | centro_despacho | generador-1      | RÁFAGA 1: 3 generadores liberados simultáneamente
16:02:43.252677 | PID  73853 | PPID  73634 | TID  73853 | centro_despacho | MainThread       | JERARQUÍA de procesos e hilos (leída de /proc):
16:02:43.253911 | PID  73853 | PPID  73634 | TID  73853 | centro_despacho | MainThread       |   PID     PPID    NOMBRE           ESTADO HILOS  RSS(kB)  
16:02:43.253706 | PID  73853 | PPID  73634 | TID  73859 | centro_despacho | generador-2      | RECIBIDA solicitud 12 (ráfaga 1) Olímpica: Garagoa -> Villa de Leyva | en cola ~9
16:02:43.254149 | PID  73853 | PPID  73634 | TID  73859 | centro_despacho | generador-2      | RECIBIDA solicitud 13 (ráfaga 1) D1: Duitama -> Villa de Leyva | en cola ~11
16:02:43.254253 | PID  73853 | PPID  73634 | TID  73859 | centro_despacho | generador-2      | RECIBIDA solicitud 14 (ráfaga 1) Falabella: Villa de Leyva -> Moniquirá | en cola ~12
16:02:43.254422 | PID  73853 | PPID  73634 | TID  73859 | centro_despacho | generador-2      | RECIBIDA solicitud 15 (ráfaga 1) D1: Paipa -> Moniquirá | en cola ~13
16:02:43.254531 | PID  73853 | PPID  73634 | TID  73859 | centro_despacho | generador-2      | RECIBIDA solicitud 16 (ráfaga 1) Éxito: Tunja -> Paipa | en cola ~14
16:02:43.253590 | PID  73853 | PPID  73634 | TID  73860 | centro_despacho | generador-3      | FIN generador 3: generadas=10, bloqueos por cola llena=0 (0.000 s)
16:02:43.253821 | PID  73853 | PPID  73634 | TID  73858 | centro_despacho | generador-1      | RECIBIDA solicitud 1 (ráfaga 1) Homecenter: Sogamoso -> Tunja | en cola ~10
16:02:43.254967 | PID  73853 | PPID  73634 | TID  73858 | centro_despacho | generador-1      | RECIBIDA solicitud 2 (ráfaga 1) Jumbo: Chiquinquirá -> Paipa | en cola ~16
16:02:43.255053 | PID  73853 | PPID  73634 | TID  73858 | centro_despacho | generador-1      | RECIBIDA solicitud 3 (ráfaga 1) Homecenter: Tunja -> Moniquirá | en cola ~17
16:02:43.255129 | PID  73853 | PPID  73634 | TID  73858 | centro_despacho | generador-1      | RECIBIDA solicitud 4 (ráfaga 1) D1: Moniquirá -> Sogamoso | en cola ~18
16:02:43.255212 | PID  73853 | PPID  73634 | TID  73858 | centro_despacho | generador-1      | RECIBIDA solicitud 5 (ráfaga 1) Éxito: Tunja -> Sogamoso | en cola ~19
16:02:43.255286 | PID  73853 | PPID  73634 | TID  73858 | centro_despacho | generador-1      | RECIBIDA solicitud 6 (ráfaga 1) Homecenter: Duitama -> Villa de Leyva | en cola ~20
16:02:43.255360 | PID  73853 | PPID  73634 | TID  73858 | centro_despacho | generador-1      | RECIBIDA solicitud 7 (ráfaga 1) Homecenter: Paipa -> Tunja | en cola ~21
16:02:43.255429 | PID  73853 | PPID  73634 | TID  73858 | centro_despacho | generador-1      | RECIBIDA solicitud 8 (ráfaga 1) D1: Villa de Leyva -> Sogamoso | en cola ~22
16:02:43.255500 | PID  73853 | PPID  73634 | TID  73858 | centro_despacho | generador-1      | RECIBIDA solicitud 9 (ráfaga 1) Ara: Chiquinquirá -> Moniquirá | en cola ~23
16:02:43.255589 | PID  73853 | PPID  73634 | TID  73858 | centro_despacho | generador-1      | RECIBIDA solicitud 10 (ráfaga 1) Ara: Garagoa -> Tunja | en cola ~24
16:02:43.255647 | PID  73853 | PPID  73634 | TID  73858 | centro_despacho | generador-1      | FIN generador 1: generadas=10, bloqueos por cola llena=0 (0.000 s)
16:02:43.254676 | PID  73853 | PPID  73634 | TID  73859 | centro_despacho | generador-2      | RECIBIDA solicitud 17 (ráfaga 1) Jumbo: Paipa -> Moniquirá | en cola ~15
16:02:43.255821 | PID  73853 | PPID  73634 | TID  73859 | centro_despacho | generador-2      | RECIBIDA solicitud 18 (ráfaga 1) Éxito: Paipa -> Moniquirá | en cola ~25
16:02:43.254816 | PID  73853 | PPID  73634 | TID  73853 | centro_despacho | MainThread       |   73853   73634   centro_despacho  R      4      23084    
16:02:43.255922 | PID  73853 | PPID  73634 | TID  73859 | centro_despacho | generador-2      | RECIBIDA solicitud 19 (ráfaga 1) Falabella: Tunja -> Chiquinquirá | en cola ~26
16:02:43.256092 | PID  73853 | PPID  73634 | TID  73859 | centro_despacho | generador-2      | RECIBIDA solicitud 20 (ráfaga 1) Ara: Tunja -> Moniquirá | en cola ~27
16:02:43.256186 | PID  73853 | PPID  73634 | TID  73859 | centro_despacho | generador-2      | FIN generador 2: generadas=10, bloqueos por cola llena=0 (0.000 s)
16:02:43.256349 | PID  73853 | PPID  73634 | TID  73853 | centro_despacho | MainThread       |       └ TID 73853   centro_despacho  R
16:02:43.256531 | PID  73853 | PPID  73634 | TID  73853 | centro_despacho | MainThread       |   73854   73853   trabajador-1     S      4      19044    
16:02:43.256782 | PID  73853 | PPID  73634 | TID  73853 | centro_despacho | MainThread       |       └ TID 73854   trabajador-1     S
16:02:43.256847 | PID  73853 | PPID  73634 | TID  73853 | centro_despacho | MainThread       |       └ TID 73855   despachador-1-1  S
16:02:43.256901 | PID  73853 | PPID  73634 | TID  73853 | centro_despacho | MainThread       |       └ TID 73856   despachador-1-2  S
16:02:43.256951 | PID  73853 | PPID  73634 | TID  73853 | centro_despacho | MainThread       |       └ TID 73857   despachador-1-3  S
16:02:43.412757 | PID  73854 | PPID  73853 | TID  73855 | trabajador-1    | despachador-1-1  | EN RUTA solicitud 21
16:02:43.457731 | PID  73853 | PPID  73634 | TID  73853 | centro_despacho | MainThread       | GENERACIÓN terminada: se envían 3 centinelas (uno por hilo despachador)
16:02:43.463898 | PID  73854 | PPID  73853 | TID  73857 | trabajador-1    | despachador-1-3  | EN RUTA solicitud 22
16:02:43.479984 | PID  73854 | PPID  73853 | TID  73856 | trabajador-1    | despachador-1-2  | EN RUTA solicitud 11
16:02:43.699812 | PID  73854 | PPID  73853 | TID  73855 | trabajador-1    | despachador-1-1  | ENTREGADA solicitud 21 | servicio 447 ms
16:02:43.701048 | PID  73854 | PPID  73853 | TID  73855 | trabajador-1    | despachador-1-1  | DESPACHO solicitud 23 (D1: Garagoa -> Tunja) | esperó en cola 448 ms
16:02:43.875642 | PID  73854 | PPID  73853 | TID  73857 | trabajador-1    | despachador-1-3  | ENTREGADA solicitud 22 | servicio 623 ms
16:02:43.876767 | PID  73854 | PPID  73853 | TID  73857 | trabajador-1    | despachador-1-3  | DESPACHO solicitud 24 (Alkosto: Paipa -> Duitama) | esperó en cola 624 ms
16:02:43.907854 | PID  73854 | PPID  73853 | TID  73856 | trabajador-1    | despachador-1-2  | ENTREGADA solicitud 11 | servicio 655 ms
16:02:43.908835 | PID  73854 | PPID  73853 | TID  73856 | trabajador-1    | despachador-1-2  | DESPACHO solicitud 25 (Homecenter: Duitama -> Garagoa) | esperó en cola 656 ms
16:02:43.976988 | PID  73854 | PPID  73853 | TID  73855 | trabajador-1    | despachador-1-1  | EN RUTA solicitud 23
16:02:44.060595 | PID  73854 | PPID  73853 | TID  73857 | trabajador-1    | despachador-1-3  | EN RUTA solicitud 24
16:02:44.194930 | PID  73854 | PPID  73853 | TID  73856 | trabajador-1    | despachador-1-2  | EN RUTA solicitud 25
16:02:44.278677 | PID  73854 | PPID  73853 | TID  73855 | trabajador-1    | despachador-1-1  | ENTREGADA solicitud 23 | servicio 578 ms
16:02:44.279797 | PID  73854 | PPID  73853 | TID  73855 | trabajador-1    | despachador-1-1  | DESPACHO solicitud 26 (Olímpica: Tunja -> Moniquirá) | esperó en cola 1027 ms
16:02:44.406734 | PID  73854 | PPID  73853 | TID  73855 | trabajador-1    | despachador-1-1  | EN RUTA solicitud 26
16:02:44.442442 | PID  73854 | PPID  73853 | TID  73857 | trabajador-1    | despachador-1-3  | ENTREGADA solicitud 24 | servicio 566 ms
16:02:44.443573 | PID  73854 | PPID  73853 | TID  73857 | trabajador-1    | despachador-1-3  | DESPACHO solicitud 27 (Éxito: Chiquinquirá -> Duitama) | esperó en cola 1190 ms
16:02:44.619461 | PID  73854 | PPID  73853 | TID  73857 | trabajador-1    | despachador-1-3  | EN RUTA solicitud 27
16:02:44.725726 | PID  73854 | PPID  73853 | TID  73856 | trabajador-1    | despachador-1-2  | ENTREGADA solicitud 25 | servicio 817 ms
16:02:44.726941 | PID  73854 | PPID  73853 | TID  73856 | trabajador-1    | despachador-1-2  | DESPACHO solicitud 28 (Alkosto: Moniquirá -> Sogamoso) | esperó en cola 1474 ms
16:02:44.777748 | PID  73854 | PPID  73853 | TID  73855 | trabajador-1    | despachador-1-1  | ENTREGADA solicitud 26 | servicio 498 ms
16:02:44.778254 | PID  73854 | PPID  73853 | TID  73855 | trabajador-1    | despachador-1-1  | DESPACHO solicitud 29 (D1: Chiquinquirá -> Moniquirá) | esperó en cola 1525 ms
16:02:44.931160 | PID  73854 | PPID  73853 | TID  73855 | trabajador-1    | despachador-1-1  | EN RUTA solicitud 29
16:02:44.993080 | PID  73854 | PPID  73853 | TID  73856 | trabajador-1    | despachador-1-2  | EN RUTA solicitud 28
16:02:45.218451 | PID  73854 | PPID  73853 | TID  73857 | trabajador-1    | despachador-1-3  | ENTREGADA solicitud 27 | servicio 775 ms
16:02:45.219393 | PID  73854 | PPID  73853 | TID  73857 | trabajador-1    | despachador-1-3  | DESPACHO solicitud 30 (Éxito: Moniquirá -> Duitama) | esperó en cola 1966 ms
16:02:45.441528 | PID  73854 | PPID  73853 | TID  73857 | trabajador-1    | despachador-1-3  | EN RUTA solicitud 30
16:02:45.524033 | PID  73854 | PPID  73853 | TID  73855 | trabajador-1    | despachador-1-1  | ENTREGADA solicitud 29 | servicio 746 ms
16:02:45.525335 | PID  73854 | PPID  73853 | TID  73855 | trabajador-1    | despachador-1-1  | DESPACHO solicitud 12 (Olímpica: Garagoa -> Villa de Leyva) | esperó en cola 2272 ms
16:02:45.551123 | PID  73854 | PPID  73853 | TID  73856 | trabajador-1    | despachador-1-2  | ENTREGADA solicitud 28 | servicio 824 ms
16:02:45.552172 | PID  73854 | PPID  73853 | TID  73856 | trabajador-1    | despachador-1-2  | DESPACHO solicitud 1 (Homecenter: Sogamoso -> Tunja) | esperó en cola 2298 ms
16:02:45.775281 | PID  73854 | PPID  73853 | TID  73856 | trabajador-1    | despachador-1-2  | EN RUTA solicitud 1
16:02:45.813045 | PID  73854 | PPID  73853 | TID  73855 | trabajador-1    | despachador-1-1  | EN RUTA solicitud 12
16:02:45.888418 | PID  73854 | PPID  73853 | TID  73857 | trabajador-1    | despachador-1-3  | ENTREGADA solicitud 30 | servicio 669 ms
16:02:45.889185 | PID  73854 | PPID  73853 | TID  73857 | trabajador-1    | despachador-1-3  | DESPACHO solicitud 13 (D1: Duitama -> Villa de Leyva) | esperó en cola 2635 ms
16:02:46.003212 | PID  73854 | PPID  73853 | TID  73857 | trabajador-1    | despachador-1-3  | EN RUTA solicitud 13
16:02:46.015771 | PID  73854 | PPID  73853 | TID  73855 | trabajador-1    | despachador-1-1  | ENTREGADA solicitud 12 | servicio 490 ms
16:02:46.016610 | PID  73854 | PPID  73853 | TID  73855 | trabajador-1    | despachador-1-1  | DESPACHO solicitud 14 (Falabella: Villa de Leyva -> Moniquirá) | esperó en cola 2762 ms
16:02:46.134667 | PID  73854 | PPID  73853 | TID  73855 | trabajador-1    | despachador-1-1  | EN RUTA solicitud 14
16:02:46.232280 | PID  73854 | PPID  73853 | TID  73857 | trabajador-1    | despachador-1-3  | ENTREGADA solicitud 13 | servicio 343 ms
16:02:46.233004 | PID  73854 | PPID  73853 | TID  73857 | trabajador-1    | despachador-1-3  | DESPACHO solicitud 15 (D1: Paipa -> Moniquirá) | esperó en cola 2979 ms
16:02:46.241076 | PID  73854 | PPID  73853 | TID  73856 | trabajador-1    | despachador-1-2  | ENTREGADA solicitud 1 | servicio 689 ms
16:02:46.241751 | PID  73854 | PPID  73853 | TID  73856 | trabajador-1    | despachador-1-2  | DESPACHO solicitud 16 (Éxito: Tunja -> Paipa) | esperó en cola 2987 ms
16:02:46.497517 | PID  73854 | PPID  73853 | TID  73856 | trabajador-1    | despachador-1-2  | EN RUTA solicitud 16
16:02:46.501753 | PID  73854 | PPID  73853 | TID  73857 | trabajador-1    | despachador-1-3  | EN RUTA solicitud 15
16:02:46.537303 | PID  73854 | PPID  73853 | TID  73855 | trabajador-1    | despachador-1-1  | ENTREGADA solicitud 14 | servicio 521 ms
16:02:46.537580 | PID  73854 | PPID  73853 | TID  73855 | trabajador-1    | despachador-1-1  | DESPACHO solicitud 17 (Jumbo: Paipa -> Moniquirá) | esperó en cola 3283 ms
16:02:46.781942 | PID  73854 | PPID  73853 | TID  73855 | trabajador-1    | despachador-1-1  | EN RUTA solicitud 17
16:02:46.900035 | PID  73854 | PPID  73853 | TID  73857 | trabajador-1    | despachador-1-3  | ENTREGADA solicitud 15 | servicio 667 ms
16:02:46.900411 | PID  73854 | PPID  73853 | TID  73857 | trabajador-1    | despachador-1-3  | DESPACHO solicitud 2 (Jumbo: Chiquinquirá -> Paipa) | esperó en cola 3645 ms
16:02:46.975273 | PID  73854 | PPID  73853 | TID  73856 | trabajador-1    | despachador-1-2  | ENTREGADA solicitud 16 | servicio 734 ms
16:02:46.976199 | PID  73854 | PPID  73853 | TID  73856 | trabajador-1    | despachador-1-2  | DESPACHO solicitud 3 (Homecenter: Tunja -> Moniquirá) | esperó en cola 3721 ms
16:02:47.082905 | PID  73854 | PPID  73853 | TID  73857 | trabajador-1    | despachador-1-3  | EN RUTA solicitud 2
16:02:47.198915 | PID  73854 | PPID  73853 | TID  73856 | trabajador-1    | despachador-1-2  | EN RUTA solicitud 3
16:02:47.291866 | PID  73854 | PPID  73853 | TID  73857 | trabajador-1    | despachador-1-3  | ENTREGADA solicitud 2 | servicio 391 ms
16:02:47.292900 | PID  73854 | PPID  73853 | TID  73857 | trabajador-1    | despachador-1-3  | DESPACHO solicitud 4 (D1: Moniquirá -> Sogamoso) | esperó en cola 4038 ms
16:02:47.352777 | PID  73854 | PPID  73853 | TID  73855 | trabajador-1    | despachador-1-1  | ENTREGADA solicitud 17 | servicio 815 ms
16:02:47.353705 | PID  73854 | PPID  73853 | TID  73855 | trabajador-1    | despachador-1-1  | DESPACHO solicitud 5 (Éxito: Tunja -> Sogamoso) | esperó en cola 4098 ms
16:02:47.449259 | PID  73854 | PPID  73853 | TID  73857 | trabajador-1    | despachador-1-3  | EN RUTA solicitud 4
16:02:47.566678 | PID  73854 | PPID  73853 | TID  73855 | trabajador-1    | despachador-1-1  | EN RUTA solicitud 5
16:02:47.749138 | PID  73854 | PPID  73853 | TID  73857 | trabajador-1    | despachador-1-3  | ENTREGADA solicitud 4 | servicio 456 ms
16:02:47.750697 | PID  73854 | PPID  73853 | TID  73857 | trabajador-1    | despachador-1-3  | DESPACHO solicitud 6 (Homecenter: Duitama -> Villa de Leyva) | esperó en cola 4495 ms
16:02:47.766934 | PID  73854 | PPID  73853 | TID  73856 | trabajador-1    | despachador-1-2  | ENTREGADA solicitud 3 | servicio 791 ms
16:02:47.768439 | PID  73854 | PPID  73853 | TID  73856 | trabajador-1    | despachador-1-2  | DESPACHO solicitud 7 (Homecenter: Paipa -> Tunja) | esperó en cola 4513 ms
16:02:47.897199 | PID  73854 | PPID  73853 | TID  73856 | trabajador-1    | despachador-1-2  | EN RUTA solicitud 7
16:02:47.898372 | PID  73854 | PPID  73853 | TID  73855 | trabajador-1    | despachador-1-1  | ENTREGADA solicitud 5 | servicio 545 ms
16:02:47.899338 | PID  73854 | PPID  73853 | TID  73855 | trabajador-1    | despachador-1-1  | DESPACHO solicitud 8 (D1: Villa de Leyva -> Sogamoso) | esperó en cola 4644 ms
16:02:47.974462 | PID  73854 | PPID  73853 | TID  73857 | trabajador-1    | despachador-1-3  | EN RUTA solicitud 6
16:02:48.133668 | PID  73854 | PPID  73853 | TID  73855 | trabajador-1    | despachador-1-1  | EN RUTA solicitud 8
16:02:48.233296 | PID  73854 | PPID  73853 | TID  73857 | trabajador-1    | despachador-1-3  | ENTREGADA solicitud 6 | servicio 483 ms
16:02:48.234047 | PID  73854 | PPID  73853 | TID  73857 | trabajador-1    | despachador-1-3  | DESPACHO solicitud 9 (Ara: Chiquinquirá -> Moniquirá) | esperó en cola 4979 ms
16:02:48.342050 | PID  73854 | PPID  73853 | TID  73856 | trabajador-1    | despachador-1-2  | ENTREGADA solicitud 7 | servicio 574 ms
16:02:48.343132 | PID  73854 | PPID  73853 | TID  73856 | trabajador-1    | despachador-1-2  | DESPACHO solicitud 10 (Ara: Garagoa -> Tunja) | esperó en cola 5088 ms
16:02:48.420771 | PID  73854 | PPID  73853 | TID  73857 | trabajador-1    | despachador-1-3  | EN RUTA solicitud 9
16:02:48.526678 | PID  73854 | PPID  73853 | TID  73856 | trabajador-1    | despachador-1-2  | EN RUTA solicitud 10
16:02:48.557402 | PID  73854 | PPID  73853 | TID  73855 | trabajador-1    | despachador-1-1  | ENTREGADA solicitud 8 | servicio 658 ms
16:02:48.558393 | PID  73854 | PPID  73853 | TID  73855 | trabajador-1    | despachador-1-1  | DESPACHO solicitud 18 (Éxito: Paipa -> Moniquirá) | esperó en cola 5303 ms
16:02:48.696339 | PID  73854 | PPID  73853 | TID  73855 | trabajador-1    | despachador-1-1  | EN RUTA solicitud 18
16:02:48.809368 | PID  73854 | PPID  73853 | TID  73857 | trabajador-1    | despachador-1-3  | ENTREGADA solicitud 9 | servicio 575 ms
16:02:48.810464 | PID  73854 | PPID  73853 | TID  73857 | trabajador-1    | despachador-1-3  | DESPACHO solicitud 19 (Falabella: Tunja -> Chiquinquirá) | esperó en cola 5554 ms
16:02:48.940386 | PID  73854 | PPID  73853 | TID  73856 | trabajador-1    | despachador-1-2  | ENTREGADA solicitud 10 | servicio 597 ms
16:02:48.941309 | PID  73854 | PPID  73853 | TID  73856 | trabajador-1    | despachador-1-2  | DESPACHO solicitud 20 (Ara: Tunja -> Moniquirá) | esperó en cola 5685 ms
16:02:49.060603 | PID  73854 | PPID  73853 | TID  73857 | trabajador-1    | despachador-1-3  | EN RUTA solicitud 19
16:02:49.169354 | PID  73854 | PPID  73853 | TID  73855 | trabajador-1    | despachador-1-1  | ENTREGADA solicitud 18 | servicio 611 ms
16:02:49.170198 | PID  73854 | PPID  73853 | TID  73855 | trabajador-1    | despachador-1-1  | CENTINELA recibido: el hilo termina
16:02:49.212319 | PID  73854 | PPID  73853 | TID  73856 | trabajador-1    | despachador-1-2  | EN RUTA solicitud 20
16:02:49.555247 | PID  73854 | PPID  73853 | TID  73857 | trabajador-1    | despachador-1-3  | ENTREGADA solicitud 19 | servicio 745 ms
16:02:49.556071 | PID  73854 | PPID  73853 | TID  73857 | trabajador-1    | despachador-1-3  | CENTINELA recibido: el hilo termina
16:02:49.592129 | PID  73854 | PPID  73853 | TID  73856 | trabajador-1    | despachador-1-2  | ENTREGADA solicitud 20 | servicio 651 ms
16:02:49.593839 | PID  73854 | PPID  73853 | TID  73856 | trabajador-1    | despachador-1-2  | CENTINELA recibido: el hilo termina
16:02:49.662706 | PID  73854 | PPID  73853 | TID  73854 | trabajador-1    | MainThread       | FIN trabajador 1 | atendidas por hilo: despachador-1-1=10, despachador-1-2=9, despachador-1-3=11
16:02:49.794735 | PID  73853 | PPID  73634 | TID  73853 | centro_despacho | MainThread       | TERMINÓ trabajador-1 (PID 73854): exit(0)
16:02:49.845687 | PID  73853 | PPID  73634 | TID  73853 | centro_despacho | MainThread       | RESUMEN de terminación:
16:02:49.846345 | PID  73853 | PPID  73634 | TID  73853 | centro_despacho | MainThread       |   trabajador-1   PID 73854   exit(0)
16:02:49.846939 | PID  73853 | PPID  73634 | TID  73853 | centro_despacho | MainThread       | VERIFICACIÓN: procesos hijos que siguen en /proc: ninguno (sin zombis ni huérfanos)
16:02:49.847741 | PID  73853 | PPID  73634 | TID  73853 | centro_despacho | MainThread       | ESTADÍSTICAS:
16:02:49.848225 | PID  73853 | PPID  73634 | TID  73853 | centro_despacho | MainThread       |   solicitudes: generadas=30 entregadas=30 canceladas=0 no atendidas=0
16:02:49.848679 | PID  73853 | PPID  73634 | TID  73853 | centro_despacho | MainThread       |   productores: bloqueos por cola llena=0, tiempo bloqueados=0.000 s
16:02:49.849285 | PID  73853 | PPID  73634 | TID  73853 | centro_despacho | MainThread       |   espera en cola (ms): mín=0 prom=2796 máx=5685
16:02:49.849679 | PID  73853 | PPID  73634 | TID  73853 | centro_despacho | MainThread       |   servicio (s): prom=0.618 | trabajo total (suma)=18.53 s
16:02:49.849990 | PID  73853 | PPID  73634 | TID  73853 | centro_despacho | MainThread       |   tiempo total=6.34 s | rendimiento=4.73 solicitudes/s | concurrencia efectiva (trabajo/tiempo)=2.92
16:02:49.850381 | PID  73853 | PPID  73634 | TID  73853 | centro_despacho | MainThread       |   concurrencia máxima observada=3 (capacidad = 1 trabajadores x 3 hilos = 3)
16:02:49.850883 | PID  73853 | PPID  73634 | TID  73853 | centro_despacho | MainThread       |   reparto por trabajador: trabajador-1=30
16:02:49.851219 | PID  73853 | PPID  73634 | TID  73853 | centro_despacho | MainThread       |   reparto por hilo: despachador-1-1=10, despachador-1-2=9, despachador-1-3=11
16:02:49.851524 | PID  73853 | PPID  73634 | TID  73853 | centro_despacho | MainThread       |   CPU: principal=0.11 s, trabajadores=0.09 s | tiempo real=6.60 s | uso medio de CPU de los trabajadores=1.4 %
16:02:49.851826 | PID  73853 | PPID  73634 | TID  73853 | centro_despacho | MainThread       |   cambios de contexto trabajadores: voluntarios=262, involuntarios=12
16:02:49.852069 | PID  73853 | PPID  73634 | TID  73853 | centro_despacho | MainThread       | FIN centro de despacho (correcto)
